<html>
<body>
<pre>
<h1>µVision Build Log</h1>
<h2>Tool Versions:</h2>
IDE-Version: ¦ÌVision V5.36.0.0
Copyright (C) 2021 ARM Ltd and ARM Germany GmbH. All rights reserved.
License Information: . kun, ., LIC=----
 
Tool Versions:
Toolchain:       MDK-Lite  Version: 5.36.0.0
Toolchain Path:  D:\Keil_v5\ARM\ARMCC\Bin
C Compiler:      Armcc.exe V5.06 update 7 (build 960)
Assembler:       Armasm.exe V5.06 update 7 (build 960)
Linker/Locator:  ArmLink.exe V5.06 update 7 (build 960)
Library Manager: ArmAr.exe V5.06 update 7 (build 960)
Hex Converter:   FromElf.exe V5.06 update 7 (build 960)
CPU DLL:         SARMCM3.DLL V5.36.0.0
Dialog DLL:      DCM.DLL V1.17.3.0
Target DLL:      Segger\JL2CM3.dll V2.99.40.0
Dialog DLL:      TCM.DLL V1.53.0.0
 
<h2>Project:</h2>
C:\Users\kun\Desktop\smart-car-Summer-holiday\movement_control\project\GD32_HCSR04.uvprojx
Project File Date:  07/08/2024

<h2>Output:</h2>
*** Using Compiler 'V5.06 update 7 (build 960)', folder: 'D:\Keil_v5\ARM\ARMCC\Bin'
Rebuild target 'Target 1'
assembling startup_gd32f10x_md.s...
compiling gd32f10x_crc.c...
compiling gd32f10x_enet.c...
compiling gd32f10x_exti.c...
compiling gd32f10x_exmc.c...
compiling gd32f10x_adc.c...
compiling gd32f10x_can.c...
compiling gd32f10x_dma.c...
compiling gd32f10x_bkp.c...
compiling gd32f10x_dac.c...
compiling gd32f10x_dbg.c...
compiling system_gd32f10x.c...
compiling gd32f10x_fwdgt.c...
compiling gd32f10x_fmc.c...
compiling gd32f10x_gpio.c...
compiling gd32f10x_pmu.c...
compiling gd32f10x_misc.c...
compiling gd32f10x_i2c.c...
compiling gd32f10x_spi.c...
compiling gd32f10x_rtc.c...
compiling pid.c...
..\User\pid.h(10): warning:  #1-D: last line of file ends without a newline
  #endif
..\User\pid.c: 1 warning, 0 errors
compiling gd32f10x_sdio.c...
compiling gd32f10x_rcu.c...
compiling gd32f10x_timer.c...
compiling gd32f10x_usart.c...
compiling gd32f10x_wwdgt.c...
compiling systick.c...
compiling gd32f10x_it.c...
..\User\gd32f10x_it.c(170): warning:  #177-D: variable "receive_flag"  was declared but never referenced
      static int32_t receive_flag = 0;
..\User\gd32f10x_it.c: 1 warning, 0 errors
compiling main.c...
..\User\pid.h(10): warning:  #1-D: last line of file ends without a newline
  #endif
..\User\main.c(286): warning:  #1-D: last line of file ends without a newline
  }
..\User\main.c(129): warning:  #550-D: variable "Enc2"  was set but never used
  	int32_t Enc2 = 0; //behind-right wheel
..\User\main.c(143): warning:  #177-D: variable "sensor_Value"  was declared but never referenced
  	uint8_t sensor_Value[4];
..\User\main.c(148): warning:  #550-D: variable "turn_flag"  was set but never used
  	int32_t turn_flag = 0;
..\User\main.c(150): warning:  #550-D: variable "search_time"  was set but never used
  	int32_t search_time = 0;
..\User\main.c(151): warning:  #177-D: variable "counter"  was declared but never referenced
  	int counter = 0;
..\User\main.c(152): warning:  #177-D: variable "status"  was declared but never referenced
  	int status = 0;  // status 0: avoiding obstacle; status 1: tracking
..\User\main.c: 8 warnings, 0 errors
compiling led_driver.c...
compiling key_driver.c...
compiling oled_driver.c...
compiling enc_driver.c...
compiling tim_driver.c...
compiling uart_driver.c...
compiling pwm_driver.c...
compiling Photoelectric.c...
compiling hcsr04_driver.c...
linking...
Program Size: Code=10918 RO-data=2366 RW-data=52 ZI-data=1212  
FromELF: creating hex file...
".\Objects\GD32_HCSR04.axf" - 0 Error(s), 10 Warning(s).

<h2>Software Packages used:</h2>

Package Vendor: GigaDevice
                https://gd32mcu.com/data/documents/pack/GigaDevice.GD32F10x_DFP.2.3.0.pack
                GigaDevice.GD32F10x_DFP.2.3.0
                GigaDevice GD32F10x Series Device Support and Examples

<h2>Collection of Component include folders:</h2>
  D:\Keil_v5\GigaDevice\GD32F10x_DFP\2.3.0\Device\Include

<h2>Collection of Component Files used:</h2>
Build Time Elapsed:  00:00:02
</pre>
</body>
</html>
