Component: ARM Compiler 5.06 update 7 (build 960) Tool: armlink [4d3601]

==============================================================================

Section Cross References

    system_gd32f10x.o(i.SystemInit) refers to system_gd32f10x.o(i.system_clock_config) for system_clock_config
    system_gd32f10x.o(i.SystemInit) refers to gd32f10x_misc.o(i.nvic_vector_table_set) for nvic_vector_table_set
    system_gd32f10x.o(i.system_clock_config) refers to system_gd32f10x.o(i.system_clock_72m_hxtal) for system_clock_72m_hxtal
    startup_gd32f10x_md.o(RESET) refers to startup_gd32f10x_md.o(STACK) for __initial_sp
    startup_gd32f10x_md.o(RESET) refers to startup_gd32f10x_md.o(.text) for Reset_Handler
    startup_gd32f10x_md.o(RESET) refers to gd32f10x_it.o(i.NMI_Handler) for NMI_Handler
    startup_gd32f10x_md.o(RESET) refers to gd32f10x_it.o(i.HardFault_Handler) for HardFault_Handler
    startup_gd32f10x_md.o(RESET) refers to gd32f10x_it.o(i.MemManage_Handler) for MemManage_Handler
    startup_gd32f10x_md.o(RESET) refers to gd32f10x_it.o(i.BusFault_Handler) for BusFault_Handler
    startup_gd32f10x_md.o(RESET) refers to gd32f10x_it.o(i.UsageFault_Handler) for UsageFault_Handler
    startup_gd32f10x_md.o(RESET) refers to gd32f10x_it.o(i.SVC_Handler) for SVC_Handler
    startup_gd32f10x_md.o(RESET) refers to gd32f10x_it.o(i.DebugMon_Handler) for DebugMon_Handler
    startup_gd32f10x_md.o(RESET) refers to gd32f10x_it.o(i.PendSV_Handler) for PendSV_Handler
    startup_gd32f10x_md.o(RESET) refers to gd32f10x_it.o(i.SysTick_Handler) for SysTick_Handler
    startup_gd32f10x_md.o(RESET) refers to gd32f10x_it.o(i.TIMER0_UP_IRQHandler) for TIMER0_UP_IRQHandler
    startup_gd32f10x_md.o(RESET) refers to gd32f10x_it.o(i.USART1_IRQHandler) for USART1_IRQHandler
    startup_gd32f10x_md.o(RESET) refers to gd32f10x_it.o(i.USART2_IRQHandler) for USART2_IRQHandler
    startup_gd32f10x_md.o(.text) refers to system_gd32f10x.o(i.SystemInit) for SystemInit
    startup_gd32f10x_md.o(.text) refers to entry.o(.ARM.Collect$$$$00000000) for __main
    gd32f10x_adc.o(i.adc_deinit) refers to gd32f10x_rcu.o(i.rcu_periph_reset_enable) for rcu_periph_reset_enable
    gd32f10x_adc.o(i.adc_deinit) refers to gd32f10x_rcu.o(i.rcu_periph_reset_disable) for rcu_periph_reset_disable
    gd32f10x_bkp.o(i.bkp_deinit) refers to gd32f10x_rcu.o(i.rcu_bkp_reset_enable) for rcu_bkp_reset_enable
    gd32f10x_bkp.o(i.bkp_deinit) refers to gd32f10x_rcu.o(i.rcu_bkp_reset_disable) for rcu_bkp_reset_disable
    gd32f10x_can.o(i.can_debug_freeze_disable) refers to gd32f10x_dbg.o(i.dbg_periph_enable) for dbg_periph_enable
    gd32f10x_can.o(i.can_debug_freeze_enable) refers to gd32f10x_dbg.o(i.dbg_periph_enable) for dbg_periph_enable
    gd32f10x_can.o(i.can_deinit) refers to gd32f10x_rcu.o(i.rcu_periph_reset_enable) for rcu_periph_reset_enable
    gd32f10x_can.o(i.can_deinit) refers to gd32f10x_rcu.o(i.rcu_periph_reset_disable) for rcu_periph_reset_disable
    gd32f10x_can.o(i.can_interrupt_flag_get) refers to gd32f10x_can.o(i.can_receive_message_length_get) for can_receive_message_length_get
    gd32f10x_can.o(i.can_interrupt_flag_get) refers to gd32f10x_can.o(i.can_error_get) for can_error_get
    gd32f10x_dac.o(i.dac_deinit) refers to gd32f10x_rcu.o(i.rcu_periph_reset_enable) for rcu_periph_reset_enable
    gd32f10x_dac.o(i.dac_deinit) refers to gd32f10x_rcu.o(i.rcu_periph_reset_disable) for rcu_periph_reset_disable
    gd32f10x_dma.o(i.dma_channel_disable) refers to gd32f10x_dma.o(i.dma_periph_and_channel_check) for dma_periph_and_channel_check
    gd32f10x_dma.o(i.dma_channel_enable) refers to gd32f10x_dma.o(i.dma_periph_and_channel_check) for dma_periph_and_channel_check
    gd32f10x_dma.o(i.dma_circulation_disable) refers to gd32f10x_dma.o(i.dma_periph_and_channel_check) for dma_periph_and_channel_check
    gd32f10x_dma.o(i.dma_circulation_enable) refers to gd32f10x_dma.o(i.dma_periph_and_channel_check) for dma_periph_and_channel_check
    gd32f10x_dma.o(i.dma_deinit) refers to gd32f10x_dma.o(i.dma_periph_and_channel_check) for dma_periph_and_channel_check
    gd32f10x_dma.o(i.dma_init) refers to gd32f10x_dma.o(i.dma_periph_and_channel_check) for dma_periph_and_channel_check
    gd32f10x_dma.o(i.dma_interrupt_disable) refers to gd32f10x_dma.o(i.dma_periph_and_channel_check) for dma_periph_and_channel_check
    gd32f10x_dma.o(i.dma_interrupt_enable) refers to gd32f10x_dma.o(i.dma_periph_and_channel_check) for dma_periph_and_channel_check
    gd32f10x_dma.o(i.dma_memory_address_config) refers to gd32f10x_dma.o(i.dma_periph_and_channel_check) for dma_periph_and_channel_check
    gd32f10x_dma.o(i.dma_memory_increase_disable) refers to gd32f10x_dma.o(i.dma_periph_and_channel_check) for dma_periph_and_channel_check
    gd32f10x_dma.o(i.dma_memory_increase_enable) refers to gd32f10x_dma.o(i.dma_periph_and_channel_check) for dma_periph_and_channel_check
[...]
    Removing gd32f10x_spi.o(i.spi_crc_polynomial_set), (12 bytes).
    Removing gd32f10x_spi.o(i.spi_disable), (10 bytes).
    Removing gd32f10x_spi.o(i.spi_dma_disable), (22 bytes).
    Removing gd32f10x_spi.o(i.spi_dma_enable), (22 bytes).
    Removing gd32f10x_spi.o(i.spi_enable), (10 bytes).
    Removing gd32f10x_spi.o(i.spi_i2s_data_frame_format_config), (16 bytes).
    Removing gd32f10x_spi.o(i.spi_i2s_data_receive), (8 bytes).
    Removing gd32f10x_spi.o(i.spi_i2s_data_transmit), (4 bytes).
    Removing gd32f10x_spi.o(i.spi_i2s_deinit), (88 bytes).
    Removing gd32f10x_spi.o(i.spi_i2s_flag_get), (16 bytes).
    Removing gd32f10x_spi.o(i.spi_i2s_interrupt_disable), (8 bytes).
    Removing gd32f10x_spi.o(i.spi_i2s_interrupt_enable), (8 bytes).
    Removing gd32f10x_spi.o(i.spi_i2s_interrupt_flag_get), (100 bytes).
    Removing gd32f10x_spi.o(i.spi_init), (50 bytes).
    Removing gd32f10x_spi.o(i.spi_nss_internal_high), (10 bytes).
    Removing gd32f10x_spi.o(i.spi_nss_internal_low), (10 bytes).
    Removing gd32f10x_spi.o(i.spi_nss_output_disable), (10 bytes).
    Removing gd32f10x_spi.o(i.spi_nss_output_enable), (10 bytes).
    Removing gd32f10x_spi.o(i.spi_struct_para_init), (18 bytes).
    Removing gd32f10x_timer.o(.rev16_text), (4 bytes).
    Removing gd32f10x_timer.o(.revsh_text), (4 bytes).
    Removing gd32f10x_timer.o(i.timer_auto_reload_shadow_disable), (10 bytes).
    Removing gd32f10x_timer.o(i.timer_automatic_output_disable), (10 bytes).
    Removing gd32f10x_timer.o(i.timer_automatic_output_enable), (10 bytes).
    Removing gd32f10x_timer.o(i.timer_autoreload_value_config), (4 bytes).
    Removing gd32f10x_timer.o(i.timer_break_config), (30 bytes).
    Removing gd32f10x_timer.o(i.timer_break_disable), (10 bytes).
    Removing gd32f10x_timer.o(i.timer_break_enable), (10 bytes).
    Removing gd32f10x_timer.o(i.timer_break_struct_para_init), (18 bytes).
    Removing gd32f10x_timer.o(i.timer_channel_capture_value_register_read), (42 bytes).
    Removing gd32f10x_timer.o(i.timer_channel_complementary_output_polarity_config), (70 bytes).
    Removing gd32f10x_timer.o(i.timer_channel_complementary_output_state_config), (70 bytes).
    Removing gd32f10x_timer.o(i.timer_channel_control_shadow_config), (24 bytes).
    Removing gd32f10x_timer.o(i.timer_channel_control_shadow_update_config), (26 bytes).
    Removing gd32f10x_timer.o(i.timer_channel_dma_request_source_select), (26 bytes).
    Removing gd32f10x_timer.o(i.timer_channel_input_capture_prescaler_config), (90 bytes).
    Removing gd32f10x_timer.o(i.timer_channel_input_struct_para_init), (16 bytes).
    Removing gd32f10x_timer.o(i.timer_channel_output_clear_config), (90 bytes).
    Removing gd32f10x_timer.o(i.timer_channel_output_fast_config), (90 bytes).
    Removing gd32f10x_timer.o(i.timer_channel_output_polarity_config), (92 bytes).
    Removing gd32f10x_timer.o(i.timer_channel_output_state_config), (92 bytes).
    Removing gd32f10x_timer.o(i.timer_channel_output_struct_para_init), (16 bytes).
    Removing gd32f10x_timer.o(i.timer_counter_alignment), (16 bytes).
    Removing gd32f10x_timer.o(i.timer_counter_down_direction), (10 bytes).
    Removing gd32f10x_timer.o(i.timer_counter_read), (22 bytes).
    Removing gd32f10x_timer.o(i.timer_counter_up_direction), (10 bytes).
    Removing gd32f10x_timer.o(i.timer_disable), (10 bytes).
    Removing gd32f10x_timer.o(i.timer_dma_disable), (8 bytes).
    Removing gd32f10x_timer.o(i.timer_dma_enable), (8 bytes).
    Removing gd32f10x_timer.o(i.timer_dma_transfer_config), (24 bytes).
    Removing gd32f10x_timer.o(i.timer_event_software_generate), (8 bytes).
    Removing gd32f10x_timer.o(i.timer_external_clock_mode0_config), (40 bytes).
    Removing gd32f10x_timer.o(i.timer_external_clock_mode1_config), (32 bytes).
    Removing gd32f10x_timer.o(i.timer_external_clock_mode1_disable), (10 bytes).
    Removing gd32f10x_timer.o(i.timer_external_trigger_as_external_clock_config), (166 bytes).
    Removing gd32f10x_timer.o(i.timer_external_trigger_config), (30 bytes).
    Removing gd32f10x_timer.o(i.timer_flag_get), (16 bytes).
    Removing gd32f10x_timer.o(i.timer_hall_mode_config), (26 bytes).
    Removing gd32f10x_timer.o(i.timer_input_capture_config), (326 bytes).
    Removing gd32f10x_timer.o(i.timer_input_pwm_capture_config), (356 bytes).
    Removing gd32f10x_timer.o(i.timer_input_trigger_source_select), (16 bytes).
    Removing gd32f10x_timer.o(i.timer_internal_clock_config), (10 bytes).
    Removing gd32f10x_timer.o(i.timer_internal_trigger_as_external_clock_config), (32 bytes).
    Removing gd32f10x_timer.o(i.timer_interrupt_disable), (8 bytes).
    Removing gd32f10x_timer.o(i.timer_interrupt_enable), (8 bytes).
    Removing gd32f10x_timer.o(i.timer_interrupt_flag_clear), (6 bytes).
    Removing gd32f10x_timer.o(i.timer_interrupt_flag_get), (24 bytes).
    Removing gd32f10x_timer.o(i.timer_master_output_trigger_source_select), (16 bytes).
    Removing gd32f10x_timer.o(i.timer_master_slave_mode_config), (26 bytes).
    Removing gd32f10x_timer.o(i.timer_prescaler_config), (16 bytes).
    Removing gd32f10x_timer.o(i.timer_prescaler_read), (10 bytes).
    Removing gd32f10x_timer.o(i.timer_repetition_value_config), (4 bytes).
    Removing gd32f10x_timer.o(i.timer_single_pulse_mode_config), (26 bytes).
    Removing gd32f10x_timer.o(i.timer_slave_mode_select), (16 bytes).
    Removing gd32f10x_timer.o(i.timer_struct_para_init), (22 bytes).
    Removing gd32f10x_timer.o(i.timer_update_event_disable), (10 bytes).
    Removing gd32f10x_timer.o(i.timer_update_event_enable), (10 bytes).
    Removing gd32f10x_timer.o(i.timer_update_source_config), (26 bytes).
    Removing gd32f10x_usart.o(.rev16_text), (4 bytes).
    Removing gd32f10x_usart.o(.revsh_text), (4 bytes).
    Removing gd32f10x_usart.o(i.usart_address_config), (20 bytes).
    Removing gd32f10x_usart.o(i.usart_disable), (10 bytes).
    Removing gd32f10x_usart.o(i.usart_dma_receive_config), (20 bytes).
    Removing gd32f10x_usart.o(i.usart_dma_transmit_config), (20 bytes).
    Removing gd32f10x_usart.o(i.usart_flag_clear), (18 bytes).
    Removing gd32f10x_usart.o(i.usart_guard_time_config), (24 bytes).
    Removing gd32f10x_usart.o(i.usart_halfduplex_disable), (10 bytes).
    Removing gd32f10x_usart.o(i.usart_halfduplex_enable), (10 bytes).
    Removing gd32f10x_usart.o(i.usart_interrupt_flag_clear), (18 bytes).
    Removing gd32f10x_usart.o(i.usart_irda_lowpower_config), (20 bytes).
    Removing gd32f10x_usart.o(i.usart_irda_mode_disable), (10 bytes).
    Removing gd32f10x_usart.o(i.usart_irda_mode_enable), (10 bytes).
    Removing gd32f10x_usart.o(i.usart_lin_break_detection_length_config), (20 bytes).
    Removing gd32f10x_usart.o(i.usart_lin_mode_disable), (10 bytes).
    Removing gd32f10x_usart.o(i.usart_lin_mode_enable), (10 bytes).
    Removing gd32f10x_usart.o(i.usart_mute_mode_disable), (10 bytes).
    Removing gd32f10x_usart.o(i.usart_mute_mode_enable), (10 bytes).
    Removing gd32f10x_usart.o(i.usart_mute_mode_wakeup_config), (16 bytes).
    Removing gd32f10x_usart.o(i.usart_prescaler_config), (16 bytes).
    Removing gd32f10x_usart.o(i.usart_send_break), (10 bytes).
    Removing gd32f10x_usart.o(i.usart_smartcard_mode_disable), (10 bytes).
    Removing gd32f10x_usart.o(i.usart_smartcard_mode_enable), (10 bytes).
    Removing gd32f10x_usart.o(i.usart_smartcard_mode_nack_disable), (10 bytes).
    Removing gd32f10x_usart.o(i.usart_smartcard_mode_nack_enable), (10 bytes).
    Removing gd32f10x_usart.o(i.usart_synchronous_clock_config), (34 bytes).
    Removing gd32f10x_usart.o(i.usart_synchronous_clock_disable), (10 bytes).
    Removing gd32f10x_usart.o(i.usart_synchronous_clock_enable), (10 bytes).
    Removing gd32f10x_wwdgt.o(.rev16_text), (4 bytes).
    Removing gd32f10x_wwdgt.o(.revsh_text), (4 bytes).
    Removing gd32f10x_wwdgt.o(i.wwdgt_config), (28 bytes).
    Removing gd32f10x_wwdgt.o(i.wwdgt_counter_update), (16 bytes).
    Removing gd32f10x_wwdgt.o(i.wwdgt_deinit), (20 bytes).
    Removing gd32f10x_wwdgt.o(i.wwdgt_enable), (20 bytes).
    Removing gd32f10x_wwdgt.o(i.wwdgt_flag_clear), (12 bytes).
    Removing gd32f10x_wwdgt.o(i.wwdgt_flag_get), (24 bytes).
    Removing gd32f10x_wwdgt.o(i.wwdgt_interrupt_enable), (20 bytes).
    Removing gd32f10x_it.o(.rev16_text), (4 bytes).
    Removing gd32f10x_it.o(.revsh_text), (4 bytes).
    Removing main.o(.rev16_text), (4 bytes).
    Removing main.o(.revsh_text), (4 bytes).
    Removing systick.o(.rev16_text), (4 bytes).
    Removing systick.o(.revsh_text), (4 bytes).
    Removing systick.o(i.delay_us), (84 bytes).
    Removing pid.o(i.pid_fine_turn_ball), (228 bytes).
    Removing pid.o(i.pid_speed), (408 bytes).
    Removing pid.o(i.pid_speed_both_ENC), (412 bytes).
    Removing led_driver.o(.rev16_text), (4 bytes).
    Removing led_driver.o(.revsh_text), (4 bytes).
    Removing led_driver.o(i.led_off), (20 bytes).
    Removing led_driver.o(i.led_on), (20 bytes).
    Removing key_driver.o(.rev16_text), (4 bytes).
    Removing key_driver.o(.revsh_text), (4 bytes).
    Removing oled_driver.o(.rev16_text), (4 bytes).
    Removing oled_driver.o(.revsh_text), (4 bytes).
    Removing oled_driver.o(i.OLED_ClrDot), (52 bytes).
    Removing oled_driver.o(i.OLED_Fill), (56 bytes).
    Removing oled_driver.o(i.OLED_P8x16Str), (136 bytes).
    Removing oled_driver.o(i.OLED_PutPixel), (72 bytes).
    Removing oled_driver.o(i.OLED_Rectangle), (212 bytes).
    Removing oled_driver.o(i.OLED_Show_BMP), (120 bytes).
    Removing oled_driver.o(i.Test_OLED), (196 bytes).
    Removing tim_driver.o(.rev16_text), (4 bytes).
    Removing tim_driver.o(.revsh_text), (4 bytes).
    Removing tim_driver.o(i.Timer_Init), (112 bytes).
    Removing enc_driver.o(.rev16_text), (4 bytes).
    Removing enc_driver.o(.revsh_text), (4 bytes).
    Removing uart_driver.o(.rev16_text), (4 bytes).
    Removing uart_driver.o(.revsh_text), (4 bytes).
    Removing uart_driver.o(i.Data_parsing), (2 bytes).
    Removing uart_driver.o(i.Test_UASRT1), (184 bytes).
    Removing uart_driver.o(i.Test_UASRT2), (4 bytes).
    Removing uart_driver.o(i.USART_Sent_Data), (30 bytes).
    Removing uart_driver.o(i.fgetc), (24 bytes).
    Removing uart_driver.o(i.fputc), (36 bytes).
    Removing pwm_driver.o(.rev16_text), (4 bytes).
    Removing pwm_driver.o(.revsh_text), (4 bytes).
    Removing pwm_driver.o(i.PWM_Init), (72 bytes).
    Removing photoelectric.o(.rev16_text), (4 bytes).
    Removing photoelectric.o(.revsh_text), (4 bytes).
    Removing photoelectric.o(i.Read_sensor), (96 bytes).
    Removing photoelectric.o(i.sensor_init), (88 bytes).
    Removing hcsr04_driver.o(.rev16_text), (4 bytes).
    Removing hcsr04_driver.o(.revsh_text), (4 bytes).
    Removing hcsr04_driver.o(i.Get_Distance), (164 bytes).
    Removing hcsr04_driver.o(i.TIM2_Init), (104 bytes).
    Removing hcsr04_driver.o(i.Test_Ultrasonic), (120 bytes).
    Removing hcsr04_driver.o(i.Ultrasonic_Init), (64 bytes).
    Removing hcsr04_driver.o(.data), (12 bytes).
    Removing fdiv.o(.text), (124 bytes).
    Removing ffltui.o(.text), (10 bytes).
    Removing ffixui.o(.text), (40 bytes).
    Removing ddiv.o(.text), (222 bytes).
    Removing dfixul.o(.text), (48 bytes).

598 unused section(s) (total 23686 bytes) removed from the image.

==============================================================================

Image Symbol Table

    Local Symbols

    Symbol Name                              Value     Ov Type        Size  Object(Section)

    ../clib/microlib/division.c              0x00000000   Number         0  uldiv.o ABSOLUTE
    ../clib/microlib/division.c              0x00000000   Number         0  uidiv.o ABSOLUTE
    ../clib/microlib/init/entry.s            0x00000000   Number         0  entry12b.o ABSOLUTE
    ../clib/microlib/init/entry.s            0x00000000   Number         0  entry9a.o ABSOLUTE
    ../clib/microlib/init/entry.s            0x00000000   Number         0  entry.o ABSOLUTE
    ../clib/microlib/init/entry.s            0x00000000   Number         0  entry8b.o ABSOLUTE
    ../clib/microlib/init/entry.s            0x00000000   Number         0  entry12a.o ABSOLUTE
    ../clib/microlib/init/entry.s            0x00000000   Number         0  entry8a.o ABSOLUTE
    ../clib/microlib/init/entry.s            0x00000000   Number         0  entry7a.o ABSOLUTE
    ../clib/microlib/init/entry.s            0x00000000   Number         0  entry11a.o ABSOLUTE
    ../clib/microlib/init/entry.s            0x00000000   Number         0  entry11b.o ABSOLUTE
    ../clib/microlib/init/entry.s            0x00000000   Number         0  entry7b.o ABSOLUTE
    ../clib/microlib/init/entry.s            0x00000000   Number         0  entry2.o ABSOLUTE
    ../clib/microlib/init/entry.s            0x00000000   Number         0  entry10b.o ABSOLUTE
    ../clib/microlib/init/entry.s            0x00000000   Number         0  entry10a.o ABSOLUTE
    ../clib/microlib/init/entry.s            0x00000000   Number         0  entry9b.o ABSOLUTE
    ../clib/microlib/init/entry.s            0x00000000   Number         0  entry5.o ABSOLUTE
    ../clib/microlib/longlong.c              0x00000000   Number         0  llshl.o ABSOLUTE
    ../clib/microlib/longlong.c              0x00000000   Number         0  llsshr.o ABSOLUTE
    ../clib/microlib/longlong.c              0x00000000   Number         0  llushr.o ABSOLUTE
    ../clib/microlib/printf/printf.c         0x00000000   Number         0  printfb.o ABSOLUTE
    ../clib/microlib/printf/printf.c         0x00000000   Number         0  printf1.o ABSOLUTE
    ../clib/microlib/printf/printf.c         0x00000000   Number         0  printf2.o ABSOLUTE
    ../clib/microlib/printf/printf.c         0x00000000   Number         0  printf3.o ABSOLUTE
    ../clib/microlib/printf/printf.c         0x00000000   Number         0  printf4.o ABSOLUTE
    ../clib/microlib/printf/printf.c         0x00000000   Number         0  printf7.o ABSOLUTE
    ../clib/microlib/printf/printf.c         0x00000000   Number         0  printf0.o ABSOLUTE
    ../clib/microlib/printf/printf.c         0x00000000   Number         0  printf8.o ABSOLUTE
    ../clib/microlib/printf/printf.c         0x00000000   Number         0  printf6.o ABSOLUTE
    ../clib/microlib/printf/printf.c         0x00000000   Number         0  printfa.o ABSOLUTE
    ../clib/microlib/printf/printf.c         0x00000000   Number         0  printf5.o ABSOLUTE
    ../clib/microlib/printf/stubs.s          0x00000000   Number         0  stubs.o ABSOLUTE
    ../clib/microlib/stdio/streams.c         0x00000000   Number         0  stdout.o ABSOLUTE
    ../clib/microlib/string/memset.c         0x00000000   Number         0  memseta.o ABSOLUTE
    ../clib/microlib/string/strcat.c         0x00000000   Number         0  strcat.o ABSOLUTE
    ../clib/microlib/stubs.s                 0x00000000   Number         0  iusefp.o ABSOLUTE
    ../fplib/microlib/d2f.c                  0x00000000   Number         0  d2f.o ABSOLUTE
    ../fplib/microlib/f2d.c                  0x00000000   Number         0  f2d.o ABSOLUTE
    ../fplib/microlib/fpadd.c                0x00000000   Number         0  fadd.o ABSOLUTE
    ../fplib/microlib/fpadd.c                0x00000000   Number         0  dadd.o ABSOLUTE
    ../fplib/microlib/fpdiv.c                0x00000000   Number         0  fdiv.o ABSOLUTE
    ../fplib/microlib/fpdiv.c                0x00000000   Number         0  ddiv.o ABSOLUTE
    ../fplib/microlib/fpepilogue.c           0x00000000   Number         0  fepilogue.o ABSOLUTE
    ../fplib/microlib/fpepilogue.c           0x00000000   Number         0  depilogue.o ABSOLUTE
    ../fplib/microlib/fpfix.c                0x00000000   Number         0  dfixul.o ABSOLUTE
    ../fplib/microlib/fpfix.c                0x00000000   Number         0  ffixui.o ABSOLUTE
    ../fplib/microlib/fpfix.c                0x00000000   Number         0  ffixi.o ABSOLUTE
    ../fplib/microlib/fpfix.c                0x00000000   Number         0  dfixi.o ABSOLUTE
    ../fplib/microlib/fpflt.c                0x00000000   Number         0  fflti.o ABSOLUTE
    ../fplib/microlib/fpflt.c                0x00000000   Number         0  ffltui.o ABSOLUTE
    ../fplib/microlib/fpflt.c                0x00000000   Number         0  dflti.o ABSOLUTE
    ../fplib/microlib/fpmul.c                0x00000000   Number         0  dmul.o ABSOLUTE
    ../fplib/microlib/fpmul.c                0x00000000   Number         0  fmul.o ABSOLUTE
    ..\CMSIS\system_gd32f10x.c               0x00000000   Number         0  system_gd32f10x.o ABSOLUTE
    ..\Library\Source\gd32f10x_adc.c         0x00000000   Number         0  gd32f10x_adc.o ABSOLUTE
    ..\Library\Source\gd32f10x_bkp.c         0x00000000   Number         0  gd32f10x_bkp.o ABSOLUTE
    ..\Library\Source\gd32f10x_can.c         0x00000000   Number         0  gd32f10x_can.o ABSOLUTE
    ..\Library\Source\gd32f10x_crc.c         0x00000000   Number         0  gd32f10x_crc.o ABSOLUTE
    ..\Library\Source\gd32f10x_dac.c         0x00000000   Number         0  gd32f10x_dac.o ABSOLUTE
    ..\Library\Source\gd32f10x_dbg.c         0x00000000   Number         0  gd32f10x_dbg.o ABSOLUTE
    ..\Library\Source\gd32f10x_dma.c         0x00000000   Number         0  gd32f10x_dma.o ABSOLUTE
    ..\Library\Source\gd32f10x_enet.c        0x00000000   Number         0  gd32f10x_enet.o ABSOLUTE
    ..\Library\Source\gd32f10x_exmc.c        0x00000000   Number         0  gd32f10x_exmc.o ABSOLUTE
    ..\Library\Source\gd32f10x_exti.c        0x00000000   Number         0  gd32f10x_exti.o ABSOLUTE
    ..\Library\Source\gd32f10x_fmc.c         0x00000000   Number         0  gd32f10x_fmc.o ABSOLUTE
    ..\Library\Source\gd32f10x_fwdgt.c       0x00000000   Number         0  gd32f10x_fwdgt.o ABSOLUTE
    ..\Library\Source\gd32f10x_gpio.c        0x00000000   Number         0  gd32f10x_gpio.o ABSOLUTE
    ..\Library\Source\gd32f10x_i2c.c         0x00000000   Number         0  gd32f10x_i2c.o ABSOLUTE
    ..\Library\Source\gd32f10x_misc.c        0x00000000   Number         0  gd32f10x_misc.o ABSOLUTE
    ..\Library\Source\gd32f10x_pmu.c         0x00000000   Number         0  gd32f10x_pmu.o ABSOLUTE
    ..\Library\Source\gd32f10x_rcu.c         0x00000000   Number         0  gd32f10x_rcu.o ABSOLUTE
    ..\Library\Source\gd32f10x_rtc.c         0x00000000   Number         0  gd32f10x_rtc.o ABSOLUTE
    ..\Library\Source\gd32f10x_sdio.c        0x00000000   Number         0  gd32f10x_sdio.o ABSOLUTE
    ..\Library\Source\gd32f10x_spi.c         0x00000000   Number         0  gd32f10x_spi.o ABSOLUTE
    ..\Library\Source\gd32f10x_timer.c       0x00000000   Number         0  gd32f10x_timer.o ABSOLUTE
    ..\Library\Source\gd32f10x_usart.c       0x00000000   Number         0  gd32f10x_usart.o ABSOLUTE
    ..\Library\Source\gd32f10x_wwdgt.c       0x00000000   Number         0  gd32f10x_wwdgt.o ABSOLUTE
    ..\Startup\startup_gd32f10x_md.s         0x00000000   Number         0  startup_gd32f10x_md.o ABSOLUTE
    ..\User\APP\src\Photoelectric.c          0x00000000   Number         0  photoelectric.o ABSOLUTE
    ..\User\APP\src\enc_driver.c             0x00000000   Number         0  enc_driver.o ABSOLUTE
    ..\User\APP\src\hcsr04_driver.c          0x00000000   Number         0  hcsr04_driver.o ABSOLUTE
    ..\User\APP\src\key_driver.c             0x00000000   Number         0  key_driver.o ABSOLUTE
    ..\User\APP\src\led_driver.c             0x00000000   Number         0  led_driver.o ABSOLUTE
    ..\User\APP\src\oled_driver.c            0x00000000   Number         0  oled_driver.o ABSOLUTE
    ..\User\APP\src\pwm_driver.c             0x00000000   Number         0  pwm_driver.o ABSOLUTE
    ..\User\APP\src\tim_driver.c             0x00000000   Number         0  tim_driver.o ABSOLUTE
    ..\User\APP\src\uart_driver.c            0x00000000   Number         0  uart_driver.o ABSOLUTE
    ..\User\gd32f10x_it.c                    0x00000000   Number         0  gd32f10x_it.o ABSOLUTE
    ..\User\main.c                           0x00000000   Number         0  main.o ABSOLUTE
    ..\User\pid.c                            0x00000000   Number         0  pid.o ABSOLUTE
    ..\User\systick.c                        0x00000000   Number         0  systick.o ABSOLUTE
    ..\\CMSIS\\system_gd32f10x.c             0x00000000   Number         0  system_gd32f10x.o ABSOLUTE
    ..\\Library\\Source\\gd32f10x_adc.c      0x00000000   Number         0  gd32f10x_adc.o ABSOLUTE
    ..\\Library\\Source\\gd32f10x_bkp.c      0x00000000   Number         0  gd32f10x_bkp.o ABSOLUTE
    ..\\Library\\Source\\gd32f10x_can.c      0x00000000   Number         0  gd32f10x_can.o ABSOLUTE
    ..\\Library\\Source\\gd32f10x_crc.c      0x00000000   Number         0  gd32f10x_crc.o ABSOLUTE
    ..\\Library\\Source\\gd32f10x_dac.c      0x00000000   Number         0  gd32f10x_dac.o ABSOLUTE
    ..\\Library\\Source\\gd32f10x_dbg.c      0x00000000   Number         0  gd32f10x_dbg.o ABSOLUTE
    ..\\Library\\Source\\gd32f10x_dma.c      0x00000000   Number         0  gd32f10x_dma.o ABSOLUTE
    ..\\Library\\Source\\gd32f10x_enet.c     0x00000000   Number         0  gd32f10x_enet.o ABSOLUTE
    ..\\Library\\Source\\gd32f10x_exmc.c     0x00000000   Number         0  gd32f10x_exmc.o ABSOLUTE
    ..\\Library\\Source\\gd32f10x_exti.c     0x00000000   Number         0  gd32f10x_exti.o ABSOLUTE
    ..\\Library\\Source\\gd32f10x_fmc.c      0x00000000   Number         0  gd32f10x_fmc.o ABSOLUTE
    ..\\Library\\Source\\gd32f10x_fwdgt.c    0x00000000   Number         0  gd32f10x_fwdgt.o ABSOLUTE
    ..\\Library\\Source\\gd32f10x_gpio.c     0x00000000   Number         0  gd32f10x_gpio.o ABSOLUTE
    ..\\Library\\Source\\gd32f10x_i2c.c      0x00000000   Number         0  gd32f10x_i2c.o ABSOLUTE
    ..\\Library\\Source\\gd32f10x_misc.c     0x00000000   Number         0  gd32f10x_misc.o ABSOLUTE
    ..\\Library\\Source\\gd32f10x_pmu.c      0x00000000   Number         0  gd32f10x_pmu.o ABSOLUTE
    ..\\Library\\Source\\gd32f10x_rcu.c      0x00000000   Number         0  gd32f10x_rcu.o ABSOLUTE
    ..\\Library\\Source\\gd32f10x_rtc.c      0x00000000   Number         0  gd32f10x_rtc.o ABSOLUTE
    ..\\Library\\Source\\gd32f10x_sdio.c     0x00000000   Number         0  gd32f10x_sdio.o ABSOLUTE
    ..\\Library\\Source\\gd32f10x_spi.c      0x00000000   Number         0  gd32f10x_spi.o ABSOLUTE
    ..\\Library\\Source\\gd32f10x_timer.c    0x00000000   Number         0  gd32f10x_timer.o ABSOLUTE
    ..\\Library\\Source\\gd32f10x_usart.c    0x00000000   Number         0  gd32f10x_usart.o ABSOLUTE
    ..\\Library\\Source\\gd32f10x_wwdgt.c    0x00000000   Number         0  gd32f10x_wwdgt.o ABSOLUTE
    ..\\User\\APP\\src\\Photoelectric.c      0x00000000   Number         0  photoelectric.o ABSOLUTE
    ..\\User\\APP\\src\\enc_driver.c         0x00000000   Number         0  enc_driver.o ABSOLUTE
    ..\\User\\APP\\src\\hcsr04_driver.c      0x00000000   Number         0  hcsr04_driver.o ABSOLUTE
    ..\\User\\APP\\src\\key_driver.c         0x00000000   Number         0  key_driver.o ABSOLUTE
    ..\\User\\APP\\src\\led_driver.c         0x00000000   Number         0  led_driver.o ABSOLUTE
    ..\\User\\APP\\src\\oled_driver.c        0x00000000   Number         0  oled_driver.o ABSOLUTE
    ..\\User\\APP\\src\\pwm_driver.c         0x00000000   Number         0  pwm_driver.o ABSOLUTE
    ..\\User\\APP\\src\\tim_driver.c         0x00000000   Number         0  tim_driver.o ABSOLUTE
    ..\\User\\APP\\src\\uart_driver.c        0x00000000   Number         0  uart_driver.o ABSOLUTE
    ..\\User\\gd32f10x_it.c                  0x00000000   Number         0  gd32f10x_it.o ABSOLUTE
    ..\\User\\main.c                         0x00000000   Number         0  main.o ABSOLUTE
    ..\\User\\systick.c                      0x00000000   Number         0  systick.o ABSOLUTE
    cdcmple.s                                0x00000000   Number         0  cdcmple.o ABSOLUTE
    cdrcmple.s                               0x00000000   Number         0  cdrcmple.o ABSOLUTE
    cfrcmple.s                               0x00000000   Number         0  cfrcmple.o ABSOLUTE
    dc.s                                     0x00000000   Number         0  dc.o ABSOLUTE
    handlers.s                               0x00000000   Number         0  handlers.o ABSOLUTE
    init.s                                   0x00000000   Number         0  init.o ABSOLUTE
    RESET                                    0x08000000   Section      260  startup_gd32f10x_md.o(RESET)
    .ARM.Collect$$$$00000000                 0x08000104   Section        0  entry.o(.ARM.Collect$$$$00000000)
    .ARM.Collect$$$$00000001                 0x08000104   Section        4  entry2.o(.ARM.Collect$$$$00000001)
    .ARM.Collect$$$$00000004                 0x08000108   Section        4  entry5.o(.ARM.Collect$$$$00000004)
    .ARM.Collect$$$$00000008                 0x0800010c   Section        0  entry7b.o(.ARM.Collect$$$$00000008)
    .ARM.Collect$$$$0000000A                 0x0800010c   Section        0  entry8b.o(.ARM.Collect$$$$0000000A)
    .ARM.Collect$$$$0000000B                 0x0800010c   Section        8  entry9a.o(.ARM.Collect$$$$0000000B)
    .ARM.Collect$$$$0000000E                 0x08000114   Section        4  entry12b.o(.ARM.Collect$$$$0000000E)
    .ARM.Collect$$$$0000000F                 0x08000118   Section        0  entry10a.o(.ARM.Collect$$$$0000000F)
    .ARM.Collect$$$$00000011                 0x08000118   Section        0  entry11a.o(.ARM.Collect$$$$00000011)
    .ARM.Collect$$$$00002712                 0x08000118   Section        4  entry2.o(.ARM.Collect$$$$00002712)
    __lit__00000000                          0x08000118   Data           4  entry2.o(.ARM.Collect$$$$00002712)
    .text                                    0x0800011c   Section       36  startup_gd32f10x_md.o(.text)
    .text                                    0x08000140   Section        0  memseta.o(.text)
    .text                                    0x08000164   Section        0  strcat.o(.text)
    .text                                    0x0800017c   Section        0  fadd.o(.text)
    .text                                    0x0800022c   Section        0  fmul.o(.text)
    .text                                    0x08000290   Section        0  dadd.o(.text)
    .text                                    0x080003de   Section        0  dmul.o(.text)
    .text                                    0x080004c2   Section        0  fflti.o(.text)
    .text                                    0x080004d4   Section        0  dflti.o(.text)
    .text                                    0x080004f6   Section        0  ffixi.o(.text)
    .text                                    0x08000528   Section        0  dfixi.o(.text)
    .text                                    0x08000566   Section        0  f2d.o(.text)
    .text                                    0x0800058c   Section       48  cdcmple.o(.text)
    .text                                    0x080005bc   Section       48  cdrcmple.o(.text)
    .text                                    0x080005ec   Section        0  d2f.o(.text)
    .text                                    0x08000624   Section       20  cfrcmple.o(.text)
    .text                                    0x08000638   Section        0  uidiv.o(.text)
    .text                                    0x08000664   Section        0  llshl.o(.text)
    .text                                    0x08000682   Section        0  llushr.o(.text)
    .text                                    0x080006a2   Section        0  llsshr.o(.text)
    .text                                    0x080006c6   Section        0  fepilogue.o(.text)
    .text                                    0x080006c6   Section        0  iusefp.o(.text)
    .text                                    0x08000734   Section        0  depilogue.o(.text)
    .text                                    0x080007f0   Section       36  init.o(.text)
    i.BusFault_Handler                       0x08000814   Section        0  gd32f10x_it.o(i.BusFault_Handler)
    i.DebugMon_Handler                       0x08000818   Section        0  gd32f10x_it.o(i.DebugMon_Handler)
    i.ENC_Read                               0x0800081c   Section        0  enc_driver.o(i.ENC_Read)
    i.HardFault_Handler                      0x0800083c   Section        0  gd32f10x_it.o(i.HardFault_Handler)
    i.Judgeballposi                          0x08000840   Section        0  main.o(i.Judgeballposi)
    i.Judgegateposi                          0x0800098c   Section        0  main.o(i.Judgegateposi)
    i.MemManage_Handler                      0x08000b84   Section        0  gd32f10x_it.o(i.MemManage_Handler)
    i.MotorCtrl3W                            0x08000b88   Section        0  pwm_driver.o(i.MotorCtrl3W)
    i.Motor_Init                             0x08000c2c   Section        0  pwm_driver.o(i.Motor_Init)
    i.NMI_Handler                            0x08000cbc   Section        0  gd32f10x_it.o(i.NMI_Handler)
    i.NVIC_SetPriority                       0x08000cc0   Section        0  systick.o(i.NVIC_SetPriority)
    NVIC_SetPriority                         0x08000cc1   Thumb Code    32  systick.o(i.NVIC_SetPriority)
    i.OLED_CLS                               0x08000ce8   Section        0  oled_driver.o(i.OLED_CLS)
    i.OLED_Init                              0x08000d20   Section        0  oled_driver.o(i.OLED_Init)
    i.OLED_P6x8Str                           0x08000e70   Section        0  oled_driver.o(i.OLED_P6x8Str)
    i.OLED_Set_Pos                           0x08000ed4   Section        0  oled_driver.o(i.OLED_Set_Pos)
    i.OLED_WrCmd                             0x08000ef8   Section        0  oled_driver.o(i.OLED_WrCmd)
    i.OLED_WrDat                             0x08000f64   Section        0  oled_driver.o(i.OLED_WrDat)
    i.PendSV_Handler                         0x08000fd0   Section        0  gd32f10x_it.o(i.PendSV_Handler)
    i.Read_key                               0x08000fd4   Section        0  key_driver.o(i.Read_key)
    i.SVC_Handler                            0x08001080   Section        0  gd32f10x_it.o(i.SVC_Handler)
    i.SysTick_Handler                        0x08001084   Section        0  gd32f10x_it.o(i.SysTick_Handler)
    i.SystemInit                             0x0800108c   Section        0  system_gd32f10x.o(i.SystemInit)
    i.TIMER0_UP_IRQHandler                   0x08001160   Section        0  gd32f10x_it.o(i.TIMER0_UP_IRQHandler)
    i.USART1_IRQHandler                      0x08001174   Section        0  gd32f10x_it.o(i.USART1_IRQHandler)
    i.USART1_Init                            0x0800120c   Section        0  uart_driver.o(i.USART1_Init)
    i.USART2_IRQHandler                      0x080012a4   Section        0  gd32f10x_it.o(i.USART2_IRQHandler)
    i.USART2_Init                            0x08001364   Section        0  uart_driver.o(i.USART2_Init)
    i.USART_Sent_Byte                        0x08001400   Section        0  uart_driver.o(i.USART_Sent_Byte)
    i.USART_Sent_String                      0x0800141e   Section        0  uart_driver.o(i.USART_Sent_String)
    i.UpdateState                            0x0800143a   Section        0  main.o(i.UpdateState)
    i.Updateturnballflag                     0x08001586   Section        0  main.o(i.Updateturnballflag)
    i.Updateturngateflag                     0x080015a4   Section        0  main.o(i.Updateturngateflag)
    i.UsageFault_Handler                     0x080015c2   Section        0  gd32f10x_it.o(i.UsageFault_Handler)
    i.__0sprintf$6                           0x080015c8   Section        0  printf6.o(i.__0sprintf$6)
    i.__scatterload_copy                     0x080015f0   Section       14  handlers.o(i.__scatterload_copy)
    i.__scatterload_null                     0x080015fe   Section        2  handlers.o(i.__scatterload_null)
    i.__scatterload_zeroinit                 0x08001600   Section       14  handlers.o(i.__scatterload_zeroinit)
    i._printf_core                           0x08001610   Section        0  printf6.o(i._printf_core)
    _printf_core                             0x08001611   Thumb Code   748  printf6.o(i._printf_core)
    i._printf_post_padding                   0x08001900   Section        0  printf6.o(i._printf_post_padding)
    _printf_post_padding                     0x08001901   Thumb Code    36  printf6.o(i._printf_post_padding)
    i._printf_pre_padding                    0x08001924   Section        0  printf6.o(i._printf_pre_padding)
    _printf_pre_padding                      0x08001925   Thumb Code    46  printf6.o(i._printf_pre_padding)
    i._sputc                                 0x08001952   Section        0  printf6.o(i._sputc)
    _sputc                                   0x08001953   Thumb Code    10  printf6.o(i._sputc)
    i.clear_array                            0x0800195c   Section        0  main.o(i.clear_array)
    i.delay_1ms                              0x08001974   Section        0  systick.o(i.delay_1ms)
    i.delay_decrement                        0x08001988   Section        0  systick.o(i.delay_decrement)
    i.encoder1_config                        0x080019a0   Section        0  enc_driver.o(i.encoder1_config)
    i.encoder2_config                        0x08001a34   Section        0  enc_driver.o(i.encoder2_config)
    i.encoder3_config                        0x08001ac0   Section        0  enc_driver.o(i.encoder3_config)
    i.gpio_bit_reset                         0x08001b40   Section        0  gd32f10x_gpio.o(i.gpio_bit_reset)
    i.gpio_bit_set                           0x08001b44   Section        0  gd32f10x_gpio.o(i.gpio_bit_set)
    i.gpio_bit_write                         0x08001b48   Section        0  gd32f10x_gpio.o(i.gpio_bit_write)
    i.gpio_init                              0x08001b52   Section        0  gd32f10x_gpio.o(i.gpio_init)
    i.gpio_input_bit_get                     0x08001bfe   Section        0  gd32f10x_gpio.o(i.gpio_input_bit_get)
    i.gpio_pin_remap_config                  0x08001c10   Section        0  gd32f10x_gpio.o(i.gpio_pin_remap_config)
    i.intToStr                               0x08001ca0   Section        0  main.o(i.intToStr)
    i.key_init                               0x08001d18   Section        0  key_driver.o(i.key_init)
    i.led_init                               0x08001d8c   Section        0  led_driver.o(i.led_init)
    i.led_toggle                             0x08001db4   Section        0  led_driver.o(i.led_toggle)
    i.lq_oled_short_delay                    0x08001dd8   Section        0  oled_driver.o(i.lq_oled_short_delay)
    i.main                                   0x08001de8   Section        0  main.o(i.main)
    i.nvic_irq_enable                        0x08002470   Section        0  gd32f10x_misc.o(i.nvic_irq_enable)
    i.nvic_priority_group_set                0x0800251c   Section        0  gd32f10x_misc.o(i.nvic_priority_group_set)
    i.nvic_vector_table_set                  0x08002530   Section        0  gd32f10x_misc.o(i.nvic_vector_table_set)
    i.pid_closing_ball                       0x08002548   Section        0  pid.o(i.pid_closing_ball)
    i.pid_closing_ball_near                  0x08002738   Section        0  pid.o(i.pid_closing_ball_near)
    i.pid_shot                               0x08002940   Section        0  pid.o(i.pid_shot)
    i.pid_speed_1_motor                      0x08002b28   Section        0  pid.o(i.pid_speed_1_motor)
    i.pid_speed_3_motor                      0x08002c0c   Section        0  pid.o(i.pid_speed_3_motor)
    i.queue_push                             0x08002e5c   Section        0  pid.o(i.queue_push)
    i.queue_sum                              0x08002e7a   Section        0  pid.o(i.queue_sum)
    i.rcu_ahb_clock_config                   0x08002e98   Section        0  gd32f10x_rcu.o(i.rcu_ahb_clock_config)
    i.rcu_clock_freq_get                     0x08002eb0   Section        0  gd32f10x_rcu.o(i.rcu_clock_freq_get)
    i.rcu_periph_clock_enable                0x08002fd4   Section        0  gd32f10x_rcu.o(i.rcu_periph_clock_enable)
    i.rcu_periph_reset_disable               0x08002ff4   Section        0  gd32f10x_rcu.o(i.rcu_periph_reset_disable)
    i.rcu_periph_reset_enable                0x08003014   Section        0  gd32f10x_rcu.o(i.rcu_periph_reset_enable)
    i.reverse                                0x08003034   Section        0  main.o(i.reverse)
    i.send_string                            0x08003054   Section        0  uart_driver.o(i.send_string)
    i.system_clock_72m_hxtal                 0x08003068   Section        0  system_gd32f10x.o(i.system_clock_72m_hxtal)
    system_clock_72m_hxtal                   0x08003069   Thumb Code   182  system_gd32f10x.o(i.system_clock_72m_hxtal)
    i.system_clock_config                    0x0800312c   Section        0  system_gd32f10x.o(i.system_clock_config)
    system_clock_config                      0x0800312d   Thumb Code     8  system_gd32f10x.o(i.system_clock_config)
    i.systick_config                         0x08003134   Section        0  systick.o(i.systick_config)
    i.timer_auto_reload_shadow_enable        0x08003184   Section        0  gd32f10x_timer.o(i.timer_auto_reload_shadow_enable)
    i.timer_channel_output_config            0x08003190   Section        0  gd32f10x_timer.o(i.timer_channel_output_config)
    i.timer_channel_output_mode_config       0x0800337c   Section        0  gd32f10x_timer.o(i.timer_channel_output_mode_config)
    i.timer_channel_output_pulse_value_config 0x080033d6   Section        0  gd32f10x_timer.o(i.timer_channel_output_pulse_value_config)
    i.timer_channel_output_shadow_config     0x080033fc   Section        0  gd32f10x_timer.o(i.timer_channel_output_shadow_config)
    i.timer_config                           0x08003458   Section        0  pwm_driver.o(i.timer_config)
    i.timer_counter_value_config             0x08003548   Section        0  gd32f10x_timer.o(i.timer_counter_value_config)
    i.timer_deinit                           0x0800354c   Section        0  gd32f10x_timer.o(i.timer_deinit)
    i.timer_enable                           0x08003628   Section        0  gd32f10x_timer.o(i.timer_enable)
    i.timer_flag_clear                       0x08003632   Section        0  gd32f10x_timer.o(i.timer_flag_clear)
    i.timer_init                             0x08003638   Section        0  gd32f10x_timer.o(i.timer_init)
    i.timer_primary_output_config            0x08003718   Section        0  gd32f10x_timer.o(i.timer_primary_output_config)
    i.timer_quadrature_decoder_mode_config   0x08003730   Section        0  gd32f10x_timer.o(i.timer_quadrature_decoder_mode_config)
    i.usart_baudrate_set                     0x08003770   Section        0  gd32f10x_usart.o(i.usart_baudrate_set)
    i.usart_data_receive                     0x08003800   Section        0  gd32f10x_usart.o(i.usart_data_receive)
    i.usart_data_transmit                    0x0800380a   Section        0  gd32f10x_usart.o(i.usart_data_transmit)
    i.usart_deinit                           0x08003814   Section        0  gd32f10x_usart.o(i.usart_deinit)
    i.usart_enable                           0x080038a4   Section        0  gd32f10x_usart.o(i.usart_enable)
    i.usart_flag_get                         0x080038ae   Section        0  gd32f10x_usart.o(i.usart_flag_get)
    i.usart_hardware_flow_cts_config         0x080038cc   Section        0  gd32f10x_usart.o(i.usart_hardware_flow_cts_config)
    i.usart_hardware_flow_rts_config         0x080038e0   Section        0  gd32f10x_usart.o(i.usart_hardware_flow_rts_config)
    i.usart_interrupt_disable                0x080038f4   Section        0  gd32f10x_usart.o(i.usart_interrupt_disable)
    i.usart_interrupt_enable                 0x0800390e   Section        0  gd32f10x_usart.o(i.usart_interrupt_enable)
    i.usart_interrupt_flag_get               0x08003928   Section        0  gd32f10x_usart.o(i.usart_interrupt_flag_get)
    i.usart_parity_config                    0x08003960   Section        0  gd32f10x_usart.o(i.usart_parity_config)
    i.usart_receive_config                   0x08003970   Section        0  gd32f10x_usart.o(i.usart_receive_config)
    i.usart_stop_bit_set                     0x08003980   Section        0  gd32f10x_usart.o(i.usart_stop_bit_set)
    i.usart_transmit_config                  0x08003990   Section        0  gd32f10x_usart.o(i.usart_transmit_config)
    i.usart_word_length_set                  0x080039a0   Section        0  gd32f10x_usart.o(i.usart_word_length_set)
    .constdata                               0x080039b0   Section     2072  oled_driver.o(.constdata)
    .data                                    0x20000000   Section        4  system_gd32f10x.o(.data)
    .data                                    0x20000004   Section        8  gd32f10x_it.o(.data)
    receive_index                            0x20000004   Data           4  gd32f10x_it.o(.data)
    receive_flag                             0x20000008   Data           4  gd32f10x_it.o(.data)
    .data                                    0x2000000c   Section       24  main.o(.data)
    .data                                    0x20000024   Section        4  systick.o(.data)
    delay                                    0x20000024   Data           4  systick.o(.data)
    .data                                    0x20000028   Section       24  pid.o(.data)
    last_ENC_1                               0x20000028   Data           4  pid.o(.data)
    last_ENC_2                               0x2000002c   Data           4  pid.o(.data)
    last_ENC_3                               0x20000030   Data           4  pid.o(.data)
    last_ENC_2                               0x20000034   Data           4  pid.o(.data)
    last_ENC_3                               0x20000038   Data           4  pid.o(.data)
    last_PWM                                 0x2000003c   Data           4  pid.o(.data)
    .data                                    0x20000040   Section       24  uart_driver.o(.data)
    .bss                                     0x20000058   Section       24  gd32f10x_it.o(.bss)
    .bss                                     0x20000070   Section     1400  pid.o(.bss)
    SUM_pid_speed                            0x20000070   Data         200  pid.o(.bss)
    SUM_pid_speed_1                          0x20000138   Data         200  pid.o(.bss)
    SUM_pid_speed_2                          0x20000200   Data         200  pid.o(.bss)
    SUM_pid_speed_3                          0x200002c8   Data         200  pid.o(.bss)
    SUM_pid_2                                0x20000390   Data         200  pid.o(.bss)
    SUM_pid_3                                0x20000458   Data         200  pid.o(.bss)
    SUM_pid                                  0x20000520   Data         200  pid.o(.bss)
    .bss                                     0x200005e8   Section      160  uart_driver.o(.bss)
    STACK                                    0x20000688   Section     1024  startup_gd32f10x_md.o(STACK)

    Global Symbols

    Symbol Name                              Value     Ov Type        Size  Object(Section)

    BuildAttributes$$THM_ISAv4$P$D$K$B$S$PE$A:L22UL41UL21$X:L11$S22US41US21$IEEE1$IW$USESV6$~STKCKD$USESV7$~SHL$OTIME$ROPI$EBA8$MICROLIB$REQ8$PRES8$EABIv2 0x00000000   Number         0  anon$$obj.o ABSOLUTE
    __ARM_use_no_argv                        0x00000000   Number         0  main.o ABSOLUTE
    _printf_a                                0x00000000   Number         0  stubs.o ABSOLUTE
    _printf_c                                0x00000000   Number         0  stubs.o ABSOLUTE
    _printf_charcount                        0x00000000   Number         0  stubs.o ABSOLUTE
    _printf_d                                0x00000000   Number         0  stubs.o ABSOLUTE
    _printf_e                                0x00000000   Number         0  stubs.o ABSOLUTE
    _printf_f                                0x00000000   Number         0  stubs.o ABSOLUTE
    _printf_flags                            0x00000000   Number         0  stubs.o ABSOLUTE
    _printf_fp_dec                           0x00000000   Number         0  stubs.o ABSOLUTE
    _printf_fp_hex                           0x00000000   Number         0  stubs.o ABSOLUTE
    _printf_g                                0x00000000   Number         0  stubs.o ABSOLUTE
    _printf_i                                0x00000000   Number         0  stubs.o ABSOLUTE
    _printf_int_dec                          0x00000000   Number         0  stubs.o ABSOLUTE
    _printf_l                                0x00000000   Number         0  stubs.o ABSOLUTE
    _printf_lc                               0x00000000   Number         0  stubs.o ABSOLUTE
    _printf_ll                               0x00000000   Number         0  stubs.o ABSOLUTE
    _printf_lld                              0x00000000   Number         0  stubs.o ABSOLUTE
    _printf_lli                              0x00000000   Number         0  stubs.o ABSOLUTE
    _printf_llo                              0x00000000   Number         0  stubs.o ABSOLUTE
    _printf_llu                              0x00000000   Number         0  stubs.o ABSOLUTE
    _printf_llx                              0x00000000   Number         0  stubs.o ABSOLUTE
    _printf_longlong_dec                     0x00000000   Number         0  stubs.o ABSOLUTE
    _printf_longlong_hex                     0x00000000   Number         0  stubs.o ABSOLUTE
    _printf_longlong_oct                     0x00000000   Number         0  stubs.o ABSOLUTE
    _printf_ls                               0x00000000   Number         0  stubs.o ABSOLUTE
    _printf_mbtowc                           0x00000000   Number         0  stubs.o ABSOLUTE
    _printf_n                                0x00000000   Number         0  stubs.o ABSOLUTE
    _printf_o                                0x00000000   Number         0  stubs.o ABSOLUTE
    _printf_p                                0x00000000   Number         0  stubs.o ABSOLUTE
    _printf_percent                          0x00000000   Number         0  stubs.o ABSOLUTE
    _printf_pre_padding                      0x00000000   Number         0  stubs.o ABSOLUTE
    _printf_return_value                     0x00000000   Number         0  stubs.o ABSOLUTE
    _printf_s                                0x00000000   Number         0  stubs.o ABSOLUTE
    _printf_sizespec                         0x00000000   Number         0  stubs.o ABSOLUTE
    _printf_str                              0x00000000   Number         0  stubs.o ABSOLUTE
    _printf_truncate_signed                  0x00000000   Number         0  stubs.o ABSOLUTE
    _printf_truncate_unsigned                0x00000000   Number         0  stubs.o ABSOLUTE
    _printf_u                                0x00000000   Number         0  stubs.o ABSOLUTE
    _printf_wc                               0x00000000   Number         0  stubs.o ABSOLUTE
    _printf_wctomb                           0x00000000   Number         0  stubs.o ABSOLUTE
    _printf_widthprec                        0x00000000   Number         0  stubs.o ABSOLUTE
    _printf_x                                0x00000000   Number         0  stubs.o ABSOLUTE
    __arm_fini_                               - Undefined Weak Reference
    __cpp_initialize__aeabi_                  - Undefined Weak Reference
    __cxa_finalize                            - Undefined Weak Reference
    __decompress                              - Undefined Weak Reference
    _clock_init                               - Undefined Weak Reference
    _microlib_exit                            - Undefined Weak Reference
    __Vectors_Size                           0x00000104   Number         0  startup_gd32f10x_md.o ABSOLUTE
    __Vectors                                0x08000000   Data           4  startup_gd32f10x_md.o(RESET)
    __Vectors_End                            0x08000104   Data           0  startup_gd32f10x_md.o(RESET)
    __main                                   0x08000105   Thumb Code     0  entry.o(.ARM.Collect$$$$00000000)
    _main_stk                                0x08000105   Thumb Code     0  entry2.o(.ARM.Collect$$$$00000001)
    _main_scatterload                        0x08000109   Thumb Code     0  entry5.o(.ARM.Collect$$$$00000004)
    __main_after_scatterload                 0x0800010d   Thumb Code     0  entry5.o(.ARM.Collect$$$$00000004)
    _main_clock                              0x0800010d   Thumb Code     0  entry7b.o(.ARM.Collect$$$$00000008)
    _main_cpp_init                           0x0800010d   Thumb Code     0  entry8b.o(.ARM.Collect$$$$0000000A)
    _main_init                               0x0800010d   Thumb Code     0  entry9a.o(.ARM.Collect$$$$0000000B)
    __rt_lib_shutdown_fini                   0x08000115   Thumb Code     0  entry12b.o(.ARM.Collect$$$$0000000E)
    __rt_final_cpp                           0x08000119   Thumb Code     0  entry10a.o(.ARM.Collect$$$$0000000F)
    __rt_final_exit                          0x08000119   Thumb Code     0  entry11a.o(.ARM.Collect$$$$00000011)
    Reset_Handler                            0x0800011d   Thumb Code     8  startup_gd32f10x_md.o(.text)
    ADC0_1_IRQHandler                        0x08000137   Thumb Code     0  startup_gd32f10x_md.o(.text)
    CAN0_EWMC_IRQHandler                     0x08000137   Thumb Code     0  startup_gd32f10x_md.o(.text)
    CAN0_RX1_IRQHandler                      0x08000137   Thumb Code     0  startup_gd32f10x_md.o(.text)
    DMA0_Channel0_IRQHandler                 0x08000137   Thumb Code     0  startup_gd32f10x_md.o(.text)
    DMA0_Channel1_IRQHandler                 0x08000137   Thumb Code     0  startup_gd32f10x_md.o(.text)
    DMA0_Channel2_IRQHandler                 0x08000137   Thumb Code     0  startup_gd32f10x_md.o(.text)
    DMA0_Channel3_IRQHandler                 0x08000137   Thumb Code     0  startup_gd32f10x_md.o(.text)
    DMA0_Channel4_IRQHandler                 0x08000137   Thumb Code     0  startup_gd32f10x_md.o(.text)
    DMA0_Channel5_IRQHandler                 0x08000137   Thumb Code     0  startup_gd32f10x_md.o(.text)
    DMA0_Channel6_IRQHandler                 0x08000137   Thumb Code     0  startup_gd32f10x_md.o(.text)
    EXMC_IRQHandler                          0x08000137   Thumb Code     0  startup_gd32f10x_md.o(.text)
    EXTI0_IRQHandler                         0x08000137   Thumb Code     0  startup_gd32f10x_md.o(.text)
    EXTI10_15_IRQHandler                     0x08000137   Thumb Code     0  startup_gd32f10x_md.o(.text)
    EXTI1_IRQHandler                         0x08000137   Thumb Code     0  startup_gd32f10x_md.o(.text)
    EXTI2_IRQHandler                         0x08000137   Thumb Code     0  startup_gd32f10x_md.o(.text)
    EXTI3_IRQHandler                         0x08000137   Thumb Code     0  startup_gd32f10x_md.o(.text)
    EXTI4_IRQHandler                         0x08000137   Thumb Code     0  startup_gd32f10x_md.o(.text)
    EXTI5_9_IRQHandler                       0x08000137   Thumb Code     0  startup_gd32f10x_md.o(.text)
    FMC_IRQHandler                           0x08000137   Thumb Code     0  startup_gd32f10x_md.o(.text)
    I2C0_ER_IRQHandler                       0x08000137   Thumb Code     0  startup_gd32f10x_md.o(.text)
    I2C0_EV_IRQHandler                       0x08000137   Thumb Code     0  startup_gd32f10x_md.o(.text)
    I2C1_ER_IRQHandler                       0x08000137   Thumb Code     0  startup_gd32f10x_md.o(.text)
    I2C1_EV_IRQHandler                       0x08000137   Thumb Code     0  startup_gd32f10x_md.o(.text)
    LVD_IRQHandler                           0x08000137   Thumb Code     0  startup_gd32f10x_md.o(.text)
    RCU_IRQHandler                           0x08000137   Thumb Code     0  startup_gd32f10x_md.o(.text)
    RTC_Alarm_IRQHandler                     0x08000137   Thumb Code     0  startup_gd32f10x_md.o(.text)
    RTC_IRQHandler                           0x08000137   Thumb Code     0  startup_gd32f10x_md.o(.text)
    SPI0_IRQHandler                          0x08000137   Thumb Code     0  startup_gd32f10x_md.o(.text)
    SPI1_IRQHandler                          0x08000137   Thumb Code     0  startup_gd32f10x_md.o(.text)
    TAMPER_IRQHandler                        0x08000137   Thumb Code     0  startup_gd32f10x_md.o(.text)
    TIMER0_BRK_IRQHandler                    0x08000137   Thumb Code     0  startup_gd32f10x_md.o(.text)
    TIMER0_Channel_IRQHandler                0x08000137   Thumb Code     0  startup_gd32f10x_md.o(.text)
    TIMER0_TRG_CMT_IRQHandler                0x08000137   Thumb Code     0  startup_gd32f10x_md.o(.text)
    TIMER1_IRQHandler                        0x08000137   Thumb Code     0  startup_gd32f10x_md.o(.text)
    TIMER2_IRQHandler                        0x08000137   Thumb Code     0  startup_gd32f10x_md.o(.text)
    TIMER3_IRQHandler                        0x08000137   Thumb Code     0  startup_gd32f10x_md.o(.text)
    USART0_IRQHandler                        0x08000137   Thumb Code     0  startup_gd32f10x_md.o(.text)
    USBD_HP_CAN0_TX_IRQHandler               0x08000137   Thumb Code     0  startup_gd32f10x_md.o(.text)
    USBD_LP_CAN0_RX0_IRQHandler              0x08000137   Thumb Code     0  startup_gd32f10x_md.o(.text)
    USBD_WKUP_IRQHandler                     0x08000137   Thumb Code     0  startup_gd32f10x_md.o(.text)
    WWDGT_IRQHandler                         0x08000137   Thumb Code     0  startup_gd32f10x_md.o(.text)
    __aeabi_memset                           0x08000141   Thumb Code    14  memseta.o(.text)
    __aeabi_memset4                          0x08000141   Thumb Code     0  memseta.o(.text)
    __aeabi_memset8                          0x08000141   Thumb Code     0  memseta.o(.text)
    __aeabi_memclr                           0x0800014f   Thumb Code     4  memseta.o(.text)
    __aeabi_memclr4                          0x0800014f   Thumb Code     0  memseta.o(.text)
    __aeabi_memclr8                          0x0800014f   Thumb Code     0  memseta.o(.text)
    _memset$wrapper                          0x08000153   Thumb Code    18  memseta.o(.text)
    strcat                                   0x08000165   Thumb Code    24  strcat.o(.text)
    __aeabi_fadd                             0x0800017d   Thumb Code   164  fadd.o(.text)
    __aeabi_fsub                             0x08000221   Thumb Code     6  fadd.o(.text)
    __aeabi_frsub                            0x08000227   Thumb Code     6  fadd.o(.text)
    __aeabi_fmul                             0x0800022d   Thumb Code   100  fmul.o(.text)
    __aeabi_dadd                             0x08000291   Thumb Code   322  dadd.o(.text)
    __aeabi_dsub                             0x080003d3   Thumb Code     6  dadd.o(.text)
    __aeabi_drsub                            0x080003d9   Thumb Code     6  dadd.o(.text)
    __aeabi_dmul                             0x080003df   Thumb Code   228  dmul.o(.text)
    __aeabi_i2f                              0x080004c3   Thumb Code    18  fflti.o(.text)
    __aeabi_i2d                              0x080004d5   Thumb Code    34  dflti.o(.text)
    __aeabi_f2iz                             0x080004f7   Thumb Code    50  ffixi.o(.text)
    __aeabi_d2iz                             0x08000529   Thumb Code    62  dfixi.o(.text)
    __aeabi_f2d                              0x08000567   Thumb Code    38  f2d.o(.text)
    __aeabi_cdcmpeq                          0x0800058d   Thumb Code     0  cdcmple.o(.text)
    __aeabi_cdcmple                          0x0800058d   Thumb Code    48  cdcmple.o(.text)
    __aeabi_cdrcmple                         0x080005bd   Thumb Code    48  cdrcmple.o(.text)
    __aeabi_d2f                              0x080005ed   Thumb Code    56  d2f.o(.text)
    __aeabi_cfrcmple                         0x08000625   Thumb Code    20  cfrcmple.o(.text)
    __aeabi_uidiv                            0x08000639   Thumb Code     0  uidiv.o(.text)
    __aeabi_uidivmod                         0x08000639   Thumb Code    44  uidiv.o(.text)
    __aeabi_llsl                             0x08000665   Thumb Code    30  llshl.o(.text)
    _ll_shift_l                              0x08000665   Thumb Code     0  llshl.o(.text)
    __aeabi_llsr                             0x08000683   Thumb Code    32  llushr.o(.text)
    _ll_ushift_r                             0x08000683   Thumb Code     0  llushr.o(.text)
    __aeabi_lasr                             0x080006a3   Thumb Code    36  llsshr.o(.text)
    _ll_sshift_r                             0x080006a3   Thumb Code     0  llsshr.o(.text)
    __I$use$fp                               0x080006c7   Thumb Code     0  iusefp.o(.text)
    _float_round                             0x080006c7   Thumb Code    18  fepilogue.o(.text)
    _float_epilogue                          0x080006d9   Thumb Code    92  fepilogue.o(.text)
    _double_round                            0x08000735   Thumb Code    30  depilogue.o(.text)
    _double_epilogue                         0x08000753   Thumb Code   156  depilogue.o(.text)
    __scatterload                            0x080007f1   Thumb Code    28  init.o(.text)
    __scatterload_rt2                        0x080007f1   Thumb Code     0  init.o(.text)
    BusFault_Handler                         0x08000815   Thumb Code     4  gd32f10x_it.o(i.BusFault_Handler)
    DebugMon_Handler                         0x08000819   Thumb Code     4  gd32f10x_it.o(i.DebugMon_Handler)
    ENC_Read                                 0x0800081d   Thumb Code    32  enc_driver.o(i.ENC_Read)
    HardFault_Handler                        0x0800083d   Thumb Code     4  gd32f10x_it.o(i.HardFault_Handler)
    Judgeballposi                            0x08000841   Thumb Code   306  main.o(i.Judgeballposi)
    Judgegateposi                            0x0800098d   Thumb Code   472  main.o(i.Judgegateposi)
    MemManage_Handler                        0x08000b85   Thumb Code     4  gd32f10x_it.o(i.MemManage_Handler)
    MotorCtrl3W                              0x08000b89   Thumb Code   154  pwm_driver.o(i.MotorCtrl3W)
    Motor_Init                               0x08000c2d   Thumb Code   134  pwm_driver.o(i.Motor_Init)
    NMI_Handler                              0x08000cbd   Thumb Code     4  gd32f10x_it.o(i.NMI_Handler)
    OLED_CLS                                 0x08000ce9   Thumb Code    56  oled_driver.o(i.OLED_CLS)
    OLED_Init                                0x08000d21   Thumb Code   328  oled_driver.o(i.OLED_Init)
    OLED_P6x8Str                             0x08000e71   Thumb Code    96  oled_driver.o(i.OLED_P6x8Str)
    OLED_Set_Pos                             0x08000ed5   Thumb Code    36  oled_driver.o(i.OLED_Set_Pos)
    OLED_WrCmd                               0x08000ef9   Thumb Code   100  oled_driver.o(i.OLED_WrCmd)
    OLED_WrDat                               0x08000f65   Thumb Code   100  oled_driver.o(i.OLED_WrDat)
    PendSV_Handler                           0x08000fd1   Thumb Code     4  gd32f10x_it.o(i.PendSV_Handler)
    Read_key                                 0x08000fd5   Thumb Code   162  key_driver.o(i.Read_key)
    SVC_Handler                              0x08001081   Thumb Code     4  gd32f10x_it.o(i.SVC_Handler)
    SysTick_Handler                          0x08001085   Thumb Code     8  gd32f10x_it.o(i.SysTick_Handler)
    SystemInit                               0x0800108d   Thumb Code   196  system_gd32f10x.o(i.SystemInit)
    TIMER0_UP_IRQHandler                     0x08001161   Thumb Code    16  gd32f10x_it.o(i.TIMER0_UP_IRQHandler)
    USART1_IRQHandler                        0x08001175   Thumb Code   114  gd32f10x_it.o(i.USART1_IRQHandler)
    USART1_Init                              0x0800120d   Thumb Code   142  uart_driver.o(i.USART1_Init)
    USART2_IRQHandler                        0x080012a5   Thumb Code   152  gd32f10x_it.o(i.USART2_IRQHandler)
    USART2_Init                              0x08001365   Thumb Code   146  uart_driver.o(i.USART2_Init)
    USART_Sent_Byte                          0x08001401   Thumb Code    30  uart_driver.o(i.USART_Sent_Byte)
    USART_Sent_String                        0x0800141f   Thumb Code    28  uart_driver.o(i.USART_Sent_String)
    UpdateState                              0x0800143b   Thumb Code   332  main.o(i.UpdateState)
    Updateturnballflag                       0x08001587   Thumb Code    30  main.o(i.Updateturnballflag)
    Updateturngateflag                       0x080015a5   Thumb Code    30  main.o(i.Updateturngateflag)
    UsageFault_Handler                       0x080015c3   Thumb Code     4  gd32f10x_it.o(i.UsageFault_Handler)
    __0sprintf$6                             0x080015c9   Thumb Code    34  printf6.o(i.__0sprintf$6)
    __1sprintf$6                             0x080015c9   Thumb Code     0  printf6.o(i.__0sprintf$6)
    __2sprintf                               0x080015c9   Thumb Code     0  printf6.o(i.__0sprintf$6)
    __scatterload_copy                       0x080015f1   Thumb Code    14  handlers.o(i.__scatterload_copy)
    __scatterload_null                       0x080015ff   Thumb Code     2  handlers.o(i.__scatterload_null)
    __scatterload_zeroinit                   0x08001601   Thumb Code    14  handlers.o(i.__scatterload_zeroinit)
    clear_array                              0x0800195d   Thumb Code    22  main.o(i.clear_array)
    delay_1ms                                0x08001975   Thumb Code    16  systick.o(i.delay_1ms)
    delay_decrement                          0x08001989   Thumb Code    18  systick.o(i.delay_decrement)
    encoder1_config                          0x080019a1   Thumb Code   142  enc_driver.o(i.encoder1_config)
    encoder2_config                          0x08001a35   Thumb Code   132  enc_driver.o(i.encoder2_config)
    encoder3_config                          0x08001ac1   Thumb Code   124  enc_driver.o(i.encoder3_config)
    gpio_bit_reset                           0x08001b41   Thumb Code     4  gd32f10x_gpio.o(i.gpio_bit_reset)
    gpio_bit_set                             0x08001b45   Thumb Code     4  gd32f10x_gpio.o(i.gpio_bit_set)
    gpio_bit_write                           0x08001b49   Thumb Code    10  gd32f10x_gpio.o(i.gpio_bit_write)
    gpio_init                                0x08001b53   Thumb Code   172  gd32f10x_gpio.o(i.gpio_init)
    gpio_input_bit_get                       0x08001bff   Thumb Code    16  gd32f10x_gpio.o(i.gpio_input_bit_get)
    gpio_pin_remap_config                    0x08001c11   Thumb Code   138  gd32f10x_gpio.o(i.gpio_pin_remap_config)
    intToStr                                 0x08001ca1   Thumb Code   120  main.o(i.intToStr)
    key_init                                 0x08001d19   Thumb Code   108  key_driver.o(i.key_init)
    led_init                                 0x08001d8d   Thumb Code    36  led_driver.o(i.led_init)
    led_toggle                               0x08001db5   Thumb Code    32  led_driver.o(i.led_toggle)
    lq_oled_short_delay                      0x08001dd9   Thumb Code    14  oled_driver.o(i.lq_oled_short_delay)
    main                                     0x08001de9   Thumb Code  1554  main.o(i.main)
    nvic_irq_enable                          0x08002471   Thumb Code   162  gd32f10x_misc.o(i.nvic_irq_enable)
    nvic_priority_group_set                  0x0800251d   Thumb Code    10  gd32f10x_misc.o(i.nvic_priority_group_set)
    nvic_vector_table_set                    0x08002531   Thumb Code    16  gd32f10x_misc.o(i.nvic_vector_table_set)
    pid_closing_ball                         0x08002549   Thumb Code   482  pid.o(i.pid_closing_ball)
    pid_closing_ball_near                    0x08002739   Thumb Code   486  pid.o(i.pid_closing_ball_near)
    pid_shot                                 0x08002941   Thumb Code   468  pid.o(i.pid_shot)
    pid_speed_1_motor                        0x08002b29   Thumb Code   208  pid.o(i.pid_speed_1_motor)
    pid_speed_3_motor                        0x08002c0d   Thumb Code   552  pid.o(i.pid_speed_3_motor)
    queue_push                               0x08002e5d   Thumb Code    30  pid.o(i.queue_push)
    queue_sum                                0x08002e7b   Thumb Code    28  pid.o(i.queue_sum)
    rcu_ahb_clock_config                     0x08002e99   Thumb Code    18  gd32f10x_rcu.o(i.rcu_ahb_clock_config)
    rcu_clock_freq_get                       0x08002eb1   Thumb Code   264  gd32f10x_rcu.o(i.rcu_clock_freq_get)
    rcu_periph_clock_enable                  0x08002fd5   Thumb Code    28  gd32f10x_rcu.o(i.rcu_periph_clock_enable)
    rcu_periph_reset_disable                 0x08002ff5   Thumb Code    28  gd32f10x_rcu.o(i.rcu_periph_reset_disable)
    rcu_periph_reset_enable                  0x08003015   Thumb Code    28  gd32f10x_rcu.o(i.rcu_periph_reset_enable)
    reverse                                  0x08003035   Thumb Code    30  main.o(i.reverse)
    send_string                              0x08003055   Thumb Code    14  uart_driver.o(i.send_string)
    systick_config                           0x08003135   Thumb Code    74  systick.o(i.systick_config)
    timer_auto_reload_shadow_enable          0x08003185   Thumb Code    10  gd32f10x_timer.o(i.timer_auto_reload_shadow_enable)
    timer_channel_output_config              0x08003191   Thumb Code   484  gd32f10x_timer.o(i.timer_channel_output_config)
    timer_channel_output_mode_config         0x0800337d   Thumb Code    90  gd32f10x_timer.o(i.timer_channel_output_mode_config)
    timer_channel_output_pulse_value_config  0x080033d7   Thumb Code    38  gd32f10x_timer.o(i.timer_channel_output_pulse_value_config)
    timer_channel_output_shadow_config       0x080033fd   Thumb Code    90  gd32f10x_timer.o(i.timer_channel_output_shadow_config)
    timer_config                             0x08003459   Thumb Code   236  pwm_driver.o(i.timer_config)
    timer_counter_value_config               0x08003549   Thumb Code     4  gd32f10x_timer.o(i.timer_counter_value_config)
    timer_deinit                             0x0800354d   Thumb Code   210  gd32f10x_timer.o(i.timer_deinit)
    timer_enable                             0x08003629   Thumb Code    10  gd32f10x_timer.o(i.timer_enable)
    timer_flag_clear                         0x08003633   Thumb Code     6  gd32f10x_timer.o(i.timer_flag_clear)
    timer_init                               0x08003639   Thumb Code   170  gd32f10x_timer.o(i.timer_init)
    timer_primary_output_config              0x08003719   Thumb Code    24  gd32f10x_timer.o(i.timer_primary_output_config)
    timer_quadrature_decoder_mode_config     0x08003731   Thumb Code    64  gd32f10x_timer.o(i.timer_quadrature_decoder_mode_config)
    usart_baudrate_set                       0x08003771   Thumb Code   136  gd32f10x_usart.o(i.usart_baudrate_set)
    usart_data_receive                       0x08003801   Thumb Code    10  gd32f10x_usart.o(i.usart_data_receive)
    usart_data_transmit                      0x0800380b   Thumb Code     8  gd32f10x_usart.o(i.usart_data_transmit)
    usart_deinit                             0x08003815   Thumb Code   136  gd32f10x_usart.o(i.usart_deinit)
    usart_enable                             0x080038a5   Thumb Code    10  gd32f10x_usart.o(i.usart_enable)
    usart_flag_get                           0x080038af   Thumb Code    30  gd32f10x_usart.o(i.usart_flag_get)
    usart_hardware_flow_cts_config           0x080038cd   Thumb Code    20  gd32f10x_usart.o(i.usart_hardware_flow_cts_config)
    usart_hardware_flow_rts_config           0x080038e1   Thumb Code    20  gd32f10x_usart.o(i.usart_hardware_flow_rts_config)
    usart_interrupt_disable                  0x080038f5   Thumb Code    26  gd32f10x_usart.o(i.usart_interrupt_disable)
    usart_interrupt_enable                   0x0800390f   Thumb Code    26  gd32f10x_usart.o(i.usart_interrupt_enable)
    usart_interrupt_flag_get                 0x08003929   Thumb Code    56  gd32f10x_usart.o(i.usart_interrupt_flag_get)
    usart_parity_config                      0x08003961   Thumb Code    16  gd32f10x_usart.o(i.usart_parity_config)
    usart_receive_config                     0x08003971   Thumb Code    16  gd32f10x_usart.o(i.usart_receive_config)
    usart_stop_bit_set                       0x08003981   Thumb Code    16  gd32f10x_usart.o(i.usart_stop_bit_set)
    usart_transmit_config                    0x08003991   Thumb Code    16  gd32f10x_usart.o(i.usart_transmit_config)
    usart_word_length_set                    0x080039a1   Thumb Code    16  gd32f10x_usart.o(i.usart_word_length_set)
    F6x8                                     0x080039b0   Data         552  oled_driver.o(.constdata)
    F8X16                                    0x08003bd8   Data        1520  oled_driver.o(.constdata)
    Region$$Table$$Base                      0x080041c8   Number         0  anon$$obj.o(Region$$Table)
    Region$$Table$$Limit                     0x080041e8   Number         0  anon$$obj.o(Region$$Table)
    SystemCoreClock                          0x20000000   Data           4  system_gd32f10x.o(.data)
    receive_ball_cx                          0x2000000c   Data           4  main.o(.data)
    receive_gate_cx                          0x20000010   Data           4  main.o(.data)
    receive_ball_dis_flag                    0x20000014   Data           4  main.o(.data)
    receive_gate_dis_flag                    0x20000018   Data           4  main.o(.data)
    receive_gate_left_x                      0x2000001c   Data           4  main.o(.data)
    receive_gate_right_x                     0x20000020   Data           4  main.o(.data)
    transmitter_buffer1                      0x20000040   Data          11  uart_driver.o(.data)
    transfersize1                            0x2000004b   Data           1  uart_driver.o(.data)
    receivesize1                             0x2000004c   Data           1  uart_driver.o(.data)
    txcount1                                 0x2000004d   Data           1  uart_driver.o(.data)
    rxcount1                                 0x2000004e   Data           2  uart_driver.o(.data)
    USART_Rx_Len                             0x20000050   Data           2  uart_driver.o(.data)
    USART_Rx_Count                           0x20000052   Data           2  uart_driver.o(.data)
    USART_Tx_Len                             0x20000054   Data           2  uart_driver.o(.data)
    USART_Tx_Count                           0x20000056   Data           2  uart_driver.o(.data)
    receive_data                             0x20000058   Data          24  gd32f10x_it.o(.bss)
    receiver_buffer1                         0x200005e8   Data          32  uart_driver.o(.bss)
    USART_Rx_Buf                             0x20000608   Data          64  uart_driver.o(.bss)
    USART_Tx_Buf                             0x20000648   Data          64  uart_driver.o(.bss)
    __initial_sp                             0x20000a88   Data           0  startup_gd32f10x_md.o(STACK)



==============================================================================

Memory Map of the image

  Image Entry point : 0x08000105

  Load Region LR_IROM1 (Base: 0x08000000, Size: 0x00004240, Max: 0x00010000, ABSOLUTE)

    Execution Region ER_IROM1 (Exec base: 0x08000000, Load base: 0x08000000, Size: 0x000041e8, Max: 0x00010000, ABSOLUTE)

    Exec Addr    Load Addr    Size         Type   Attr      Idx    E Section Name        Object

    0x08000000   0x08000000   0x00000104   Data   RO          133    RESET               startup_gd32f10x_md.o
    0x08000104   0x08000104   0x00000000   Code   RO         4439  * .ARM.Collect$$$$00000000  mc_w.l(entry.o)
    0x08000104   0x08000104   0x00000004   Code   RO         4739    .ARM.Collect$$$$00000001  mc_w.l(entry2.o)
    0x08000108   0x08000108   0x00000004   Code   RO         4742    .ARM.Collect$$$$00000004  mc_w.l(entry5.o)
    0x0800010c   0x0800010c   0x00000000   Code   RO         4744    .ARM.Collect$$$$00000008  mc_w.l(entry7b.o)
    0x0800010c   0x0800010c   0x00000000   Code   RO         4746    .ARM.Collect$$$$0000000A  mc_w.l(entry8b.o)
    0x0800010c   0x0800010c   0x00000008   Code   RO         4747    .ARM.Collect$$$$0000000B  mc_w.l(entry9a.o)
    0x08000114   0x08000114   0x00000004   Code   RO         4754    .ARM.Collect$$$$0000000E  mc_w.l(entry12b.o)
    0x08000118   0x08000118   0x00000000   Code   RO         4749    .ARM.Collect$$$$0000000F  mc_w.l(entry10a.o)
    0x08000118   0x08000118   0x00000000   Code   RO         4751    .ARM.Collect$$$$00000011  mc_w.l(entry11a.o)
    0x08000118   0x08000118   0x00000004   Code   RO         4740    .ARM.Collect$$$$00002712  mc_w.l(entry2.o)
    0x0800011c   0x0800011c   0x00000024   Code   RO          134    .text               startup_gd32f10x_md.o
    0x08000140   0x08000140   0x00000024   Code   RO         4442    .text               mc_w.l(memseta.o)
    0x08000164   0x08000164   0x00000018   Code   RO         4444    .text               mc_w.l(strcat.o)
    0x0800017c   0x0800017c   0x000000b0   Code   RO         4707    .text               mf_w.l(fadd.o)
    0x0800022c   0x0800022c   0x00000064   Code   RO         4709    .text               mf_w.l(fmul.o)
    0x08000290   0x08000290   0x0000014e   Code   RO         4713    .text               mf_w.l(dadd.o)
    0x080003de   0x080003de   0x000000e4   Code   RO         4715    .text               mf_w.l(dmul.o)
    0x080004c2   0x080004c2   0x00000012   Code   RO         4717    .text               mf_w.l(fflti.o)
    0x080004d4   0x080004d4   0x00000022   Code   RO         4721    .text               mf_w.l(dflti.o)
    0x080004f6   0x080004f6   0x00000032   Code   RO         4723    .text               mf_w.l(ffixi.o)
    0x08000528   0x08000528   0x0000003e   Code   RO         4727    .text               mf_w.l(dfixi.o)
    0x08000566   0x08000566   0x00000026   Code   RO         4729    .text               mf_w.l(f2d.o)
    0x0800058c   0x0800058c   0x00000030   Code   RO         4731    .text               mf_w.l(cdcmple.o)
    0x080005bc   0x080005bc   0x00000030   Code   RO         4733    .text               mf_w.l(cdrcmple.o)
    0x080005ec   0x080005ec   0x00000038   Code   RO         4735    .text               mf_w.l(d2f.o)
    0x08000624   0x08000624   0x00000014   Code   RO         4737    .text               mf_w.l(cfrcmple.o)
    0x08000638   0x08000638   0x0000002c   Code   RO         4756    .text               mc_w.l(uidiv.o)
    0x08000664   0x08000664   0x0000001e   Code   RO         4760    .text               mc_w.l(llshl.o)
    0x08000682   0x08000682   0x00000020   Code   RO         4762    .text               mc_w.l(llushr.o)
    0x080006a2   0x080006a2   0x00000024   Code   RO         4764    .text               mc_w.l(llsshr.o)
    0x080006c6   0x080006c6   0x00000000   Code   RO         4766    .text               mc_w.l(iusefp.o)
    0x080006c6   0x080006c6   0x0000006e   Code   RO         4767    .text               mf_w.l(fepilogue.o)
    0x08000734   0x08000734   0x000000ba   Code   RO         4769    .text               mf_w.l(depilogue.o)
    0x080007ee   0x080007ee   0x00000002   PAD
    0x080007f0   0x080007f0   0x00000024   Code   RO         4775    .text               mc_w.l(init.o)
    0x08000814   0x08000814   0x00000004   Code   RO         3664    i.BusFault_Handler  gd32f10x_it.o
    0x08000818   0x08000818   0x00000004   Code   RO         3665    i.DebugMon_Handler  gd32f10x_it.o
    0x0800081c   0x0800081c   0x00000020   Code   RO         4185    i.ENC_Read          enc_driver.o
    0x0800083c   0x0800083c   0x00000004   Code   RO         3666    i.HardFault_Handler  gd32f10x_it.o
    0x08000840   0x08000840   0x0000014c   Code   RO         3767    i.Judgeballposi     main.o
    0x0800098c   0x0800098c   0x000001f8   Code   RO         3768    i.Judgegateposi     main.o
    0x08000b84   0x08000b84   0x00000004   Code   RO         3667    i.MemManage_Handler  gd32f10x_it.o
    0x08000b88   0x08000b88   0x000000a4   Code   RO         4317    i.MotorCtrl3W       pwm_driver.o
    0x08000c2c   0x08000c2c   0x00000090   Code   RO         4318    i.Motor_Init        pwm_driver.o
    0x08000cbc   0x08000cbc   0x00000004   Code   RO         3668    i.NMI_Handler       gd32f10x_it.o
    0x08000cc0   0x08000cc0   0x00000028   Code   RO         3877    i.NVIC_SetPriority  systick.o
    0x08000ce8   0x08000ce8   0x00000038   Code   RO         4064    i.OLED_CLS          oled_driver.o
    0x08000d20   0x08000d20   0x00000150   Code   RO         4067    i.OLED_Init         oled_driver.o
    0x08000e70   0x08000e70   0x00000064   Code   RO         4068    i.OLED_P6x8Str      oled_driver.o
    0x08000ed4   0x08000ed4   0x00000024   Code   RO         4072    i.OLED_Set_Pos      oled_driver.o
    0x08000ef8   0x08000ef8   0x0000006c   Code   RO         4074    i.OLED_WrCmd        oled_driver.o
    0x08000f64   0x08000f64   0x0000006c   Code   RO         4075    i.OLED_WrDat        oled_driver.o
    0x08000fd0   0x08000fd0   0x00000004   Code   RO         3669    i.PendSV_Handler    gd32f10x_it.o
    0x08000fd4   0x08000fd4   0x000000ac   Code   RO         4032    i.Read_key          key_driver.o
    0x08001080   0x08001080   0x00000004   Code   RO         3670    i.SVC_Handler       gd32f10x_it.o
    0x08001084   0x08001084   0x00000008   Code   RO         3671    i.SysTick_Handler   gd32f10x_it.o
    0x0800108c   0x0800108c   0x000000d4   Code   RO            3    i.SystemInit        system_gd32f10x.o
    0x08001160   0x08001160   0x00000014   Code   RO         3672    i.TIMER0_UP_IRQHandler  gd32f10x_it.o
    0x08001174   0x08001174   0x00000098   Code   RO         3673    i.USART1_IRQHandler  gd32f10x_it.o
    0x0800120c   0x0800120c   0x00000098   Code   RO         4226    i.USART1_Init       uart_driver.o
    0x080012a4   0x080012a4   0x000000c0   Code   RO         3674    i.USART2_IRQHandler  gd32f10x_it.o
    0x08001364   0x08001364   0x0000009c   Code   RO         4227    i.USART2_Init       uart_driver.o
    0x08001400   0x08001400   0x0000001e   Code   RO         4228    i.USART_Sent_Byte   uart_driver.o
    0x0800141e   0x0800141e   0x0000001c   Code   RO         4230    i.USART_Sent_String  uart_driver.o
    0x0800143a   0x0800143a   0x0000014c   Code   RO         3769    i.UpdateState       main.o
    0x08001586   0x08001586   0x0000001e   Code   RO         3770    i.Updateturnballflag  main.o
    0x080015a4   0x080015a4   0x0000001e   Code   RO         3771    i.Updateturngateflag  main.o
    0x080015c2   0x080015c2   0x00000004   Code   RO         3675    i.UsageFault_Handler  gd32f10x_it.o
    0x080015c6   0x080015c6   0x00000002   PAD
    0x080015c8   0x080015c8   0x00000028   Code   RO         4603    i.__0sprintf$6      mc_w.l(printf6.o)
    0x080015f0   0x080015f0   0x0000000e   Code   RO         4779    i.__scatterload_copy  mc_w.l(handlers.o)
    0x080015fe   0x080015fe   0x00000002   Code   RO         4780    i.__scatterload_null  mc_w.l(handlers.o)
    0x08001600   0x08001600   0x0000000e   Code   RO         4781    i.__scatterload_zeroinit  mc_w.l(handlers.o)
    0x0800160e   0x0800160e   0x00000002   PAD
    0x08001610   0x08001610   0x000002f0   Code   RO         4608    i._printf_core      mc_w.l(printf6.o)
    0x08001900   0x08001900   0x00000024   Code   RO         4609    i._printf_post_padding  mc_w.l(printf6.o)
    0x08001924   0x08001924   0x0000002e   Code   RO         4610    i._printf_pre_padding  mc_w.l(printf6.o)
    0x08001952   0x08001952   0x0000000a   Code   RO         4612    i._sputc            mc_w.l(printf6.o)
    0x0800195c   0x0800195c   0x00000016   Code   RO         3772    i.clear_array       main.o
    0x08001972   0x08001972   0x00000002   PAD
    0x08001974   0x08001974   0x00000014   Code   RO         3878    i.delay_1ms         systick.o
    0x08001988   0x08001988   0x00000018   Code   RO         3879    i.delay_decrement   systick.o
    0x080019a0   0x080019a0   0x00000094   Code   RO         4186    i.encoder1_config   enc_driver.o
    0x08001a34   0x08001a34   0x0000008c   Code   RO         4187    i.encoder2_config   enc_driver.o
    0x08001ac0   0x08001ac0   0x00000080   Code   RO         4188    i.encoder3_config   enc_driver.o
    0x08001b40   0x08001b40   0x00000004   Code   RO         1632    i.gpio_bit_reset    gd32f10x_gpio.o
    0x08001b44   0x08001b44   0x00000004   Code   RO         1633    i.gpio_bit_set      gd32f10x_gpio.o
    0x08001b48   0x08001b48   0x0000000a   Code   RO         1634    i.gpio_bit_write    gd32f10x_gpio.o
    0x08001b52   0x08001b52   0x000000ac   Code   RO         1640    i.gpio_init         gd32f10x_gpio.o
    0x08001bfe   0x08001bfe   0x00000010   Code   RO         1641    i.gpio_input_bit_get  gd32f10x_gpio.o
    0x08001c0e   0x08001c0e   0x00000002   PAD
    0x08001c10   0x08001c10   0x00000090   Code   RO         1646    i.gpio_pin_remap_config  gd32f10x_gpio.o
    0x08001ca0   0x08001ca0   0x00000078   Code   RO         3773    i.intToStr          main.o
    0x08001d18   0x08001d18   0x00000074   Code   RO         4033    i.key_init          key_driver.o
    0x08001d8c   0x08001d8c   0x00000028   Code   RO         3994    i.led_init          led_driver.o
    0x08001db4   0x08001db4   0x00000024   Code   RO         3997    i.led_toggle        led_driver.o
    0x08001dd8   0x08001dd8   0x0000000e   Code   RO         4077    i.lq_oled_short_delay  oled_driver.o
    0x08001de6   0x08001de6   0x00000002   PAD
    0x08001de8   0x08001de8   0x00000688   Code   RO         3774    i.main              main.o
    0x08002470   0x08002470   0x000000ac   Code   RO         1948    i.nvic_irq_enable   gd32f10x_misc.o
    0x0800251c   0x0800251c   0x00000014   Code   RO         1949    i.nvic_priority_group_set  gd32f10x_misc.o
    0x08002530   0x08002530   0x00000018   Code   RO         1950    i.nvic_vector_table_set  gd32f10x_misc.o
    0x08002548   0x08002548   0x000001f0   Code   RO         3924    i.pid_closing_ball  pid.o
    0x08002738   0x08002738   0x00000208   Code   RO         3925    i.pid_closing_ball_near  pid.o
    0x08002940   0x08002940   0x000001e8   Code   RO         3927    i.pid_shot          pid.o
    0x08002b28   0x08002b28   0x000000e4   Code   RO         3929    i.pid_speed_1_motor  pid.o
    0x08002c0c   0x08002c0c   0x00000250   Code   RO         3930    i.pid_speed_3_motor  pid.o
    0x08002e5c   0x08002e5c   0x0000001e   Code   RO         3932    i.queue_push        pid.o
    0x08002e7a   0x08002e7a   0x0000001c   Code   RO         3933    i.queue_sum         pid.o
    0x08002e96   0x08002e96   0x00000002   PAD
    0x08002e98   0x08002e98   0x00000018   Code   RO         2091    i.rcu_ahb_clock_config  gd32f10x_rcu.o
    0x08002eb0   0x08002eb0   0x00000124   Code   RO         2098    i.rcu_clock_freq_get  gd32f10x_rcu.o
    0x08002fd4   0x08002fd4   0x00000020   Code   RO         2115    i.rcu_periph_clock_enable  gd32f10x_rcu.o
    0x08002ff4   0x08002ff4   0x00000020   Code   RO         2118    i.rcu_periph_reset_disable  gd32f10x_rcu.o
    0x08003014   0x08003014   0x00000020   Code   RO         2119    i.rcu_periph_reset_enable  gd32f10x_rcu.o
    0x08003034   0x08003034   0x0000001e   Code   RO         3775    i.reverse           main.o
    0x08003052   0x08003052   0x00000002   PAD
    0x08003054   0x08003054   0x00000014   Code   RO         4233    i.send_string       uart_driver.o
    0x08003068   0x08003068   0x000000c4   Code   RO            4    i.system_clock_72m_hxtal  system_gd32f10x.o
    0x0800312c   0x0800312c   0x00000008   Code   RO            5    i.system_clock_config  system_gd32f10x.o
    0x08003134   0x08003134   0x00000050   Code   RO         3881    i.systick_config    systick.o
    0x08003184   0x08003184   0x0000000a   Code   RO         2909    i.timer_auto_reload_shadow_enable  gd32f10x_timer.o
    0x0800318e   0x0800318e   0x00000002   PAD
    0x08003190   0x08003190   0x000001ec   Code   RO         2926    i.timer_channel_output_config  gd32f10x_timer.o
    0x0800337c   0x0800337c   0x0000005a   Code   RO         2928    i.timer_channel_output_mode_config  gd32f10x_timer.o
    0x080033d6   0x080033d6   0x00000026   Code   RO         2930    i.timer_channel_output_pulse_value_config  gd32f10x_timer.o
    0x080033fc   0x080033fc   0x0000005a   Code   RO         2931    i.timer_channel_output_shadow_config  gd32f10x_timer.o
    0x08003456   0x08003456   0x00000002   PAD
    0x08003458   0x08003458   0x000000f0   Code   RO         4320    i.timer_config      pwm_driver.o
    0x08003548   0x08003548   0x00000004   Code   RO         2938    i.timer_counter_value_config  gd32f10x_timer.o
    0x0800354c   0x0800354c   0x000000dc   Code   RO         2939    i.timer_deinit      gd32f10x_timer.o
    0x08003628   0x08003628   0x0000000a   Code   RO         2944    i.timer_enable      gd32f10x_timer.o
    0x08003632   0x08003632   0x00000006   Code   RO         2951    i.timer_flag_clear  gd32f10x_timer.o
    0x08003638   0x08003638   0x000000e0   Code   RO         2954    i.timer_init        gd32f10x_timer.o
    0x08003718   0x08003718   0x00000018   Code   RO         2968    i.timer_primary_output_config  gd32f10x_timer.o
    0x08003730   0x08003730   0x00000040   Code   RO         2969    i.timer_quadrature_decoder_mode_config  gd32f10x_timer.o
    0x08003770   0x08003770   0x00000090   Code   RO         3337    i.usart_baudrate_set  gd32f10x_usart.o
    0x08003800   0x08003800   0x0000000a   Code   RO         3338    i.usart_data_receive  gd32f10x_usart.o
    0x0800380a   0x0800380a   0x00000008   Code   RO         3339    i.usart_data_transmit  gd32f10x_usart.o
    0x08003812   0x08003812   0x00000002   PAD
    0x08003814   0x08003814   0x00000090   Code   RO         3340    i.usart_deinit      gd32f10x_usart.o
    0x080038a4   0x080038a4   0x0000000a   Code   RO         3344    i.usart_enable      gd32f10x_usart.o
    0x080038ae   0x080038ae   0x0000001e   Code   RO         3346    i.usart_flag_get    gd32f10x_usart.o
    0x080038cc   0x080038cc   0x00000014   Code   RO         3350    i.usart_hardware_flow_cts_config  gd32f10x_usart.o
    0x080038e0   0x080038e0   0x00000014   Code   RO         3351    i.usart_hardware_flow_rts_config  gd32f10x_usart.o
    0x080038f4   0x080038f4   0x0000001a   Code   RO         3352    i.usart_interrupt_disable  gd32f10x_usart.o
    0x0800390e   0x0800390e   0x0000001a   Code   RO         3353    i.usart_interrupt_enable  gd32f10x_usart.o
    0x08003928   0x08003928   0x00000038   Code   RO         3355    i.usart_interrupt_flag_get  gd32f10x_usart.o
    0x08003960   0x08003960   0x00000010   Code   RO         3365    i.usart_parity_config  gd32f10x_usart.o
    0x08003970   0x08003970   0x00000010   Code   RO         3367    i.usart_receive_config  gd32f10x_usart.o
    0x08003980   0x08003980   0x00000010   Code   RO         3373    i.usart_stop_bit_set  gd32f10x_usart.o
    0x08003990   0x08003990   0x00000010   Code   RO         3377    i.usart_transmit_config  gd32f10x_usart.o
    0x080039a0   0x080039a0   0x00000010   Code   RO         3378    i.usart_word_length_set  gd32f10x_usart.o
    0x080039b0   0x080039b0   0x00000818   Data   RO         4078    .constdata          oled_driver.o
    0x080041c8   0x080041c8   0x00000020   Data   RO         4777    Region$$Table       anon$$obj.o


    Execution Region RW_IRAM1 (Exec base: 0x20000000, Load base: 0x080041e8, Size: 0x00000a88, Max: 0x00005000, ABSOLUTE)

    Exec Addr    Load Addr    Size         Type   Attr      Idx    E Section Name        Object

    0x20000000   0x080041e8   0x00000004   Data   RW            6    .data               system_gd32f10x.o
    0x20000004   0x080041ec   0x00000008   Data   RW         3677    .data               gd32f10x_it.o
    0x2000000c   0x080041f4   0x00000018   Data   RW         3776    .data               main.o
    0x20000024   0x0800420c   0x00000004   Data   RW         3882    .data               systick.o
    0x20000028   0x08004210   0x00000018   Data   RW         3935    .data               pid.o
    0x20000040   0x08004228   0x00000018   Data   RW         4235    .data               uart_driver.o
    0x20000058        -       0x00000018   Zero   RW         3676    .bss                gd32f10x_it.o
    0x20000070        -       0x00000578   Zero   RW         3934    .bss                pid.o
    0x200005e8        -       0x000000a0   Zero   RW         4234    .bss                uart_driver.o
    0x20000688        -       0x00000400   Zero   RW          131    STACK               startup_gd32f10x_md.o


==============================================================================

Image component sizes


      Code (inc. data)   RO Data    RW Data    ZI Data      Debug   Object Name

       448         18          0          0          0       2261   enc_driver.o
       350          6          0          0          0       3910   gd32f10x_gpio.o
       404         82          0          8         24       7110   gd32f10x_it.o
       216         28          0          0          0       1872   gd32f10x_misc.o
       412         46          0          0          0       3211   gd32f10x_rcu.o
      1272         72          0          0          0       8194   gd32f10x_timer.o
       574         16          0          0          0       9461   gd32f10x_usart.o
       288         24          0          0          0       1906   key_driver.o
        76          8          0          0          0        932   led_driver.o
      3072        262          0         24          0       8517   main.o
       758         28       2072          0          0       5094   oled_driver.o
      2382        128          0         24       1400       9184   pid.o
       548         24          0          0          0       1858   pwm_driver.o
        36          8        260          0       1024        804   startup_gd32f10x_md.o
       416         30          0          4          0      53983   system_gd32f10x.o
       164         24          0          4          0      24530   systick.o
       386         26          0         24        160       4490   uart_driver.o

    ----------------------------------------------------------------------
     11820        830       2364         88       2608     147317   Object Totals
         0          0         32          0          0          0   (incl. Generated)
        18          0          0          0          0          0   (incl. Padding)

    ----------------------------------------------------------------------

      Code (inc. data)   RO Data    RW Data    ZI Data      Debug   Library Member Name

         0          0          0          0          0          0   entry.o
         0          0          0          0          0          0   entry10a.o
         0          0          0          0          0          0   entry11a.o
         4          0          0          0          0          0   entry12b.o
         8          4          0          0          0          0   entry2.o
         4          0          0          0          0          0   entry5.o
         0          0          0          0          0          0   entry7b.o
         0          0          0          0          0          0   entry8b.o
         8          4          0          0          0          0   entry9a.o
        30          0          0          0          0          0   handlers.o
        36          8          0          0          0         68   init.o
         0          0          0          0          0          0   iusefp.o
        30          0          0          0          0         68   llshl.o
        36          0          0          0          0         68   llsshr.o
        32          0          0          0          0         68   llushr.o
        36          0          0          0          0        108   memseta.o
       884         10          0          0          0        420   printf6.o
        24          0          0          0          0         68   strcat.o
        44          0          0          0          0         80   uidiv.o
        48          0          0          0          0         68   cdcmple.o
        48          0          0          0          0         68   cdrcmple.o
        20          0          0          0          0         68   cfrcmple.o
        56          0          0          0          0         88   d2f.o
       334          0          0          0          0        148   dadd.o
       186          0          0          0          0        176   depilogue.o
        62          0          0          0          0         80   dfixi.o
        34          0          0          0          0         76   dflti.o
       228          0          0          0          0         96   dmul.o
        38          0          0          0          0         68   f2d.o
       176          0          0          0          0        140   fadd.o
       110          0          0          0          0        168   fepilogue.o
        50          0          0          0          0         68   ffixi.o
        18          0          0          0          0         68   fflti.o
       100          0          0          0          0         76   fmul.o

    ----------------------------------------------------------------------
      2688         26          0          0          0       2404   Library Totals
         4          0          0          0          0          0   (incl. Padding)

    ----------------------------------------------------------------------

      Code (inc. data)   RO Data    RW Data    ZI Data      Debug   Library Name

      1176         26          0          0          0        948   mc_w.l
      1508          0          0          0          0       1456   mf_w.l

    ----------------------------------------------------------------------
      2688         26          0          0          0       2404   Library Totals

    ----------------------------------------------------------------------

==============================================================================


      Code (inc. data)   RO Data    RW Data    ZI Data      Debug   

     14508        856       2364         88       2608     143581   Grand Totals
     14508        856       2364         88       2608     143581   ELF Image Totals
     14508        856       2364         88          0          0   ROM Totals

==============================================================================

    Total RO  Size (Code + RO Data)                16872 (  16.48kB)
    Total RW  Size (RW Data + ZI Data)              2696 (   2.63kB)
    Total ROM Size (Code + RO Data + RW Data)      16960 (  16.56kB)

==============================================================================

