Component: ARM Compiler 5.06 update 7 (build 960) Tool: armlink [4d3601]

==============================================================================

Section Cross References

    system_gd32f10x.o(i.SystemInit) refers to system_gd32f10x.o(i.system_clock_config) for system_clock_config
    system_gd32f10x.o(i.SystemInit) refers to gd32f10x_misc.o(i.nvic_vector_table_set) for nvic_vector_table_set
    system_gd32f10x.o(i.system_clock_config) refers to system_gd32f10x.o(i.system_clock_72m_hxtal) for system_clock_72m_hxtal
    startup_gd32f10x_md.o(RESET) refers to startup_gd32f10x_md.o(STACK) for __initial_sp
    startup_gd32f10x_md.o(RESET) refers to startup_gd32f10x_md.o(.text) for Reset_Handler
    startup_gd32f10x_md.o(RESET) refers to gd32f10x_it.o(i.NMI_Handler) for NMI_Handler
    startup_gd32f10x_md.o(RESET) refers to gd32f10x_it.o(i.HardFault_Handler) for HardFault_Handler
    startup_gd32f10x_md.o(RESET) refers to gd32f10x_it.o(i.MemManage_Handler) for MemManage_Handler
    startup_gd32f10x_md.o(RESET) refers to gd32f10x_it.o(i.BusFault_Handler) for BusFault_Handler
    startup_gd32f10x_md.o(RESET) refers to gd32f10x_it.o(i.UsageFault_Handler) for UsageFault_Handler
    startup_gd32f10x_md.o(RESET) refers to gd32f10x_it.o(i.SVC_Handler) for SVC_Handler
    startup_gd32f10x_md.o(RESET) refers to gd32f10x_it.o(i.DebugMon_Handler) for DebugMon_Handler
    startup_gd32f10x_md.o(RESET) refers to gd32f10x_it.o(i.PendSV_Handler) for PendSV_Handler
    startup_gd32f10x_md.o(RESET) refers to gd32f10x_it.o(i.SysTick_Handler) for SysTick_Handler
    startup_gd32f10x_md.o(RESET) refers to gd32f10x_it.o(i.TIMER0_UP_IRQHandler) for TIMER0_UP_IRQHandler
    startup_gd32f10x_md.o(RESET) refers to gd32f10x_it.o(i.USART1_IRQHandler) for USART1_IRQHandler
    startup_gd32f10x_md.o(RESET) refers to gd32f10x_it.o(i.USART2_IRQHandler) for USART2_IRQHandler
    startup_gd32f10x_md.o(.text) refers to system_gd32f10x.o(i.SystemInit) for SystemInit
    startup_gd32f10x_md.o(.text) refers to entry.o(.ARM.Collect$$$$00000000) for __main
    gd32f10x_adc.o(i.adc_deinit) refers to gd32f10x_rcu.o(i.rcu_periph_reset_enable) for rcu_periph_reset_enable
    gd32f10x_adc.o(i.adc_deinit) refers to gd32f10x_rcu.o(i.rcu_periph_reset_disable) for rcu_periph_reset_disable
    gd32f10x_bkp.o(i.bkp_deinit) refers to gd32f10x_rcu.o(i.rcu_bkp_reset_enable) for rcu_bkp_reset_enable
    gd32f10x_bkp.o(i.bkp_deinit) refers to gd32f10x_rcu.o(i.rcu_bkp_reset_disable) for rcu_bkp_reset_disable
    gd32f10x_can.o(i.can_debug_freeze_disable) refers to gd32f10x_dbg.o(i.dbg_periph_enable) for dbg_periph_enable
    gd32f10x_can.o(i.can_debug_freeze_enable) refers to gd32f10x_dbg.o(i.dbg_periph_enable) for dbg_periph_enable
    gd32f10x_can.o(i.can_deinit) refers to gd32f10x_rcu.o(i.rcu_periph_reset_enable) for rcu_periph_reset_enable
    gd32f10x_can.o(i.can_deinit) refers to gd32f10x_rcu.o(i.rcu_periph_reset_disable) for rcu_periph_reset_disable
    gd32f10x_can.o(i.can_interrupt_flag_get) refers to gd32f10x_can.o(i.can_receive_message_length_get) for can_receive_message_length_get
    gd32f10x_can.o(i.can_interrupt_flag_get) refers to gd32f10x_can.o(i.can_error_get) for can_error_get
    gd32f10x_dac.o(i.dac_deinit) refers to gd32f10x_rcu.o(i.rcu_periph_reset_enable) for rcu_periph_reset_enable
    gd32f10x_dac.o(i.dac_deinit) refers to gd32f10x_rcu.o(i.rcu_periph_reset_disable) for rcu_periph_reset_disable
    gd32f10x_dma.o(i.dma_channel_disable) refers to gd32f10x_dma.o(i.dma_periph_and_channel_check) for dma_periph_and_channel_check
    gd32f10x_dma.o(i.dma_channel_enable) refers to gd32f10x_dma.o(i.dma_periph_and_channel_check) for dma_periph_and_channel_check
    gd32f10x_dma.o(i.dma_circulation_disable) refers to gd32f10x_dma.o(i.dma_periph_and_channel_check) for dma_periph_and_channel_check
    gd32f10x_dma.o(i.dma_circulation_enable) refers to gd32f10x_dma.o(i.dma_periph_and_channel_check) for dma_periph_and_channel_check
    gd32f10x_dma.o(i.dma_deinit) refers to gd32f10x_dma.o(i.dma_periph_and_channel_check) for dma_periph_and_channel_check
    gd32f10x_dma.o(i.dma_init) refers to gd32f10x_dma.o(i.dma_periph_and_channel_check) for dma_periph_and_channel_check
    gd32f10x_dma.o(i.dma_interrupt_disable) refers to gd32f10x_dma.o(i.dma_periph_and_channel_check) for dma_periph_and_channel_check
    gd32f10x_dma.o(i.dma_interrupt_enable) refers to gd32f10x_dma.o(i.dma_periph_and_channel_check) for dma_periph_and_channel_check
    gd32f10x_dma.o(i.dma_memory_address_config) refers to gd32f10x_dma.o(i.dma_periph_and_channel_check) for dma_periph_and_channel_check
    gd32f10x_dma.o(i.dma_memory_increase_disable) refers to gd32f10x_dma.o(i.dma_periph_and_channel_check) for dma_periph_and_channel_check
    gd32f10x_dma.o(i.dma_memory_increase_enable) refers to gd32f10x_dma.o(i.dma_periph_and_channel_check) for dma_periph_and_channel_check
[...]
    Removing gd32f10x_misc.o(i.systick_clksource_set), (40 bytes).
    Removing gd32f10x_pmu.o(.rev16_text), (4 bytes).
    Removing gd32f10x_pmu.o(.revsh_text), (4 bytes).
    Removing gd32f10x_pmu.o(i.pmu_backup_write_disable), (20 bytes).
    Removing gd32f10x_pmu.o(i.pmu_backup_write_enable), (20 bytes).
    Removing gd32f10x_pmu.o(i.pmu_deinit), (20 bytes).
    Removing gd32f10x_pmu.o(i.pmu_flag_clear), (48 bytes).
    Removing gd32f10x_pmu.o(i.pmu_flag_get), (24 bytes).
    Removing gd32f10x_pmu.o(i.pmu_lvd_disable), (20 bytes).
    Removing gd32f10x_pmu.o(i.pmu_lvd_select), (48 bytes).
    Removing gd32f10x_pmu.o(i.pmu_to_deepsleepmode), (196 bytes).
    Removing gd32f10x_pmu.o(i.pmu_to_sleepmode), (28 bytes).
    Removing gd32f10x_pmu.o(i.pmu_to_standbymode), (100 bytes).
    Removing gd32f10x_pmu.o(i.pmu_wakeup_pin_disable), (20 bytes).
    Removing gd32f10x_pmu.o(i.pmu_wakeup_pin_enable), (20 bytes).
    Removing gd32f10x_pmu.o(.bss), (16 bytes).
    Removing gd32f10x_rcu.o(.rev16_text), (4 bytes).
    Removing gd32f10x_rcu.o(.revsh_text), (4 bytes).
    Removing gd32f10x_rcu.o(i.rcu_adc_clock_config), (72 bytes).
    Removing gd32f10x_rcu.o(i.rcu_all_reset_flag_clear), (20 bytes).
    Removing gd32f10x_rcu.o(i.rcu_apb1_clock_config), (24 bytes).
    Removing gd32f10x_rcu.o(i.rcu_apb2_clock_config), (24 bytes).
    Removing gd32f10x_rcu.o(i.rcu_bkp_reset_disable), (20 bytes).
    Removing gd32f10x_rcu.o(i.rcu_bkp_reset_enable), (20 bytes).
    Removing gd32f10x_rcu.o(i.rcu_ckout0_config), (24 bytes).
    Removing gd32f10x_rcu.o(i.rcu_deepsleep_voltage_set), (16 bytes).
    Removing gd32f10x_rcu.o(i.rcu_deinit), (88 bytes).
    Removing gd32f10x_rcu.o(i.rcu_flag_get), (36 bytes).
    Removing gd32f10x_rcu.o(i.rcu_hxtal_clock_monitor_disable), (20 bytes).
    Removing gd32f10x_rcu.o(i.rcu_hxtal_clock_monitor_enable), (20 bytes).
    Removing gd32f10x_rcu.o(i.rcu_interrupt_disable), (32 bytes).
    Removing gd32f10x_rcu.o(i.rcu_interrupt_enable), (32 bytes).
    Removing gd32f10x_rcu.o(i.rcu_interrupt_flag_clear), (32 bytes).
    Removing gd32f10x_rcu.o(i.rcu_interrupt_flag_get), (36 bytes).
    Removing gd32f10x_rcu.o(i.rcu_irc8m_adjust_value_set), (28 bytes).
    Removing gd32f10x_rcu.o(i.rcu_osci_bypass_mode_disable), (92 bytes).
    Removing gd32f10x_rcu.o(i.rcu_osci_bypass_mode_enable), (92 bytes).
    Removing gd32f10x_rcu.o(i.rcu_osci_off), (32 bytes).
    Removing gd32f10x_rcu.o(i.rcu_osci_on), (32 bytes).
    Removing gd32f10x_rcu.o(i.rcu_osci_stab_wait), (224 bytes).
    Removing gd32f10x_rcu.o(i.rcu_periph_clock_disable), (32 bytes).
    Removing gd32f10x_rcu.o(i.rcu_periph_clock_sleep_disable), (32 bytes).
    Removing gd32f10x_rcu.o(i.rcu_periph_clock_sleep_enable), (32 bytes).
    Removing gd32f10x_rcu.o(i.rcu_pll_config), (32 bytes).
    Removing gd32f10x_rcu.o(i.rcu_predv0_config), (32 bytes).
    Removing gd32f10x_rcu.o(i.rcu_rtc_clock_config), (24 bytes).
    Removing gd32f10x_rcu.o(i.rcu_system_clock_source_config), (24 bytes).
    Removing gd32f10x_rcu.o(i.rcu_system_clock_source_get), (16 bytes).
    Removing gd32f10x_rcu.o(i.rcu_usb_clock_config), (24 bytes).
    Removing gd32f10x_rtc.o(.rev16_text), (4 bytes).
    Removing gd32f10x_rtc.o(.revsh_text), (4 bytes).
    Removing gd32f10x_rtc.o(i.rtc_alarm_config), (32 bytes).
    Removing gd32f10x_rtc.o(i.rtc_configuration_mode_enter), (20 bytes).
    Removing gd32f10x_rtc.o(i.rtc_configuration_mode_exit), (20 bytes).
    Removing gd32f10x_rtc.o(i.rtc_counter_get), (20 bytes).
    Removing gd32f10x_rtc.o(i.rtc_counter_set), (32 bytes).
    Removing gd32f10x_rtc.o(i.rtc_divider_get), (24 bytes).
    Removing gd32f10x_rtc.o(i.rtc_flag_clear), (16 bytes).
    Removing gd32f10x_rtc.o(i.rtc_flag_get), (24 bytes).
    Removing gd32f10x_rtc.o(i.rtc_interrupt_disable), (16 bytes).
    Removing gd32f10x_rtc.o(i.rtc_interrupt_enable), (16 bytes).
    Removing gd32f10x_rtc.o(i.rtc_interrupt_flag_clear), (16 bytes).
    Removing gd32f10x_rtc.o(i.rtc_interrupt_flag_get), (24 bytes).
    Removing gd32f10x_rtc.o(i.rtc_lwoff_wait), (20 bytes).
    Removing gd32f10x_rtc.o(i.rtc_prescaler_set), (32 bytes).
    Removing gd32f10x_rtc.o(i.rtc_register_sync_wait), (32 bytes).
    Removing gd32f10x_sdio.o(.rev16_text), (4 bytes).
    Removing gd32f10x_sdio.o(.revsh_text), (4 bytes).
    Removing gd32f10x_sdio.o(i.sdio_bus_mode_set), (28 bytes).
    Removing gd32f10x_sdio.o(i.sdio_ceata_command_completion_disable), (20 bytes).
    Removing gd32f10x_sdio.o(i.sdio_ceata_command_completion_enable), (20 bytes).
    Removing gd32f10x_sdio.o(i.sdio_ceata_command_disable), (20 bytes).
    Removing gd32f10x_sdio.o(i.sdio_ceata_command_enable), (20 bytes).
    Removing gd32f10x_sdio.o(i.sdio_ceata_interrupt_disable), (20 bytes).
    Removing gd32f10x_sdio.o(i.sdio_ceata_interrupt_enable), (20 bytes).
    Removing gd32f10x_sdio.o(i.sdio_clock_config), (36 bytes).
    Removing gd32f10x_sdio.o(i.sdio_clock_disable), (20 bytes).
    Removing gd32f10x_sdio.o(i.sdio_clock_enable), (20 bytes).
    Removing gd32f10x_sdio.o(i.sdio_command_index_get), (12 bytes).
    Removing gd32f10x_sdio.o(i.sdio_command_response_config), (44 bytes).
    Removing gd32f10x_sdio.o(i.sdio_csm_disable), (20 bytes).
    Removing gd32f10x_sdio.o(i.sdio_csm_enable), (20 bytes).
    Removing gd32f10x_sdio.o(i.sdio_data_config), (52 bytes).
    Removing gd32f10x_sdio.o(i.sdio_data_counter_get), (12 bytes).
    Removing gd32f10x_sdio.o(i.sdio_data_read), (12 bytes).
    Removing gd32f10x_sdio.o(i.sdio_data_transfer_config), (28 bytes).
    Removing gd32f10x_sdio.o(i.sdio_data_write), (12 bytes).
    Removing gd32f10x_sdio.o(i.sdio_deinit), (28 bytes).
    Removing gd32f10x_sdio.o(i.sdio_dma_disable), (20 bytes).
    Removing gd32f10x_sdio.o(i.sdio_dma_enable), (20 bytes).
    Removing gd32f10x_sdio.o(i.sdio_dsm_disable), (20 bytes).
    Removing gd32f10x_sdio.o(i.sdio_dsm_enable), (20 bytes).
    Removing gd32f10x_sdio.o(i.sdio_fifo_counter_get), (12 bytes).
    Removing gd32f10x_sdio.o(i.sdio_flag_clear), (12 bytes).
    Removing gd32f10x_sdio.o(i.sdio_flag_get), (20 bytes).
    Removing gd32f10x_sdio.o(i.sdio_hardware_clock_disable), (20 bytes).
    Removing gd32f10x_sdio.o(i.sdio_hardware_clock_enable), (20 bytes).
    Removing gd32f10x_sdio.o(i.sdio_interrupt_disable), (16 bytes).
    Removing gd32f10x_sdio.o(i.sdio_interrupt_enable), (16 bytes).
    Removing gd32f10x_sdio.o(i.sdio_interrupt_flag_clear), (12 bytes).
    Removing gd32f10x_sdio.o(i.sdio_interrupt_flag_get), (24 bytes).
    Removing gd32f10x_sdio.o(i.sdio_operation_disable), (20 bytes).
    Removing gd32f10x_sdio.o(i.sdio_operation_enable), (20 bytes).
    Removing gd32f10x_sdio.o(i.sdio_power_state_get), (12 bytes).
    Removing gd32f10x_sdio.o(i.sdio_power_state_set), (12 bytes).
    Removing gd32f10x_sdio.o(i.sdio_readwait_disable), (20 bytes).
    Removing gd32f10x_sdio.o(i.sdio_readwait_enable), (20 bytes).
    Removing gd32f10x_sdio.o(i.sdio_readwait_type_set), (40 bytes).
    Removing gd32f10x_sdio.o(i.sdio_response_get), (56 bytes).
    Removing gd32f10x_sdio.o(i.sdio_stop_readwait_disable), (20 bytes).
    Removing gd32f10x_sdio.o(i.sdio_stop_readwait_enable), (20 bytes).
    Removing gd32f10x_sdio.o(i.sdio_suspend_disable), (20 bytes).
    Removing gd32f10x_sdio.o(i.sdio_suspend_enable), (20 bytes).
    Removing gd32f10x_sdio.o(i.sdio_wait_type_set), (28 bytes).
    Removing gd32f10x_spi.o(.rev16_text), (4 bytes).
    Removing gd32f10x_spi.o(.revsh_text), (4 bytes).
    Removing gd32f10x_spi.o(i.i2s_disable), (10 bytes).
    Removing gd32f10x_spi.o(i.i2s_enable), (10 bytes).
    Removing gd32f10x_spi.o(i.i2s_init), (28 bytes).
    Removing gd32f10x_spi.o(i.i2s_psc_config), (164 bytes).
    Removing gd32f10x_spi.o(i.spi_bidirectional_transfer_config), (26 bytes).
    Removing gd32f10x_spi.o(i.spi_crc_error_clear), (8 bytes).
    Removing gd32f10x_spi.o(i.spi_crc_get), (16 bytes).
    Removing gd32f10x_spi.o(i.spi_crc_next), (10 bytes).
    Removing gd32f10x_spi.o(i.spi_crc_off), (10 bytes).
    Removing gd32f10x_spi.o(i.spi_crc_on), (10 bytes).
    Removing gd32f10x_spi.o(i.spi_crc_polynomial_get), (8 bytes).
    Removing gd32f10x_spi.o(i.spi_crc_polynomial_set), (12 bytes).
    Removing gd32f10x_spi.o(i.spi_disable), (10 bytes).
    Removing gd32f10x_spi.o(i.spi_dma_disable), (22 bytes).
    Removing gd32f10x_spi.o(i.spi_dma_enable), (22 bytes).
    Removing gd32f10x_spi.o(i.spi_enable), (10 bytes).
    Removing gd32f10x_spi.o(i.spi_i2s_data_frame_format_config), (16 bytes).
    Removing gd32f10x_spi.o(i.spi_i2s_data_receive), (8 bytes).
    Removing gd32f10x_spi.o(i.spi_i2s_data_transmit), (4 bytes).
    Removing gd32f10x_spi.o(i.spi_i2s_deinit), (88 bytes).
    Removing gd32f10x_spi.o(i.spi_i2s_flag_get), (16 bytes).
    Removing gd32f10x_spi.o(i.spi_i2s_interrupt_disable), (8 bytes).
    Removing gd32f10x_spi.o(i.spi_i2s_interrupt_enable), (8 bytes).
    Removing gd32f10x_spi.o(i.spi_i2s_interrupt_flag_get), (100 bytes).
    Removing gd32f10x_spi.o(i.spi_init), (50 bytes).
    Removing gd32f10x_spi.o(i.spi_nss_internal_high), (10 bytes).
    Removing gd32f10x_spi.o(i.spi_nss_internal_low), (10 bytes).
    Removing gd32f10x_spi.o(i.spi_nss_output_disable), (10 bytes).
    Removing gd32f10x_spi.o(i.spi_nss_output_enable), (10 bytes).
    Removing gd32f10x_spi.o(i.spi_struct_para_init), (18 bytes).
    Removing gd32f10x_timer.o(.rev16_text), (4 bytes).
    Removing gd32f10x_timer.o(.revsh_text), (4 bytes).
    Removing gd32f10x_timer.o(i.timer_auto_reload_shadow_disable), (10 bytes).
    Removing gd32f10x_timer.o(i.timer_automatic_output_disable), (10 bytes).
    Removing gd32f10x_timer.o(i.timer_automatic_output_enable), (10 bytes).
    Removing gd32f10x_timer.o(i.timer_autoreload_value_config), (4 bytes).
    Removing gd32f10x_timer.o(i.timer_break_config), (30 bytes).
    Removing gd32f10x_timer.o(i.timer_break_disable), (10 bytes).
    Removing gd32f10x_timer.o(i.timer_break_enable), (10 bytes).
    Removing gd32f10x_timer.o(i.timer_break_struct_para_init), (18 bytes).
    Removing gd32f10x_timer.o(i.timer_channel_capture_value_register_read), (42 bytes).
    Removing gd32f10x_timer.o(i.timer_channel_complementary_output_polarity_config), (70 bytes).
    Removing gd32f10x_timer.o(i.timer_channel_complementary_output_state_config), (70 bytes).
    Removing gd32f10x_timer.o(i.timer_channel_control_shadow_config), (24 bytes).
    Removing gd32f10x_timer.o(i.timer_channel_control_shadow_update_config), (26 bytes).
    Removing gd32f10x_timer.o(i.timer_channel_dma_request_source_select), (26 bytes).
    Removing gd32f10x_timer.o(i.timer_channel_input_capture_prescaler_config), (90 bytes).
    Removing gd32f10x_timer.o(i.timer_channel_input_struct_para_init), (16 bytes).
    Removing gd32f10x_timer.o(i.timer_channel_output_clear_config), (90 bytes).
    Removing gd32f10x_timer.o(i.timer_channel_output_fast_config), (90 bytes).
    Removing gd32f10x_timer.o(i.timer_channel_output_polarity_config), (92 bytes).
    Removing gd32f10x_timer.o(i.timer_channel_output_state_config), (92 bytes).
    Removing gd32f10x_timer.o(i.timer_channel_output_struct_para_init), (16 bytes).
    Removing gd32f10x_timer.o(i.timer_counter_alignment), (16 bytes).
    Removing gd32f10x_timer.o(i.timer_counter_down_direction), (10 bytes).
    Removing gd32f10x_timer.o(i.timer_counter_read), (22 bytes).
    Removing gd32f10x_timer.o(i.timer_counter_up_direction), (10 bytes).
    Removing gd32f10x_timer.o(i.timer_disable), (10 bytes).
    Removing gd32f10x_timer.o(i.timer_dma_disable), (8 bytes).
    Removing gd32f10x_timer.o(i.timer_dma_enable), (8 bytes).
    Removing gd32f10x_timer.o(i.timer_dma_transfer_config), (24 bytes).
    Removing gd32f10x_timer.o(i.timer_event_software_generate), (8 bytes).
    Removing gd32f10x_timer.o(i.timer_external_clock_mode0_config), (40 bytes).
    Removing gd32f10x_timer.o(i.timer_external_clock_mode1_config), (32 bytes).
    Removing gd32f10x_timer.o(i.timer_external_clock_mode1_disable), (10 bytes).
    Removing gd32f10x_timer.o(i.timer_external_trigger_as_external_clock_config), (166 bytes).
    Removing gd32f10x_timer.o(i.timer_external_trigger_config), (30 bytes).
    Removing gd32f10x_timer.o(i.timer_flag_get), (16 bytes).
    Removing gd32f10x_timer.o(i.timer_hall_mode_config), (26 bytes).
    Removing gd32f10x_timer.o(i.timer_input_capture_config), (326 bytes).
    Removing gd32f10x_timer.o(i.timer_input_pwm_capture_config), (356 bytes).
    Removing gd32f10x_timer.o(i.timer_input_trigger_source_select), (16 bytes).
    Removing gd32f10x_timer.o(i.timer_internal_clock_config), (10 bytes).
    Removing gd32f10x_timer.o(i.timer_internal_trigger_as_external_clock_config), (32 bytes).
    Removing gd32f10x_timer.o(i.timer_interrupt_disable), (8 bytes).
    Removing gd32f10x_timer.o(i.timer_interrupt_enable), (8 bytes).
    Removing gd32f10x_timer.o(i.timer_interrupt_flag_clear), (6 bytes).
    Removing gd32f10x_timer.o(i.timer_interrupt_flag_get), (24 bytes).
    Removing gd32f10x_timer.o(i.timer_master_output_trigger_source_select), (16 bytes).
    Removing gd32f10x_timer.o(i.timer_master_slave_mode_config), (26 bytes).
    Removing gd32f10x_timer.o(i.timer_prescaler_config), (16 bytes).
    Removing gd32f10x_timer.o(i.timer_prescaler_read), (10 bytes).
    Removing gd32f10x_timer.o(i.timer_repetition_value_config), (4 bytes).
    Removing gd32f10x_timer.o(i.timer_single_pulse_mode_config), (26 bytes).
    Removing gd32f10x_timer.o(i.timer_slave_mode_select), (16 bytes).
    Removing gd32f10x_timer.o(i.timer_struct_para_init), (22 bytes).
    Removing gd32f10x_timer.o(i.timer_update_event_disable), (10 bytes).
    Removing gd32f10x_timer.o(i.timer_update_event_enable), (10 bytes).
    Removing gd32f10x_timer.o(i.timer_update_source_config), (26 bytes).
    Removing gd32f10x_usart.o(.rev16_text), (4 bytes).
    Removing gd32f10x_usart.o(.revsh_text), (4 bytes).
    Removing gd32f10x_usart.o(i.usart_address_config), (20 bytes).
    Removing gd32f10x_usart.o(i.usart_disable), (10 bytes).
    Removing gd32f10x_usart.o(i.usart_dma_receive_config), (20 bytes).
    Removing gd32f10x_usart.o(i.usart_dma_transmit_config), (20 bytes).
    Removing gd32f10x_usart.o(i.usart_flag_clear), (18 bytes).
    Removing gd32f10x_usart.o(i.usart_flag_get), (30 bytes).
    Removing gd32f10x_usart.o(i.usart_guard_time_config), (24 bytes).
    Removing gd32f10x_usart.o(i.usart_halfduplex_disable), (10 bytes).
    Removing gd32f10x_usart.o(i.usart_halfduplex_enable), (10 bytes).
    Removing gd32f10x_usart.o(i.usart_interrupt_flag_clear), (18 bytes).
    Removing gd32f10x_usart.o(i.usart_irda_lowpower_config), (20 bytes).
    Removing gd32f10x_usart.o(i.usart_irda_mode_disable), (10 bytes).
    Removing gd32f10x_usart.o(i.usart_irda_mode_enable), (10 bytes).
    Removing gd32f10x_usart.o(i.usart_lin_break_detection_length_config), (20 bytes).
    Removing gd32f10x_usart.o(i.usart_lin_mode_disable), (10 bytes).
    Removing gd32f10x_usart.o(i.usart_lin_mode_enable), (10 bytes).
    Removing gd32f10x_usart.o(i.usart_mute_mode_disable), (10 bytes).
    Removing gd32f10x_usart.o(i.usart_mute_mode_enable), (10 bytes).
    Removing gd32f10x_usart.o(i.usart_mute_mode_wakeup_config), (16 bytes).
    Removing gd32f10x_usart.o(i.usart_prescaler_config), (16 bytes).
    Removing gd32f10x_usart.o(i.usart_send_break), (10 bytes).
    Removing gd32f10x_usart.o(i.usart_smartcard_mode_disable), (10 bytes).
    Removing gd32f10x_usart.o(i.usart_smartcard_mode_enable), (10 bytes).
    Removing gd32f10x_usart.o(i.usart_smartcard_mode_nack_disable), (10 bytes).
    Removing gd32f10x_usart.o(i.usart_smartcard_mode_nack_enable), (10 bytes).
    Removing gd32f10x_usart.o(i.usart_synchronous_clock_config), (34 bytes).
    Removing gd32f10x_usart.o(i.usart_synchronous_clock_disable), (10 bytes).
    Removing gd32f10x_usart.o(i.usart_synchronous_clock_enable), (10 bytes).
    Removing gd32f10x_wwdgt.o(.rev16_text), (4 bytes).
    Removing gd32f10x_wwdgt.o(.revsh_text), (4 bytes).
    Removing gd32f10x_wwdgt.o(i.wwdgt_config), (28 bytes).
    Removing gd32f10x_wwdgt.o(i.wwdgt_counter_update), (16 bytes).
    Removing gd32f10x_wwdgt.o(i.wwdgt_deinit), (20 bytes).
    Removing gd32f10x_wwdgt.o(i.wwdgt_enable), (20 bytes).
    Removing gd32f10x_wwdgt.o(i.wwdgt_flag_clear), (12 bytes).
    Removing gd32f10x_wwdgt.o(i.wwdgt_flag_get), (24 bytes).
    Removing gd32f10x_wwdgt.o(i.wwdgt_interrupt_enable), (20 bytes).
    Removing gd32f10x_it.o(.rev16_text), (4 bytes).
    Removing gd32f10x_it.o(.revsh_text), (4 bytes).
    Removing main.o(.rev16_text), (4 bytes).
    Removing main.o(.revsh_text), (4 bytes).
    Removing systick.o(.rev16_text), (4 bytes).
    Removing systick.o(.revsh_text), (4 bytes).
    Removing systick.o(i.delay_us), (84 bytes).
    Removing led_driver.o(.rev16_text), (4 bytes).
    Removing led_driver.o(.revsh_text), (4 bytes).
    Removing led_driver.o(i.led_off), (20 bytes).
    Removing led_driver.o(i.led_on), (20 bytes).
    Removing key_driver.o(.rev16_text), (4 bytes).
    Removing key_driver.o(.revsh_text), (4 bytes).
    Removing oled_driver.o(.rev16_text), (4 bytes).
    Removing oled_driver.o(.revsh_text), (4 bytes).
    Removing oled_driver.o(i.OLED_ClrDot), (52 bytes).
    Removing oled_driver.o(i.OLED_Fill), (56 bytes).
    Removing oled_driver.o(i.OLED_P8x16Str), (136 bytes).
    Removing oled_driver.o(i.OLED_PutPixel), (72 bytes).
    Removing oled_driver.o(i.OLED_Rectangle), (212 bytes).
    Removing oled_driver.o(i.OLED_Show_BMP), (120 bytes).
    Removing oled_driver.o(i.Test_OLED), (196 bytes).
    Removing tim_driver.o(.rev16_text), (4 bytes).
    Removing tim_driver.o(.revsh_text), (4 bytes).
    Removing tim_driver.o(i.Timer_Init), (112 bytes).
    Removing enc_driver.o(.rev16_text), (4 bytes).
    Removing enc_driver.o(.revsh_text), (4 bytes).
    Removing uart_driver.o(.rev16_text), (4 bytes).
    Removing uart_driver.o(.revsh_text), (4 bytes).
    Removing uart_driver.o(i.Data_parsing), (2 bytes).
    Removing uart_driver.o(i.Test_UASRT1), (192 bytes).
    Removing uart_driver.o(i.Test_UASRT2), (4 bytes).
    Removing uart_driver.o(i.USART1_Init), (152 bytes).
    Removing uart_driver.o(i.USART_Sent_Byte), (36 bytes).
    Removing uart_driver.o(i.USART_Sent_Data), (30 bytes).
    Removing uart_driver.o(i.USART_Sent_String), (28 bytes).
    Removing uart_driver.o(i.fgetc), (24 bytes).
    Removing uart_driver.o(i.fputc), (36 bytes).
    Removing pwm_driver.o(.rev16_text), (4 bytes).
    Removing pwm_driver.o(.revsh_text), (4 bytes).
    Removing pwm_driver.o(i.PWM_Init), (72 bytes).
    Removing photoelectric.o(.rev16_text), (4 bytes).
    Removing photoelectric.o(.revsh_text), (4 bytes).
    Removing photoelectric.o(i.Read_sensor), (96 bytes).
    Removing photoelectric.o(i.sensor_init), (88 bytes).
    Removing hcsr04_driver.o(.rev16_text), (4 bytes).
    Removing hcsr04_driver.o(.revsh_text), (4 bytes).
    Removing hcsr04_driver.o(i.Get_Distance), (164 bytes).
    Removing hcsr04_driver.o(i.TIM2_Init), (104 bytes).
    Removing hcsr04_driver.o(i.Test_Ultrasonic), (120 bytes).
    Removing hcsr04_driver.o(i.Ultrasonic_Init), (64 bytes).
    Removing hcsr04_driver.o(.data), (12 bytes).
    Removing fdiv.o(.text), (124 bytes).
    Removing ffltui.o(.text), (10 bytes).
    Removing ffixui.o(.text), (40 bytes).
    Removing dadd.o(.text), (334 bytes).
    Removing ddiv.o(.text), (222 bytes).
    Removing dfixul.o(.text), (48 bytes).

600 unused section(s) (total 23226 bytes) removed from the image.

==============================================================================

Image Symbol Table

    Local Symbols

    Symbol Name                              Value     Ov Type        Size  Object(Section)

    ../clib/microlib/division.c              0x00000000   Number         0  uidiv.o ABSOLUTE
    ../clib/microlib/division.c              0x00000000   Number         0  uldiv.o ABSOLUTE
    ../clib/microlib/init/entry.s            0x00000000   Number         0  entry8b.o ABSOLUTE
    ../clib/microlib/init/entry.s            0x00000000   Number         0  entry12a.o ABSOLUTE
    ../clib/microlib/init/entry.s            0x00000000   Number         0  entry9a.o ABSOLUTE
    ../clib/microlib/init/entry.s            0x00000000   Number         0  entry9b.o ABSOLUTE
    ../clib/microlib/init/entry.s            0x00000000   Number         0  entry.o ABSOLUTE
    ../clib/microlib/init/entry.s            0x00000000   Number         0  entry11b.o ABSOLUTE
    ../clib/microlib/init/entry.s            0x00000000   Number         0  entry2.o ABSOLUTE
    ../clib/microlib/init/entry.s            0x00000000   Number         0  entry7b.o ABSOLUTE
    ../clib/microlib/init/entry.s            0x00000000   Number         0  entry7a.o ABSOLUTE
    ../clib/microlib/init/entry.s            0x00000000   Number         0  entry5.o ABSOLUTE
    ../clib/microlib/init/entry.s            0x00000000   Number         0  entry11a.o ABSOLUTE
    ../clib/microlib/init/entry.s            0x00000000   Number         0  entry12b.o ABSOLUTE
    ../clib/microlib/init/entry.s            0x00000000   Number         0  entry10b.o ABSOLUTE
    ../clib/microlib/init/entry.s            0x00000000   Number         0  entry10a.o ABSOLUTE
    ../clib/microlib/init/entry.s            0x00000000   Number         0  entry8a.o ABSOLUTE
    ../clib/microlib/longlong.c              0x00000000   Number         0  llsshr.o ABSOLUTE
    ../clib/microlib/longlong.c              0x00000000   Number         0  llshl.o ABSOLUTE
    ../clib/microlib/longlong.c              0x00000000   Number         0  llushr.o ABSOLUTE
    ../clib/microlib/printf/printf.c         0x00000000   Number         0  printfa.o ABSOLUTE
    ../clib/microlib/printf/printf.c         0x00000000   Number         0  printf3.o ABSOLUTE
    ../clib/microlib/printf/printf.c         0x00000000   Number         0  printf7.o ABSOLUTE
    ../clib/microlib/printf/printf.c         0x00000000   Number         0  printfb.o ABSOLUTE
    ../clib/microlib/printf/printf.c         0x00000000   Number         0  printf8.o ABSOLUTE
    ../clib/microlib/printf/printf.c         0x00000000   Number         0  printf6.o ABSOLUTE
    ../clib/microlib/printf/printf.c         0x00000000   Number         0  printf0.o ABSOLUTE
    ../clib/microlib/printf/printf.c         0x00000000   Number         0  printf1.o ABSOLUTE
    ../clib/microlib/printf/printf.c         0x00000000   Number         0  printf2.o ABSOLUTE
    ../clib/microlib/printf/printf.c         0x00000000   Number         0  printf4.o ABSOLUTE
    ../clib/microlib/printf/printf.c         0x00000000   Number         0  printf5.o ABSOLUTE
    ../clib/microlib/printf/stubs.s          0x00000000   Number         0  stubs.o ABSOLUTE
    ../clib/microlib/stdio/streams.c         0x00000000   Number         0  stdout.o ABSOLUTE
    ../clib/microlib/string/memset.c         0x00000000   Number         0  memseta.o ABSOLUTE
    ../clib/microlib/stubs.s                 0x00000000   Number         0  iusefp.o ABSOLUTE
    ../fplib/microlib/fpadd.c                0x00000000   Number         0  dadd.o ABSOLUTE
    ../fplib/microlib/fpadd.c                0x00000000   Number         0  fadd.o ABSOLUTE
    ../fplib/microlib/fpdiv.c                0x00000000   Number         0  fdiv.o ABSOLUTE
    ../fplib/microlib/fpdiv.c                0x00000000   Number         0  ddiv.o ABSOLUTE
    ../fplib/microlib/fpepilogue.c           0x00000000   Number         0  depilogue.o ABSOLUTE
    ../fplib/microlib/fpepilogue.c           0x00000000   Number         0  fepilogue.o ABSOLUTE
    ../fplib/microlib/fpfix.c                0x00000000   Number         0  dfixul.o ABSOLUTE
    ../fplib/microlib/fpfix.c                0x00000000   Number         0  ffixui.o ABSOLUTE
    ../fplib/microlib/fpfix.c                0x00000000   Number         0  ffixi.o ABSOLUTE
    ../fplib/microlib/fpfix.c                0x00000000   Number         0  dfixi.o ABSOLUTE
    ../fplib/microlib/fpflt.c                0x00000000   Number         0  fflti.o ABSOLUTE
    ../fplib/microlib/fpflt.c                0x00000000   Number         0  ffltui.o ABSOLUTE
    ../fplib/microlib/fpflt.c                0x00000000   Number         0  dflti.o ABSOLUTE
    ../fplib/microlib/fpmul.c                0x00000000   Number         0  fmul.o ABSOLUTE
    ../fplib/microlib/fpmul.c                0x00000000   Number         0  dmul.o ABSOLUTE
    ..\CMSIS\system_gd32f10x.c               0x00000000   Number         0  system_gd32f10x.o ABSOLUTE
    ..\Library\Source\gd32f10x_adc.c         0x00000000   Number         0  gd32f10x_adc.o ABSOLUTE
    ..\Library\Source\gd32f10x_bkp.c         0x00000000   Number         0  gd32f10x_bkp.o ABSOLUTE
    ..\Library\Source\gd32f10x_can.c         0x00000000   Number         0  gd32f10x_can.o ABSOLUTE
    ..\Library\Source\gd32f10x_crc.c         0x00000000   Number         0  gd32f10x_crc.o ABSOLUTE
    ..\Library\Source\gd32f10x_dac.c         0x00000000   Number         0  gd32f10x_dac.o ABSOLUTE
    ..\Library\Source\gd32f10x_dbg.c         0x00000000   Number         0  gd32f10x_dbg.o ABSOLUTE
    ..\Library\Source\gd32f10x_dma.c         0x00000000   Number         0  gd32f10x_dma.o ABSOLUTE
    ..\Library\Source\gd32f10x_enet.c        0x00000000   Number         0  gd32f10x_enet.o ABSOLUTE
    ..\Library\Source\gd32f10x_exmc.c        0x00000000   Number         0  gd32f10x_exmc.o ABSOLUTE
    ..\Library\Source\gd32f10x_exti.c        0x00000000   Number         0  gd32f10x_exti.o ABSOLUTE
    ..\Library\Source\gd32f10x_fmc.c         0x00000000   Number         0  gd32f10x_fmc.o ABSOLUTE
    ..\Library\Source\gd32f10x_fwdgt.c       0x00000000   Number         0  gd32f10x_fwdgt.o ABSOLUTE
    ..\Library\Source\gd32f10x_gpio.c        0x00000000   Number         0  gd32f10x_gpio.o ABSOLUTE
    ..\Library\Source\gd32f10x_i2c.c         0x00000000   Number         0  gd32f10x_i2c.o ABSOLUTE
    ..\Library\Source\gd32f10x_misc.c        0x00000000   Number         0  gd32f10x_misc.o ABSOLUTE
    ..\Library\Source\gd32f10x_pmu.c         0x00000000   Number         0  gd32f10x_pmu.o ABSOLUTE
    ..\Library\Source\gd32f10x_rcu.c         0x00000000   Number         0  gd32f10x_rcu.o ABSOLUTE
    ..\Library\Source\gd32f10x_rtc.c         0x00000000   Number         0  gd32f10x_rtc.o ABSOLUTE
    ..\Library\Source\gd32f10x_sdio.c        0x00000000   Number         0  gd32f10x_sdio.o ABSOLUTE
    ..\Library\Source\gd32f10x_spi.c         0x00000000   Number         0  gd32f10x_spi.o ABSOLUTE
    ..\Library\Source\gd32f10x_timer.c       0x00000000   Number         0  gd32f10x_timer.o ABSOLUTE
    ..\Library\Source\gd32f10x_usart.c       0x00000000   Number         0  gd32f10x_usart.o ABSOLUTE
    ..\Library\Source\gd32f10x_wwdgt.c       0x00000000   Number         0  gd32f10x_wwdgt.o ABSOLUTE
    ..\Startup\startup_gd32f10x_md.s         0x00000000   Number         0  startup_gd32f10x_md.o ABSOLUTE
    ..\User\APP\src\Photoelectric.c          0x00000000   Number         0  photoelectric.o ABSOLUTE
    ..\User\APP\src\enc_driver.c             0x00000000   Number         0  enc_driver.o ABSOLUTE
    ..\User\APP\src\hcsr04_driver.c          0x00000000   Number         0  hcsr04_driver.o ABSOLUTE
    ..\User\APP\src\key_driver.c             0x00000000   Number         0  key_driver.o ABSOLUTE
    ..\User\APP\src\led_driver.c             0x00000000   Number         0  led_driver.o ABSOLUTE
    ..\User\APP\src\oled_driver.c            0x00000000   Number         0  oled_driver.o ABSOLUTE
    ..\User\APP\src\pwm_driver.c             0x00000000   Number         0  pwm_driver.o ABSOLUTE
    ..\User\APP\src\tim_driver.c             0x00000000   Number         0  tim_driver.o ABSOLUTE
    ..\User\APP\src\uart_driver.c            0x00000000   Number         0  uart_driver.o ABSOLUTE
    ..\User\gd32f10x_it.c                    0x00000000   Number         0  gd32f10x_it.o ABSOLUTE
    ..\User\main.c                           0x00000000   Number         0  main.o ABSOLUTE
    ..\User\pid.c                            0x00000000   Number         0  pid.o ABSOLUTE
    ..\User\systick.c                        0x00000000   Number         0  systick.o ABSOLUTE
    ..\\CMSIS\\system_gd32f10x.c             0x00000000   Number         0  system_gd32f10x.o ABSOLUTE
    ..\\Library\\Source\\gd32f10x_adc.c      0x00000000   Number         0  gd32f10x_adc.o ABSOLUTE
    ..\\Library\\Source\\gd32f10x_bkp.c      0x00000000   Number         0  gd32f10x_bkp.o ABSOLUTE
    ..\\Library\\Source\\gd32f10x_can.c      0x00000000   Number         0  gd32f10x_can.o ABSOLUTE
    ..\\Library\\Source\\gd32f10x_crc.c      0x00000000   Number         0  gd32f10x_crc.o ABSOLUTE
    ..\\Library\\Source\\gd32f10x_dac.c      0x00000000   Number         0  gd32f10x_dac.o ABSOLUTE
    ..\\Library\\Source\\gd32f10x_dbg.c      0x00000000   Number         0  gd32f10x_dbg.o ABSOLUTE
    ..\\Library\\Source\\gd32f10x_dma.c      0x00000000   Number         0  gd32f10x_dma.o ABSOLUTE
    ..\\Library\\Source\\gd32f10x_enet.c     0x00000000   Number         0  gd32f10x_enet.o ABSOLUTE
    ..\\Library\\Source\\gd32f10x_exmc.c     0x00000000   Number         0  gd32f10x_exmc.o ABSOLUTE
    ..\\Library\\Source\\gd32f10x_exti.c     0x00000000   Number         0  gd32f10x_exti.o ABSOLUTE
    ..\\Library\\Source\\gd32f10x_fmc.c      0x00000000   Number         0  gd32f10x_fmc.o ABSOLUTE
    ..\\Library\\Source\\gd32f10x_fwdgt.c    0x00000000   Number         0  gd32f10x_fwdgt.o ABSOLUTE
    ..\\Library\\Source\\gd32f10x_gpio.c     0x00000000   Number         0  gd32f10x_gpio.o ABSOLUTE
    ..\\Library\\Source\\gd32f10x_i2c.c      0x00000000   Number         0  gd32f10x_i2c.o ABSOLUTE
    ..\\Library\\Source\\gd32f10x_misc.c     0x00000000   Number         0  gd32f10x_misc.o ABSOLUTE
    ..\\Library\\Source\\gd32f10x_pmu.c      0x00000000   Number         0  gd32f10x_pmu.o ABSOLUTE
    ..\\Library\\Source\\gd32f10x_rcu.c      0x00000000   Number         0  gd32f10x_rcu.o ABSOLUTE
    ..\\Library\\Source\\gd32f10x_rtc.c      0x00000000   Number         0  gd32f10x_rtc.o ABSOLUTE
    ..\\Library\\Source\\gd32f10x_sdio.c     0x00000000   Number         0  gd32f10x_sdio.o ABSOLUTE
    ..\\Library\\Source\\gd32f10x_spi.c      0x00000000   Number         0  gd32f10x_spi.o ABSOLUTE
    ..\\Library\\Source\\gd32f10x_timer.c    0x00000000   Number         0  gd32f10x_timer.o ABSOLUTE
    ..\\Library\\Source\\gd32f10x_usart.c    0x00000000   Number         0  gd32f10x_usart.o ABSOLUTE
    ..\\Library\\Source\\gd32f10x_wwdgt.c    0x00000000   Number         0  gd32f10x_wwdgt.o ABSOLUTE
    ..\\User\\APP\\src\\Photoelectric.c      0x00000000   Number         0  photoelectric.o ABSOLUTE
    ..\\User\\APP\\src\\enc_driver.c         0x00000000   Number         0  enc_driver.o ABSOLUTE
    ..\\User\\APP\\src\\hcsr04_driver.c      0x00000000   Number         0  hcsr04_driver.o ABSOLUTE
    ..\\User\\APP\\src\\key_driver.c         0x00000000   Number         0  key_driver.o ABSOLUTE
    ..\\User\\APP\\src\\led_driver.c         0x00000000   Number         0  led_driver.o ABSOLUTE
    ..\\User\\APP\\src\\oled_driver.c        0x00000000   Number         0  oled_driver.o ABSOLUTE
    ..\\User\\APP\\src\\pwm_driver.c         0x00000000   Number         0  pwm_driver.o ABSOLUTE
    ..\\User\\APP\\src\\tim_driver.c         0x00000000   Number         0  tim_driver.o ABSOLUTE
    ..\\User\\APP\\src\\uart_driver.c        0x00000000   Number         0  uart_driver.o ABSOLUTE
    ..\\User\\gd32f10x_it.c                  0x00000000   Number         0  gd32f10x_it.o ABSOLUTE
    ..\\User\\main.c                         0x00000000   Number         0  main.o ABSOLUTE
    ..\\User\\systick.c                      0x00000000   Number         0  systick.o ABSOLUTE
    cdcmple.s                                0x00000000   Number         0  cdcmple.o ABSOLUTE
    cdrcmple.s                               0x00000000   Number         0  cdrcmple.o ABSOLUTE
    dc.s                                     0x00000000   Number         0  dc.o ABSOLUTE
    handlers.s                               0x00000000   Number         0  handlers.o ABSOLUTE
    init.s                                   0x00000000   Number         0  init.o ABSOLUTE
    RESET                                    0x08000000   Section      260  startup_gd32f10x_md.o(RESET)
    .ARM.Collect$$$$00000000                 0x08000104   Section        0  entry.o(.ARM.Collect$$$$00000000)
    .ARM.Collect$$$$00000001                 0x08000104   Section        4  entry2.o(.ARM.Collect$$$$00000001)
    .ARM.Collect$$$$00000004                 0x08000108   Section        4  entry5.o(.ARM.Collect$$$$00000004)
    .ARM.Collect$$$$00000008                 0x0800010c   Section        0  entry7b.o(.ARM.Collect$$$$00000008)
    .ARM.Collect$$$$0000000A                 0x0800010c   Section        0  entry8b.o(.ARM.Collect$$$$0000000A)
    .ARM.Collect$$$$0000000B                 0x0800010c   Section        8  entry9a.o(.ARM.Collect$$$$0000000B)
    .ARM.Collect$$$$0000000E                 0x08000114   Section        4  entry12b.o(.ARM.Collect$$$$0000000E)
    .ARM.Collect$$$$0000000F                 0x08000118   Section        0  entry10a.o(.ARM.Collect$$$$0000000F)
    .ARM.Collect$$$$00000011                 0x08000118   Section        0  entry11a.o(.ARM.Collect$$$$00000011)
    .ARM.Collect$$$$00002712                 0x08000118   Section        4  entry2.o(.ARM.Collect$$$$00002712)
    __lit__00000000                          0x08000118   Data           4  entry2.o(.ARM.Collect$$$$00002712)
    .text                                    0x0800011c   Section       36  startup_gd32f10x_md.o(.text)
    .text                                    0x08000140   Section        0  memseta.o(.text)
    .text                                    0x08000164   Section        0  fadd.o(.text)
    .text                                    0x08000214   Section        0  fmul.o(.text)
    .text                                    0x08000278   Section        0  dmul.o(.text)
    .text                                    0x0800035c   Section        0  fflti.o(.text)
    .text                                    0x0800036e   Section        0  dflti.o(.text)
    .text                                    0x08000390   Section        0  ffixi.o(.text)
    .text                                    0x080003c2   Section        0  dfixi.o(.text)
    .text                                    0x08000400   Section       48  cdcmple.o(.text)
    .text                                    0x08000430   Section       48  cdrcmple.o(.text)
    .text                                    0x08000460   Section        0  uidiv.o(.text)
    .text                                    0x0800048c   Section        0  llushr.o(.text)
    .text                                    0x080004ac   Section        0  iusefp.o(.text)
    .text                                    0x080004ac   Section        0  fepilogue.o(.text)
    .text                                    0x0800051a   Section        0  depilogue.o(.text)
    .text                                    0x080005d4   Section       36  init.o(.text)
    .text                                    0x080005f8   Section        0  llshl.o(.text)
    i.BusFault_Handler                       0x08000616   Section        0  gd32f10x_it.o(i.BusFault_Handler)
    i.DebugMon_Handler                       0x0800061a   Section        0  gd32f10x_it.o(i.DebugMon_Handler)
    i.ENC_Read                               0x0800061e   Section        0  enc_driver.o(i.ENC_Read)
    i.HardFault_Handler                      0x0800063e   Section        0  gd32f10x_it.o(i.HardFault_Handler)
    i.Judgeballposi                          0x08000644   Section        0  main.o(i.Judgeballposi)
    i.MemManage_Handler                      0x0800078c   Section        0  gd32f10x_it.o(i.MemManage_Handler)
    i.MotorCtrl3W                            0x08000790   Section        0  pwm_driver.o(i.MotorCtrl3W)
    i.Motor_Init                             0x08000834   Section        0  pwm_driver.o(i.Motor_Init)
    i.NMI_Handler                            0x080008c4   Section        0  gd32f10x_it.o(i.NMI_Handler)
    i.NVIC_SetPriority                       0x080008c8   Section        0  systick.o(i.NVIC_SetPriority)
    NVIC_SetPriority                         0x080008c9   Thumb Code    32  systick.o(i.NVIC_SetPriority)
    i.OLED_CLS                               0x080008f0   Section        0  oled_driver.o(i.OLED_CLS)
    i.OLED_Init                              0x08000928   Section        0  oled_driver.o(i.OLED_Init)
    i.OLED_P6x8Str                           0x08000a78   Section        0  oled_driver.o(i.OLED_P6x8Str)
    i.OLED_Set_Pos                           0x08000adc   Section        0  oled_driver.o(i.OLED_Set_Pos)
    i.OLED_WrCmd                             0x08000b00   Section        0  oled_driver.o(i.OLED_WrCmd)
    i.OLED_WrDat                             0x08000b6c   Section        0  oled_driver.o(i.OLED_WrDat)
    i.PendSV_Handler                         0x08000bd8   Section        0  gd32f10x_it.o(i.PendSV_Handler)
    i.Read_key                               0x08000bdc   Section        0  key_driver.o(i.Read_key)
    i.SVC_Handler                            0x08000c88   Section        0  gd32f10x_it.o(i.SVC_Handler)
    i.SysTick_Handler                        0x08000c8c   Section        0  gd32f10x_it.o(i.SysTick_Handler)
    i.SystemInit                             0x08000c94   Section        0  system_gd32f10x.o(i.SystemInit)
    i.TIMER0_UP_IRQHandler                   0x08000d68   Section        0  gd32f10x_it.o(i.TIMER0_UP_IRQHandler)
    i.USART1_IRQHandler                      0x08000d7c   Section        0  gd32f10x_it.o(i.USART1_IRQHandler)
    i.USART2_IRQHandler                      0x08000e14   Section        0  gd32f10x_it.o(i.USART2_IRQHandler)
    i.USART2_Init                            0x08000eb0   Section        0  uart_driver.o(i.USART2_Init)
    i.UpdateState                            0x08000f4c   Section        0  main.o(i.UpdateState)
    i.UsageFault_Handler                     0x08000ff0   Section        0  gd32f10x_it.o(i.UsageFault_Handler)
    i.__0sprintf$6                           0x08000ff4   Section        0  printf6.o(i.__0sprintf$6)
    i.__scatterload_copy                     0x0800101c   Section       14  handlers.o(i.__scatterload_copy)
    i.__scatterload_null                     0x0800102a   Section        2  handlers.o(i.__scatterload_null)
    i.__scatterload_zeroinit                 0x0800102c   Section       14  handlers.o(i.__scatterload_zeroinit)
    i._printf_core                           0x0800103c   Section        0  printf6.o(i._printf_core)
    _printf_core                             0x0800103d   Thumb Code   748  printf6.o(i._printf_core)
    i._printf_post_padding                   0x0800132c   Section        0  printf6.o(i._printf_post_padding)
    _printf_post_padding                     0x0800132d   Thumb Code    36  printf6.o(i._printf_post_padding)
    i._printf_pre_padding                    0x08001350   Section        0  printf6.o(i._printf_pre_padding)
    _printf_pre_padding                      0x08001351   Thumb Code    46  printf6.o(i._printf_pre_padding)
    i._sputc                                 0x0800137e   Section        0  printf6.o(i._sputc)
    _sputc                                   0x0800137f   Thumb Code    10  printf6.o(i._sputc)
    i.clear_array                            0x08001388   Section        0  main.o(i.clear_array)
    i.delay_1ms                              0x080013a0   Section        0  systick.o(i.delay_1ms)
    i.delay_decrement                        0x080013b4   Section        0  systick.o(i.delay_decrement)
    i.encoder1_config                        0x080013cc   Section        0  enc_driver.o(i.encoder1_config)
    i.encoder2_config                        0x08001460   Section        0  enc_driver.o(i.encoder2_config)
    i.encoder3_config                        0x080014ec   Section        0  enc_driver.o(i.encoder3_config)
    i.gate_center                            0x0800156c   Section        0  main.o(i.gate_center)
    i.gpio_bit_reset                         0x080015d4   Section        0  gd32f10x_gpio.o(i.gpio_bit_reset)
    i.gpio_bit_set                           0x080015d8   Section        0  gd32f10x_gpio.o(i.gpio_bit_set)
    i.gpio_bit_write                         0x080015dc   Section        0  gd32f10x_gpio.o(i.gpio_bit_write)
    i.gpio_init                              0x080015e6   Section        0  gd32f10x_gpio.o(i.gpio_init)
    i.gpio_input_bit_get                     0x08001692   Section        0  gd32f10x_gpio.o(i.gpio_input_bit_get)
    i.gpio_pin_remap_config                  0x080016a4   Section        0  gd32f10x_gpio.o(i.gpio_pin_remap_config)
    i.key_init                               0x08001734   Section        0  key_driver.o(i.key_init)
    i.led_init                               0x080017a8   Section        0  led_driver.o(i.led_init)
    i.led_toggle                             0x080017d0   Section        0  led_driver.o(i.led_toggle)
    i.lq_oled_short_delay                    0x080017f4   Section        0  oled_driver.o(i.lq_oled_short_delay)
    i.main                                   0x08001804   Section        0  main.o(i.main)
    i.nvic_irq_enable                        0x08001cb4   Section        0  gd32f10x_misc.o(i.nvic_irq_enable)
    i.nvic_priority_group_set                0x08001d60   Section        0  gd32f10x_misc.o(i.nvic_priority_group_set)
    i.nvic_vector_table_set                  0x08001d74   Section        0  gd32f10x_misc.o(i.nvic_vector_table_set)
    i.pid_speed                              0x08001d8c   Section        0  pid.o(i.pid_speed)
    i.pid_speed_both_ENC                     0x08001f18   Section        0  pid.o(i.pid_speed_both_ENC)
    i.queue_push                             0x080020a8   Section        0  pid.o(i.queue_push)
    i.queue_sum                              0x080020c6   Section        0  pid.o(i.queue_sum)
    i.rcu_ahb_clock_config                   0x080020e4   Section        0  gd32f10x_rcu.o(i.rcu_ahb_clock_config)
    i.rcu_clock_freq_get                     0x080020fc   Section        0  gd32f10x_rcu.o(i.rcu_clock_freq_get)
    i.rcu_periph_clock_enable                0x08002220   Section        0  gd32f10x_rcu.o(i.rcu_periph_clock_enable)
    i.rcu_periph_reset_disable               0x08002240   Section        0  gd32f10x_rcu.o(i.rcu_periph_reset_disable)
    i.rcu_periph_reset_enable                0x08002260   Section        0  gd32f10x_rcu.o(i.rcu_periph_reset_enable)
    i.system_clock_72m_hxtal                 0x08002280   Section        0  system_gd32f10x.o(i.system_clock_72m_hxtal)
    system_clock_72m_hxtal                   0x08002281   Thumb Code   182  system_gd32f10x.o(i.system_clock_72m_hxtal)
    i.system_clock_config                    0x08002344   Section        0  system_gd32f10x.o(i.system_clock_config)
    system_clock_config                      0x08002345   Thumb Code     8  system_gd32f10x.o(i.system_clock_config)
    i.systick_config                         0x0800234c   Section        0  systick.o(i.systick_config)
    i.timer_auto_reload_shadow_enable        0x0800239c   Section        0  gd32f10x_timer.o(i.timer_auto_reload_shadow_enable)
    i.timer_channel_output_config            0x080023a8   Section        0  gd32f10x_timer.o(i.timer_channel_output_config)
    i.timer_channel_output_mode_config       0x08002594   Section        0  gd32f10x_timer.o(i.timer_channel_output_mode_config)
    i.timer_channel_output_pulse_value_config 0x080025ee   Section        0  gd32f10x_timer.o(i.timer_channel_output_pulse_value_config)
    i.timer_channel_output_shadow_config     0x08002614   Section        0  gd32f10x_timer.o(i.timer_channel_output_shadow_config)
    i.timer_config                           0x08002670   Section        0  pwm_driver.o(i.timer_config)
    i.timer_counter_value_config             0x08002760   Section        0  gd32f10x_timer.o(i.timer_counter_value_config)
    i.timer_deinit                           0x08002764   Section        0  gd32f10x_timer.o(i.timer_deinit)
    i.timer_enable                           0x08002840   Section        0  gd32f10x_timer.o(i.timer_enable)
    i.timer_flag_clear                       0x0800284a   Section        0  gd32f10x_timer.o(i.timer_flag_clear)
    i.timer_init                             0x08002850   Section        0  gd32f10x_timer.o(i.timer_init)
    i.timer_primary_output_config            0x08002930   Section        0  gd32f10x_timer.o(i.timer_primary_output_config)
    i.timer_quadrature_decoder_mode_config   0x08002948   Section        0  gd32f10x_timer.o(i.timer_quadrature_decoder_mode_config)
    i.usart_baudrate_set                     0x08002988   Section        0  gd32f10x_usart.o(i.usart_baudrate_set)
    i.usart_data_receive                     0x08002a18   Section        0  gd32f10x_usart.o(i.usart_data_receive)
    i.usart_data_transmit                    0x08002a22   Section        0  gd32f10x_usart.o(i.usart_data_transmit)
    i.usart_deinit                           0x08002a2c   Section        0  gd32f10x_usart.o(i.usart_deinit)
    i.usart_enable                           0x08002abc   Section        0  gd32f10x_usart.o(i.usart_enable)
    i.usart_hardware_flow_cts_config         0x08002ac6   Section        0  gd32f10x_usart.o(i.usart_hardware_flow_cts_config)
    i.usart_hardware_flow_rts_config         0x08002ada   Section        0  gd32f10x_usart.o(i.usart_hardware_flow_rts_config)
    i.usart_interrupt_disable                0x08002aee   Section        0  gd32f10x_usart.o(i.usart_interrupt_disable)
    i.usart_interrupt_enable                 0x08002b08   Section        0  gd32f10x_usart.o(i.usart_interrupt_enable)
    i.usart_interrupt_flag_get               0x08002b22   Section        0  gd32f10x_usart.o(i.usart_interrupt_flag_get)
    i.usart_parity_config                    0x08002b5a   Section        0  gd32f10x_usart.o(i.usart_parity_config)
    i.usart_receive_config                   0x08002b6a   Section        0  gd32f10x_usart.o(i.usart_receive_config)
    i.usart_stop_bit_set                     0x08002b7a   Section        0  gd32f10x_usart.o(i.usart_stop_bit_set)
    i.usart_transmit_config                  0x08002b8a   Section        0  gd32f10x_usart.o(i.usart_transmit_config)
    i.usart_word_length_set                  0x08002b9a   Section        0  gd32f10x_usart.o(i.usart_word_length_set)
    .constdata                               0x08002baa   Section     2072  oled_driver.o(.constdata)
    .data                                    0x20000000   Section        4  system_gd32f10x.o(.data)
    .data                                    0x20000004   Section        8  gd32f10x_it.o(.data)
    receive_index                            0x20000004   Data           4  gd32f10x_it.o(.data)
    receive_flag                             0x20000008   Data           4  gd32f10x_it.o(.data)
    .data                                    0x2000000c   Section       12  main.o(.data)
    .data                                    0x20000018   Section        4  systick.o(.data)
    delay                                    0x20000018   Data           4  systick.o(.data)
    .data                                    0x2000001c   Section       24  uart_driver.o(.data)
    .bss                                     0x20000034   Section       24  gd32f10x_it.o(.bss)
    .bss                                     0x2000004c   Section      160  uart_driver.o(.bss)
    STACK                                    0x200000f0   Section     1024  startup_gd32f10x_md.o(STACK)

    Global Symbols

    Symbol Name                              Value     Ov Type        Size  Object(Section)

    BuildAttributes$$THM_ISAv4$P$D$K$B$S$PE$A:L22UL41UL21$X:L11$S22US41US21$IEEE1$IW$USESV6$~STKCKD$USESV7$~SHL$OTIME$ROPI$EBA8$MICROLIB$REQ8$PRES8$EABIv2 0x00000000   Number         0  anon$$obj.o ABSOLUTE
    __ARM_use_no_argv                        0x00000000   Number         0  main.o ABSOLUTE
    _printf_a                                0x00000000   Number         0  stubs.o ABSOLUTE
    _printf_c                                0x00000000   Number         0  stubs.o ABSOLUTE
    _printf_charcount                        0x00000000   Number         0  stubs.o ABSOLUTE
    _printf_d                                0x00000000   Number         0  stubs.o ABSOLUTE
    _printf_e                                0x00000000   Number         0  stubs.o ABSOLUTE
    _printf_f                                0x00000000   Number         0  stubs.o ABSOLUTE
    _printf_flags                            0x00000000   Number         0  stubs.o ABSOLUTE
    _printf_fp_dec                           0x00000000   Number         0  stubs.o ABSOLUTE
    _printf_fp_hex                           0x00000000   Number         0  stubs.o ABSOLUTE
    _printf_g                                0x00000000   Number         0  stubs.o ABSOLUTE
    _printf_i                                0x00000000   Number         0  stubs.o ABSOLUTE
    _printf_int_dec                          0x00000000   Number         0  stubs.o ABSOLUTE
    _printf_l                                0x00000000   Number         0  stubs.o ABSOLUTE
    _printf_lc                               0x00000000   Number         0  stubs.o ABSOLUTE
    _printf_ll                               0x00000000   Number         0  stubs.o ABSOLUTE
    _printf_lld                              0x00000000   Number         0  stubs.o ABSOLUTE
    _printf_lli                              0x00000000   Number         0  stubs.o ABSOLUTE
    _printf_llo                              0x00000000   Number         0  stubs.o ABSOLUTE
    _printf_llu                              0x00000000   Number         0  stubs.o ABSOLUTE
    _printf_llx                              0x00000000   Number         0  stubs.o ABSOLUTE
    _printf_longlong_dec                     0x00000000   Number         0  stubs.o ABSOLUTE
    _printf_longlong_hex                     0x00000000   Number         0  stubs.o ABSOLUTE
    _printf_longlong_oct                     0x00000000   Number         0  stubs.o ABSOLUTE
    _printf_ls                               0x00000000   Number         0  stubs.o ABSOLUTE
    _printf_mbtowc                           0x00000000   Number         0  stubs.o ABSOLUTE
    _printf_n                                0x00000000   Number         0  stubs.o ABSOLUTE
    _printf_o                                0x00000000   Number         0  stubs.o ABSOLUTE
    _printf_p                                0x00000000   Number         0  stubs.o ABSOLUTE
    _printf_percent                          0x00000000   Number         0  stubs.o ABSOLUTE
    _printf_pre_padding                      0x00000000   Number         0  stubs.o ABSOLUTE
    _printf_return_value                     0x00000000   Number         0  stubs.o ABSOLUTE
    _printf_s                                0x00000000   Number         0  stubs.o ABSOLUTE
    _printf_sizespec                         0x00000000   Number         0  stubs.o ABSOLUTE
    _printf_str                              0x00000000   Number         0  stubs.o ABSOLUTE
    _printf_truncate_signed                  0x00000000   Number         0  stubs.o ABSOLUTE
    _printf_truncate_unsigned                0x00000000   Number         0  stubs.o ABSOLUTE
    _printf_u                                0x00000000   Number         0  stubs.o ABSOLUTE
    _printf_wc                               0x00000000   Number         0  stubs.o ABSOLUTE
    _printf_wctomb                           0x00000000   Number         0  stubs.o ABSOLUTE
    _printf_widthprec                        0x00000000   Number         0  stubs.o ABSOLUTE
    _printf_x                                0x00000000   Number         0  stubs.o ABSOLUTE
    __arm_fini_                               - Undefined Weak Reference
    __cpp_initialize__aeabi_                  - Undefined Weak Reference
    __cxa_finalize                            - Undefined Weak Reference
    __decompress                              - Undefined Weak Reference
    _clock_init                               - Undefined Weak Reference
    _microlib_exit                            - Undefined Weak Reference
    __Vectors_Size                           0x00000104   Number         0  startup_gd32f10x_md.o ABSOLUTE
    __Vectors                                0x08000000   Data           4  startup_gd32f10x_md.o(RESET)
    __Vectors_End                            0x08000104   Data           0  startup_gd32f10x_md.o(RESET)
    __main                                   0x08000105   Thumb Code     0  entry.o(.ARM.Collect$$$$00000000)
    _main_stk                                0x08000105   Thumb Code     0  entry2.o(.ARM.Collect$$$$00000001)
    _main_scatterload                        0x08000109   Thumb Code     0  entry5.o(.ARM.Collect$$$$00000004)
    __main_after_scatterload                 0x0800010d   Thumb Code     0  entry5.o(.ARM.Collect$$$$00000004)
    _main_clock                              0x0800010d   Thumb Code     0  entry7b.o(.ARM.Collect$$$$00000008)
    _main_cpp_init                           0x0800010d   Thumb Code     0  entry8b.o(.ARM.Collect$$$$0000000A)
    _main_init                               0x0800010d   Thumb Code     0  entry9a.o(.ARM.Collect$$$$0000000B)
    __rt_lib_shutdown_fini                   0x08000115   Thumb Code     0  entry12b.o(.ARM.Collect$$$$0000000E)
    __rt_final_cpp                           0x08000119   Thumb Code     0  entry10a.o(.ARM.Collect$$$$0000000F)
    __rt_final_exit                          0x08000119   Thumb Code     0  entry11a.o(.ARM.Collect$$$$00000011)
    Reset_Handler                            0x0800011d   Thumb Code     8  startup_gd32f10x_md.o(.text)
    ADC0_1_IRQHandler                        0x08000137   Thumb Code     0  startup_gd32f10x_md.o(.text)
    CAN0_EWMC_IRQHandler                     0x08000137   Thumb Code     0  startup_gd32f10x_md.o(.text)
    CAN0_RX1_IRQHandler                      0x08000137   Thumb Code     0  startup_gd32f10x_md.o(.text)
    DMA0_Channel0_IRQHandler                 0x08000137   Thumb Code     0  startup_gd32f10x_md.o(.text)
    DMA0_Channel1_IRQHandler                 0x08000137   Thumb Code     0  startup_gd32f10x_md.o(.text)
    DMA0_Channel2_IRQHandler                 0x08000137   Thumb Code     0  startup_gd32f10x_md.o(.text)
    DMA0_Channel3_IRQHandler                 0x08000137   Thumb Code     0  startup_gd32f10x_md.o(.text)
    DMA0_Channel4_IRQHandler                 0x08000137   Thumb Code     0  startup_gd32f10x_md.o(.text)
    DMA0_Channel5_IRQHandler                 0x08000137   Thumb Code     0  startup_gd32f10x_md.o(.text)
    DMA0_Channel6_IRQHandler                 0x08000137   Thumb Code     0  startup_gd32f10x_md.o(.text)
    EXMC_IRQHandler                          0x08000137   Thumb Code     0  startup_gd32f10x_md.o(.text)
    EXTI0_IRQHandler                         0x08000137   Thumb Code     0  startup_gd32f10x_md.o(.text)
    EXTI10_15_IRQHandler                     0x08000137   Thumb Code     0  startup_gd32f10x_md.o(.text)
    EXTI1_IRQHandler                         0x08000137   Thumb Code     0  startup_gd32f10x_md.o(.text)
    EXTI2_IRQHandler                         0x08000137   Thumb Code     0  startup_gd32f10x_md.o(.text)
    EXTI3_IRQHandler                         0x08000137   Thumb Code     0  startup_gd32f10x_md.o(.text)
    EXTI4_IRQHandler                         0x08000137   Thumb Code     0  startup_gd32f10x_md.o(.text)
    EXTI5_9_IRQHandler                       0x08000137   Thumb Code     0  startup_gd32f10x_md.o(.text)
    FMC_IRQHandler                           0x08000137   Thumb Code     0  startup_gd32f10x_md.o(.text)
    I2C0_ER_IRQHandler                       0x08000137   Thumb Code     0  startup_gd32f10x_md.o(.text)
    I2C0_EV_IRQHandler                       0x08000137   Thumb Code     0  startup_gd32f10x_md.o(.text)
    I2C1_ER_IRQHandler                       0x08000137   Thumb Code     0  startup_gd32f10x_md.o(.text)
    I2C1_EV_IRQHandler                       0x08000137   Thumb Code     0  startup_gd32f10x_md.o(.text)
    LVD_IRQHandler                           0x08000137   Thumb Code     0  startup_gd32f10x_md.o(.text)
    RCU_IRQHandler                           0x08000137   Thumb Code     0  startup_gd32f10x_md.o(.text)
    RTC_Alarm_IRQHandler                     0x08000137   Thumb Code     0  startup_gd32f10x_md.o(.text)
    RTC_IRQHandler                           0x08000137   Thumb Code     0  startup_gd32f10x_md.o(.text)
    SPI0_IRQHandler                          0x08000137   Thumb Code     0  startup_gd32f10x_md.o(.text)
    SPI1_IRQHandler                          0x08000137   Thumb Code     0  startup_gd32f10x_md.o(.text)
    TAMPER_IRQHandler                        0x08000137   Thumb Code     0  startup_gd32f10x_md.o(.text)
    TIMER0_BRK_IRQHandler                    0x08000137   Thumb Code     0  startup_gd32f10x_md.o(.text)
    TIMER0_Channel_IRQHandler                0x08000137   Thumb Code     0  startup_gd32f10x_md.o(.text)
    TIMER0_TRG_CMT_IRQHandler                0x08000137   Thumb Code     0  startup_gd32f10x_md.o(.text)
    TIMER1_IRQHandler                        0x08000137   Thumb Code     0  startup_gd32f10x_md.o(.text)
    TIMER2_IRQHandler                        0x08000137   Thumb Code     0  startup_gd32f10x_md.o(.text)
    TIMER3_IRQHandler                        0x08000137   Thumb Code     0  startup_gd32f10x_md.o(.text)
    USART0_IRQHandler                        0x08000137   Thumb Code     0  startup_gd32f10x_md.o(.text)
    USBD_HP_CAN0_TX_IRQHandler               0x08000137   Thumb Code     0  startup_gd32f10x_md.o(.text)
    USBD_LP_CAN0_RX0_IRQHandler              0x08000137   Thumb Code     0  startup_gd32f10x_md.o(.text)
    USBD_WKUP_IRQHandler                     0x08000137   Thumb Code     0  startup_gd32f10x_md.o(.text)
    WWDGT_IRQHandler                         0x08000137   Thumb Code     0  startup_gd32f10x_md.o(.text)
    __aeabi_memset                           0x08000141   Thumb Code    14  memseta.o(.text)
    __aeabi_memset4                          0x08000141   Thumb Code     0  memseta.o(.text)
    __aeabi_memset8                          0x08000141   Thumb Code     0  memseta.o(.text)
    __aeabi_memclr                           0x0800014f   Thumb Code     4  memseta.o(.text)
    __aeabi_memclr4                          0x0800014f   Thumb Code     0  memseta.o(.text)
    __aeabi_memclr8                          0x0800014f   Thumb Code     0  memseta.o(.text)
    _memset$wrapper                          0x08000153   Thumb Code    18  memseta.o(.text)
    __aeabi_fadd                             0x08000165   Thumb Code   164  fadd.o(.text)
    __aeabi_fsub                             0x08000209   Thumb Code     6  fadd.o(.text)
    __aeabi_frsub                            0x0800020f   Thumb Code     6  fadd.o(.text)
    __aeabi_fmul                             0x08000215   Thumb Code   100  fmul.o(.text)
    __aeabi_dmul                             0x08000279   Thumb Code   228  dmul.o(.text)
    __aeabi_i2f                              0x0800035d   Thumb Code    18  fflti.o(.text)
    __aeabi_i2d                              0x0800036f   Thumb Code    34  dflti.o(.text)
    __aeabi_f2iz                             0x08000391   Thumb Code    50  ffixi.o(.text)
    __aeabi_d2iz                             0x080003c3   Thumb Code    62  dfixi.o(.text)
    __aeabi_cdcmpeq                          0x08000401   Thumb Code     0  cdcmple.o(.text)
    __aeabi_cdcmple                          0x08000401   Thumb Code    48  cdcmple.o(.text)
    __aeabi_cdrcmple                         0x08000431   Thumb Code    48  cdrcmple.o(.text)
    __aeabi_uidiv                            0x08000461   Thumb Code     0  uidiv.o(.text)
    __aeabi_uidivmod                         0x08000461   Thumb Code    44  uidiv.o(.text)
    __aeabi_llsr                             0x0800048d   Thumb Code    32  llushr.o(.text)
    _ll_ushift_r                             0x0800048d   Thumb Code     0  llushr.o(.text)
    __I$use$fp                               0x080004ad   Thumb Code     0  iusefp.o(.text)
    _float_round                             0x080004ad   Thumb Code    18  fepilogue.o(.text)
    _float_epilogue                          0x080004bf   Thumb Code    92  fepilogue.o(.text)
    _double_round                            0x0800051b   Thumb Code    30  depilogue.o(.text)
    _double_epilogue                         0x08000539   Thumb Code   156  depilogue.o(.text)
    __scatterload                            0x080005d5   Thumb Code    28  init.o(.text)
    __scatterload_rt2                        0x080005d5   Thumb Code     0  init.o(.text)
    __aeabi_llsl                             0x080005f9   Thumb Code    30  llshl.o(.text)
    _ll_shift_l                              0x080005f9   Thumb Code     0  llshl.o(.text)
    BusFault_Handler                         0x08000617   Thumb Code     4  gd32f10x_it.o(i.BusFault_Handler)
    DebugMon_Handler                         0x0800061b   Thumb Code     4  gd32f10x_it.o(i.DebugMon_Handler)
    ENC_Read                                 0x0800061f   Thumb Code    32  enc_driver.o(i.ENC_Read)
    HardFault_Handler                        0x0800063f   Thumb Code     4  gd32f10x_it.o(i.HardFault_Handler)
    Judgeballposi                            0x08000645   Thumb Code   306  main.o(i.Judgeballposi)
    MemManage_Handler                        0x0800078d   Thumb Code     4  gd32f10x_it.o(i.MemManage_Handler)
    MotorCtrl3W                              0x08000791   Thumb Code   154  pwm_driver.o(i.MotorCtrl3W)
    Motor_Init                               0x08000835   Thumb Code   134  pwm_driver.o(i.Motor_Init)
    NMI_Handler                              0x080008c5   Thumb Code     4  gd32f10x_it.o(i.NMI_Handler)
    OLED_CLS                                 0x080008f1   Thumb Code    56  oled_driver.o(i.OLED_CLS)
    OLED_Init                                0x08000929   Thumb Code   328  oled_driver.o(i.OLED_Init)
    OLED_P6x8Str                             0x08000a79   Thumb Code    96  oled_driver.o(i.OLED_P6x8Str)
    OLED_Set_Pos                             0x08000add   Thumb Code    36  oled_driver.o(i.OLED_Set_Pos)
    OLED_WrCmd                               0x08000b01   Thumb Code   100  oled_driver.o(i.OLED_WrCmd)
    OLED_WrDat                               0x08000b6d   Thumb Code   100  oled_driver.o(i.OLED_WrDat)
    PendSV_Handler                           0x08000bd9   Thumb Code     4  gd32f10x_it.o(i.PendSV_Handler)
    Read_key                                 0x08000bdd   Thumb Code   162  key_driver.o(i.Read_key)
    SVC_Handler                              0x08000c89   Thumb Code     4  gd32f10x_it.o(i.SVC_Handler)
    SysTick_Handler                          0x08000c8d   Thumb Code     8  gd32f10x_it.o(i.SysTick_Handler)
    SystemInit                               0x08000c95   Thumb Code   196  system_gd32f10x.o(i.SystemInit)
    TIMER0_UP_IRQHandler                     0x08000d69   Thumb Code    16  gd32f10x_it.o(i.TIMER0_UP_IRQHandler)
    USART1_IRQHandler                        0x08000d7d   Thumb Code   114  gd32f10x_it.o(i.USART1_IRQHandler)
    USART2_IRQHandler                        0x08000e15   Thumb Code   126  gd32f10x_it.o(i.USART2_IRQHandler)
    USART2_Init                              0x08000eb1   Thumb Code   146  uart_driver.o(i.USART2_Init)
    UpdateState                              0x08000f4d   Thumb Code   164  main.o(i.UpdateState)
    UsageFault_Handler                       0x08000ff1   Thumb Code     4  gd32f10x_it.o(i.UsageFault_Handler)
    __0sprintf$6                             0x08000ff5   Thumb Code    34  printf6.o(i.__0sprintf$6)
    __1sprintf$6                             0x08000ff5   Thumb Code     0  printf6.o(i.__0sprintf$6)
    __2sprintf                               0x08000ff5   Thumb Code     0  printf6.o(i.__0sprintf$6)
    __scatterload_copy                       0x0800101d   Thumb Code    14  handlers.o(i.__scatterload_copy)
    __scatterload_null                       0x0800102b   Thumb Code     2  handlers.o(i.__scatterload_null)
    __scatterload_zeroinit                   0x0800102d   Thumb Code    14  handlers.o(i.__scatterload_zeroinit)
    clear_array                              0x08001389   Thumb Code    22  main.o(i.clear_array)
    delay_1ms                                0x080013a1   Thumb Code    16  systick.o(i.delay_1ms)
    delay_decrement                          0x080013b5   Thumb Code    18  systick.o(i.delay_decrement)
    encoder1_config                          0x080013cd   Thumb Code   142  enc_driver.o(i.encoder1_config)
    encoder2_config                          0x08001461   Thumb Code   132  enc_driver.o(i.encoder2_config)
    encoder3_config                          0x080014ed   Thumb Code   124  enc_driver.o(i.encoder3_config)
    gate_center                              0x0800156d   Thumb Code    96  main.o(i.gate_center)
    gpio_bit_reset                           0x080015d5   Thumb Code     4  gd32f10x_gpio.o(i.gpio_bit_reset)
    gpio_bit_set                             0x080015d9   Thumb Code     4  gd32f10x_gpio.o(i.gpio_bit_set)
    gpio_bit_write                           0x080015dd   Thumb Code    10  gd32f10x_gpio.o(i.gpio_bit_write)
    gpio_init                                0x080015e7   Thumb Code   172  gd32f10x_gpio.o(i.gpio_init)
    gpio_input_bit_get                       0x08001693   Thumb Code    16  gd32f10x_gpio.o(i.gpio_input_bit_get)
    gpio_pin_remap_config                    0x080016a5   Thumb Code   138  gd32f10x_gpio.o(i.gpio_pin_remap_config)
    key_init                                 0x08001735   Thumb Code   108  key_driver.o(i.key_init)
    led_init                                 0x080017a9   Thumb Code    36  led_driver.o(i.led_init)
    led_toggle                               0x080017d1   Thumb Code    32  led_driver.o(i.led_toggle)
    lq_oled_short_delay                      0x080017f5   Thumb Code    14  oled_driver.o(i.lq_oled_short_delay)
    main                                     0x08001805   Thumb Code  1198  main.o(i.main)
    nvic_irq_enable                          0x08001cb5   Thumb Code   162  gd32f10x_misc.o(i.nvic_irq_enable)
    nvic_priority_group_set                  0x08001d61   Thumb Code    10  gd32f10x_misc.o(i.nvic_priority_group_set)
    nvic_vector_table_set                    0x08001d75   Thumb Code    16  gd32f10x_misc.o(i.nvic_vector_table_set)
    pid_speed                                0x08001d8d   Thumb Code   380  pid.o(i.pid_speed)
    pid_speed_both_ENC                       0x08001f19   Thumb Code   382  pid.o(i.pid_speed_both_ENC)
    queue_push                               0x080020a9   Thumb Code    30  pid.o(i.queue_push)
    queue_sum                                0x080020c7   Thumb Code    28  pid.o(i.queue_sum)
    rcu_ahb_clock_config                     0x080020e5   Thumb Code    18  gd32f10x_rcu.o(i.rcu_ahb_clock_config)
    rcu_clock_freq_get                       0x080020fd   Thumb Code   264  gd32f10x_rcu.o(i.rcu_clock_freq_get)
    rcu_periph_clock_enable                  0x08002221   Thumb Code    28  gd32f10x_rcu.o(i.rcu_periph_clock_enable)
    rcu_periph_reset_disable                 0x08002241   Thumb Code    28  gd32f10x_rcu.o(i.rcu_periph_reset_disable)
    rcu_periph_reset_enable                  0x08002261   Thumb Code    28  gd32f10x_rcu.o(i.rcu_periph_reset_enable)
    systick_config                           0x0800234d   Thumb Code    74  systick.o(i.systick_config)
    timer_auto_reload_shadow_enable          0x0800239d   Thumb Code    10  gd32f10x_timer.o(i.timer_auto_reload_shadow_enable)
    timer_channel_output_config              0x080023a9   Thumb Code   484  gd32f10x_timer.o(i.timer_channel_output_config)
    timer_channel_output_mode_config         0x08002595   Thumb Code    90  gd32f10x_timer.o(i.timer_channel_output_mode_config)
    timer_channel_output_pulse_value_config  0x080025ef   Thumb Code    38  gd32f10x_timer.o(i.timer_channel_output_pulse_value_config)
    timer_channel_output_shadow_config       0x08002615   Thumb Code    90  gd32f10x_timer.o(i.timer_channel_output_shadow_config)
    timer_config                             0x08002671   Thumb Code   236  pwm_driver.o(i.timer_config)
    timer_counter_value_config               0x08002761   Thumb Code     4  gd32f10x_timer.o(i.timer_counter_value_config)
    timer_deinit                             0x08002765   Thumb Code   210  gd32f10x_timer.o(i.timer_deinit)
    timer_enable                             0x08002841   Thumb Code    10  gd32f10x_timer.o(i.timer_enable)
    timer_flag_clear                         0x0800284b   Thumb Code     6  gd32f10x_timer.o(i.timer_flag_clear)
    timer_init                               0x08002851   Thumb Code   170  gd32f10x_timer.o(i.timer_init)
    timer_primary_output_config              0x08002931   Thumb Code    24  gd32f10x_timer.o(i.timer_primary_output_config)
    timer_quadrature_decoder_mode_config     0x08002949   Thumb Code    64  gd32f10x_timer.o(i.timer_quadrature_decoder_mode_config)
    usart_baudrate_set                       0x08002989   Thumb Code   136  gd32f10x_usart.o(i.usart_baudrate_set)
    usart_data_receive                       0x08002a19   Thumb Code    10  gd32f10x_usart.o(i.usart_data_receive)
    usart_data_transmit                      0x08002a23   Thumb Code     8  gd32f10x_usart.o(i.usart_data_transmit)
    usart_deinit                             0x08002a2d   Thumb Code   136  gd32f10x_usart.o(i.usart_deinit)
    usart_enable                             0x08002abd   Thumb Code    10  gd32f10x_usart.o(i.usart_enable)
    usart_hardware_flow_cts_config           0x08002ac7   Thumb Code    20  gd32f10x_usart.o(i.usart_hardware_flow_cts_config)
    usart_hardware_flow_rts_config           0x08002adb   Thumb Code    20  gd32f10x_usart.o(i.usart_hardware_flow_rts_config)
    usart_interrupt_disable                  0x08002aef   Thumb Code    26  gd32f10x_usart.o(i.usart_interrupt_disable)
    usart_interrupt_enable                   0x08002b09   Thumb Code    26  gd32f10x_usart.o(i.usart_interrupt_enable)
    usart_interrupt_flag_get                 0x08002b23   Thumb Code    56  gd32f10x_usart.o(i.usart_interrupt_flag_get)
    usart_parity_config                      0x08002b5b   Thumb Code    16  gd32f10x_usart.o(i.usart_parity_config)
    usart_receive_config                     0x08002b6b   Thumb Code    16  gd32f10x_usart.o(i.usart_receive_config)
    usart_stop_bit_set                       0x08002b7b   Thumb Code    16  gd32f10x_usart.o(i.usart_stop_bit_set)
    usart_transmit_config                    0x08002b8b   Thumb Code    16  gd32f10x_usart.o(i.usart_transmit_config)
    usart_word_length_set                    0x08002b9b   Thumb Code    16  gd32f10x_usart.o(i.usart_word_length_set)
    F6x8                                     0x08002baa   Data         552  oled_driver.o(.constdata)
    F8X16                                    0x08002dd2   Data        1520  oled_driver.o(.constdata)
    Region$$Table$$Base                      0x080033c4   Number         0  anon$$obj.o(Region$$Table)
    Region$$Table$$Limit                     0x080033e4   Number         0  anon$$obj.o(Region$$Table)
    SystemCoreClock                          0x20000000   Data           4  system_gd32f10x.o(.data)
    receive_ball_cx                          0x2000000c   Data           4  main.o(.data)
    receive_gate_cx                          0x20000010   Data           4  main.o(.data)
    receive_ball_dis_flag                    0x20000014   Data           4  main.o(.data)
    transmitter_buffer1                      0x2000001c   Data          11  uart_driver.o(.data)
    transfersize1                            0x20000027   Data           1  uart_driver.o(.data)
    receivesize1                             0x20000028   Data           1  uart_driver.o(.data)
    txcount1                                 0x20000029   Data           1  uart_driver.o(.data)
    rxcount1                                 0x2000002a   Data           2  uart_driver.o(.data)
    USART_Rx_Len                             0x2000002c   Data           2  uart_driver.o(.data)
    USART_Rx_Count                           0x2000002e   Data           2  uart_driver.o(.data)
    USART_Tx_Len                             0x20000030   Data           2  uart_driver.o(.data)
    USART_Tx_Count                           0x20000032   Data           2  uart_driver.o(.data)
    receive_data                             0x20000034   Data          24  gd32f10x_it.o(.bss)
    receiver_buffer1                         0x2000004c   Data          32  uart_driver.o(.bss)
    USART_Rx_Buf                             0x2000006c   Data          64  uart_driver.o(.bss)
    USART_Tx_Buf                             0x200000ac   Data          64  uart_driver.o(.bss)
    __initial_sp                             0x200004f0   Data           0  startup_gd32f10x_md.o(STACK)



==============================================================================

Memory Map of the image

  Image Entry point : 0x08000105

  Load Region LR_IROM1 (Base: 0x08000000, Size: 0x00003418, Max: 0x00010000, ABSOLUTE)

    Execution Region ER_IROM1 (Exec base: 0x08000000, Load base: 0x08000000, Size: 0x000033e4, Max: 0x00010000, ABSOLUTE)

    Exec Addr    Load Addr    Size         Type   Attr      Idx    E Section Name        Object

    0x08000000   0x08000000   0x00000104   Data   RO          133    RESET               startup_gd32f10x_md.o
    0x08000104   0x08000104   0x00000000   Code   RO         4364  * .ARM.Collect$$$$00000000  mc_w.l(entry.o)
    0x08000104   0x08000104   0x00000004   Code   RO         4654    .ARM.Collect$$$$00000001  mc_w.l(entry2.o)
    0x08000108   0x08000108   0x00000004   Code   RO         4657    .ARM.Collect$$$$00000004  mc_w.l(entry5.o)
    0x0800010c   0x0800010c   0x00000000   Code   RO         4659    .ARM.Collect$$$$00000008  mc_w.l(entry7b.o)
    0x0800010c   0x0800010c   0x00000000   Code   RO         4661    .ARM.Collect$$$$0000000A  mc_w.l(entry8b.o)
    0x0800010c   0x0800010c   0x00000008   Code   RO         4662    .ARM.Collect$$$$0000000B  mc_w.l(entry9a.o)
    0x08000114   0x08000114   0x00000004   Code   RO         4669    .ARM.Collect$$$$0000000E  mc_w.l(entry12b.o)
    0x08000118   0x08000118   0x00000000   Code   RO         4664    .ARM.Collect$$$$0000000F  mc_w.l(entry10a.o)
    0x08000118   0x08000118   0x00000000   Code   RO         4666    .ARM.Collect$$$$00000011  mc_w.l(entry11a.o)
    0x08000118   0x08000118   0x00000004   Code   RO         4655    .ARM.Collect$$$$00002712  mc_w.l(entry2.o)
    0x0800011c   0x0800011c   0x00000024   Code   RO          134    .text               startup_gd32f10x_md.o
    0x08000140   0x08000140   0x00000024   Code   RO         4367    .text               mc_w.l(memseta.o)
    0x08000164   0x08000164   0x000000b0   Code   RO         4630    .text               mf_w.l(fadd.o)
    0x08000214   0x08000214   0x00000064   Code   RO         4632    .text               mf_w.l(fmul.o)
    0x08000278   0x08000278   0x000000e4   Code   RO         4636    .text               mf_w.l(dmul.o)
    0x0800035c   0x0800035c   0x00000012   Code   RO         4638    .text               mf_w.l(fflti.o)
    0x0800036e   0x0800036e   0x00000022   Code   RO         4642    .text               mf_w.l(dflti.o)
    0x08000390   0x08000390   0x00000032   Code   RO         4644    .text               mf_w.l(ffixi.o)
    0x080003c2   0x080003c2   0x0000003e   Code   RO         4648    .text               mf_w.l(dfixi.o)
    0x08000400   0x08000400   0x00000030   Code   RO         4650    .text               mf_w.l(cdcmple.o)
    0x08000430   0x08000430   0x00000030   Code   RO         4652    .text               mf_w.l(cdrcmple.o)
    0x08000460   0x08000460   0x0000002c   Code   RO         4671    .text               mc_w.l(uidiv.o)
    0x0800048c   0x0800048c   0x00000020   Code   RO         4675    .text               mc_w.l(llushr.o)
    0x080004ac   0x080004ac   0x00000000   Code   RO         4677    .text               mc_w.l(iusefp.o)
    0x080004ac   0x080004ac   0x0000006e   Code   RO         4678    .text               mf_w.l(fepilogue.o)
    0x0800051a   0x0800051a   0x000000ba   Code   RO         4680    .text               mf_w.l(depilogue.o)
    0x080005d4   0x080005d4   0x00000024   Code   RO         4688    .text               mc_w.l(init.o)
    0x080005f8   0x080005f8   0x0000001e   Code   RO         4690    .text               mc_w.l(llshl.o)
    0x08000616   0x08000616   0x00000004   Code   RO         3664    i.BusFault_Handler  gd32f10x_it.o
    0x0800061a   0x0800061a   0x00000004   Code   RO         3665    i.DebugMon_Handler  gd32f10x_it.o
    0x0800061e   0x0800061e   0x00000020   Code   RO         4116    i.ENC_Read          enc_driver.o
    0x0800063e   0x0800063e   0x00000004   Code   RO         3666    i.HardFault_Handler  gd32f10x_it.o
    0x08000642   0x08000642   0x00000002   PAD
    0x08000644   0x08000644   0x00000148   Code   RO         3767    i.Judgeballposi     main.o
    0x0800078c   0x0800078c   0x00000004   Code   RO         3667    i.MemManage_Handler  gd32f10x_it.o
    0x08000790   0x08000790   0x000000a4   Code   RO         4242    i.MotorCtrl3W       pwm_driver.o
    0x08000834   0x08000834   0x00000090   Code   RO         4243    i.Motor_Init        pwm_driver.o
    0x080008c4   0x080008c4   0x00000004   Code   RO         3668    i.NMI_Handler       gd32f10x_it.o
    0x080008c8   0x080008c8   0x00000028   Code   RO         3846    i.NVIC_SetPriority  systick.o
    0x080008f0   0x080008f0   0x00000038   Code   RO         3995    i.OLED_CLS          oled_driver.o
    0x08000928   0x08000928   0x00000150   Code   RO         3998    i.OLED_Init         oled_driver.o
    0x08000a78   0x08000a78   0x00000064   Code   RO         3999    i.OLED_P6x8Str      oled_driver.o
    0x08000adc   0x08000adc   0x00000024   Code   RO         4003    i.OLED_Set_Pos      oled_driver.o
    0x08000b00   0x08000b00   0x0000006c   Code   RO         4005    i.OLED_WrCmd        oled_driver.o
    0x08000b6c   0x08000b6c   0x0000006c   Code   RO         4006    i.OLED_WrDat        oled_driver.o
    0x08000bd8   0x08000bd8   0x00000004   Code   RO         3669    i.PendSV_Handler    gd32f10x_it.o
    0x08000bdc   0x08000bdc   0x000000ac   Code   RO         3963    i.Read_key          key_driver.o
    0x08000c88   0x08000c88   0x00000004   Code   RO         3670    i.SVC_Handler       gd32f10x_it.o
    0x08000c8c   0x08000c8c   0x00000008   Code   RO         3671    i.SysTick_Handler   gd32f10x_it.o
    0x08000c94   0x08000c94   0x000000d4   Code   RO            3    i.SystemInit        system_gd32f10x.o
    0x08000d68   0x08000d68   0x00000014   Code   RO         3672    i.TIMER0_UP_IRQHandler  gd32f10x_it.o
    0x08000d7c   0x08000d7c   0x00000098   Code   RO         3673    i.USART1_IRQHandler  gd32f10x_it.o
    0x08000e14   0x08000e14   0x0000009c   Code   RO         3674    i.USART2_IRQHandler  gd32f10x_it.o
    0x08000eb0   0x08000eb0   0x0000009c   Code   RO         4158    i.USART2_Init       uart_driver.o
    0x08000f4c   0x08000f4c   0x000000a4   Code   RO         3768    i.UpdateState       main.o
    0x08000ff0   0x08000ff0   0x00000004   Code   RO         3675    i.UsageFault_Handler  gd32f10x_it.o
    0x08000ff4   0x08000ff4   0x00000028   Code   RO         4526    i.__0sprintf$6      mc_w.l(printf6.o)
    0x0800101c   0x0800101c   0x0000000e   Code   RO         4696    i.__scatterload_copy  mc_w.l(handlers.o)
    0x0800102a   0x0800102a   0x00000002   Code   RO         4697    i.__scatterload_null  mc_w.l(handlers.o)
    0x0800102c   0x0800102c   0x0000000e   Code   RO         4698    i.__scatterload_zeroinit  mc_w.l(handlers.o)
    0x0800103a   0x0800103a   0x00000002   PAD
    0x0800103c   0x0800103c   0x000002f0   Code   RO         4531    i._printf_core      mc_w.l(printf6.o)
    0x0800132c   0x0800132c   0x00000024   Code   RO         4532    i._printf_post_padding  mc_w.l(printf6.o)
    0x08001350   0x08001350   0x0000002e   Code   RO         4533    i._printf_pre_padding  mc_w.l(printf6.o)
    0x0800137e   0x0800137e   0x0000000a   Code   RO         4535    i._sputc            mc_w.l(printf6.o)
    0x08001388   0x08001388   0x00000016   Code   RO         3769    i.clear_array       main.o
    0x0800139e   0x0800139e   0x00000002   PAD
    0x080013a0   0x080013a0   0x00000014   Code   RO         3847    i.delay_1ms         systick.o
    0x080013b4   0x080013b4   0x00000018   Code   RO         3848    i.delay_decrement   systick.o
    0x080013cc   0x080013cc   0x00000094   Code   RO         4117    i.encoder1_config   enc_driver.o
    0x08001460   0x08001460   0x0000008c   Code   RO         4118    i.encoder2_config   enc_driver.o
    0x080014ec   0x080014ec   0x00000080   Code   RO         4119    i.encoder3_config   enc_driver.o
    0x0800156c   0x0800156c   0x00000068   Code   RO         3770    i.gate_center       main.o
    0x080015d4   0x080015d4   0x00000004   Code   RO         1632    i.gpio_bit_reset    gd32f10x_gpio.o
    0x080015d8   0x080015d8   0x00000004   Code   RO         1633    i.gpio_bit_set      gd32f10x_gpio.o
    0x080015dc   0x080015dc   0x0000000a   Code   RO         1634    i.gpio_bit_write    gd32f10x_gpio.o
    0x080015e6   0x080015e6   0x000000ac   Code   RO         1640    i.gpio_init         gd32f10x_gpio.o
    0x08001692   0x08001692   0x00000010   Code   RO         1641    i.gpio_input_bit_get  gd32f10x_gpio.o
    0x080016a2   0x080016a2   0x00000002   PAD
    0x080016a4   0x080016a4   0x00000090   Code   RO         1646    i.gpio_pin_remap_config  gd32f10x_gpio.o
    0x08001734   0x08001734   0x00000074   Code   RO         3964    i.key_init          key_driver.o
    0x080017a8   0x080017a8   0x00000028   Code   RO         3925    i.led_init          led_driver.o
    0x080017d0   0x080017d0   0x00000024   Code   RO         3928    i.led_toggle        led_driver.o
    0x080017f4   0x080017f4   0x0000000e   Code   RO         4008    i.lq_oled_short_delay  oled_driver.o
    0x08001802   0x08001802   0x00000002   PAD
    0x08001804   0x08001804   0x000004ae   Code   RO         3771    i.main              main.o
    0x08001cb2   0x08001cb2   0x00000002   PAD
    0x08001cb4   0x08001cb4   0x000000ac   Code   RO         1948    i.nvic_irq_enable   gd32f10x_misc.o
    0x08001d60   0x08001d60   0x00000014   Code   RO         1949    i.nvic_priority_group_set  gd32f10x_misc.o
    0x08001d74   0x08001d74   0x00000018   Code   RO         1950    i.nvic_vector_table_set  gd32f10x_misc.o
    0x08001d8c   0x08001d8c   0x0000018c   Code   RO         3893    i.pid_speed         pid.o
    0x08001f18   0x08001f18   0x00000190   Code   RO         3894    i.pid_speed_both_ENC  pid.o
    0x080020a8   0x080020a8   0x0000001e   Code   RO         3895    i.queue_push        pid.o
    0x080020c6   0x080020c6   0x0000001c   Code   RO         3896    i.queue_sum         pid.o
    0x080020e2   0x080020e2   0x00000002   PAD
    0x080020e4   0x080020e4   0x00000018   Code   RO         2091    i.rcu_ahb_clock_config  gd32f10x_rcu.o
    0x080020fc   0x080020fc   0x00000124   Code   RO         2098    i.rcu_clock_freq_get  gd32f10x_rcu.o
    0x08002220   0x08002220   0x00000020   Code   RO         2115    i.rcu_periph_clock_enable  gd32f10x_rcu.o
    0x08002240   0x08002240   0x00000020   Code   RO         2118    i.rcu_periph_reset_disable  gd32f10x_rcu.o
    0x08002260   0x08002260   0x00000020   Code   RO         2119    i.rcu_periph_reset_enable  gd32f10x_rcu.o
    0x08002280   0x08002280   0x000000c4   Code   RO            4    i.system_clock_72m_hxtal  system_gd32f10x.o
    0x08002344   0x08002344   0x00000008   Code   RO            5    i.system_clock_config  system_gd32f10x.o
    0x0800234c   0x0800234c   0x00000050   Code   RO         3850    i.systick_config    systick.o
    0x0800239c   0x0800239c   0x0000000a   Code   RO         2909    i.timer_auto_reload_shadow_enable  gd32f10x_timer.o
    0x080023a6   0x080023a6   0x00000002   PAD
    0x080023a8   0x080023a8   0x000001ec   Code   RO         2926    i.timer_channel_output_config  gd32f10x_timer.o
    0x08002594   0x08002594   0x0000005a   Code   RO         2928    i.timer_channel_output_mode_config  gd32f10x_timer.o
    0x080025ee   0x080025ee   0x00000026   Code   RO         2930    i.timer_channel_output_pulse_value_config  gd32f10x_timer.o
    0x08002614   0x08002614   0x0000005a   Code   RO         2931    i.timer_channel_output_shadow_config  gd32f10x_timer.o
    0x0800266e   0x0800266e   0x00000002   PAD
    0x08002670   0x08002670   0x000000f0   Code   RO         4245    i.timer_config      pwm_driver.o
    0x08002760   0x08002760   0x00000004   Code   RO         2938    i.timer_counter_value_config  gd32f10x_timer.o
    0x08002764   0x08002764   0x000000dc   Code   RO         2939    i.timer_deinit      gd32f10x_timer.o
    0x08002840   0x08002840   0x0000000a   Code   RO         2944    i.timer_enable      gd32f10x_timer.o
    0x0800284a   0x0800284a   0x00000006   Code   RO         2951    i.timer_flag_clear  gd32f10x_timer.o
    0x08002850   0x08002850   0x000000e0   Code   RO         2954    i.timer_init        gd32f10x_timer.o
    0x08002930   0x08002930   0x00000018   Code   RO         2968    i.timer_primary_output_config  gd32f10x_timer.o
    0x08002948   0x08002948   0x00000040   Code   RO         2969    i.timer_quadrature_decoder_mode_config  gd32f10x_timer.o
    0x08002988   0x08002988   0x00000090   Code   RO         3337    i.usart_baudrate_set  gd32f10x_usart.o
    0x08002a18   0x08002a18   0x0000000a   Code   RO         3338    i.usart_data_receive  gd32f10x_usart.o
    0x08002a22   0x08002a22   0x00000008   Code   RO         3339    i.usart_data_transmit  gd32f10x_usart.o
    0x08002a2a   0x08002a2a   0x00000002   PAD
    0x08002a2c   0x08002a2c   0x00000090   Code   RO         3340    i.usart_deinit      gd32f10x_usart.o
    0x08002abc   0x08002abc   0x0000000a   Code   RO         3344    i.usart_enable      gd32f10x_usart.o
    0x08002ac6   0x08002ac6   0x00000014   Code   RO         3350    i.usart_hardware_flow_cts_config  gd32f10x_usart.o
    0x08002ada   0x08002ada   0x00000014   Code   RO         3351    i.usart_hardware_flow_rts_config  gd32f10x_usart.o
    0x08002aee   0x08002aee   0x0000001a   Code   RO         3352    i.usart_interrupt_disable  gd32f10x_usart.o
    0x08002b08   0x08002b08   0x0000001a   Code   RO         3353    i.usart_interrupt_enable  gd32f10x_usart.o
    0x08002b22   0x08002b22   0x00000038   Code   RO         3355    i.usart_interrupt_flag_get  gd32f10x_usart.o
    0x08002b5a   0x08002b5a   0x00000010   Code   RO         3365    i.usart_parity_config  gd32f10x_usart.o
    0x08002b6a   0x08002b6a   0x00000010   Code   RO         3367    i.usart_receive_config  gd32f10x_usart.o
    0x08002b7a   0x08002b7a   0x00000010   Code   RO         3373    i.usart_stop_bit_set  gd32f10x_usart.o
    0x08002b8a   0x08002b8a   0x00000010   Code   RO         3377    i.usart_transmit_config  gd32f10x_usart.o
    0x08002b9a   0x08002b9a   0x00000010   Code   RO         3378    i.usart_word_length_set  gd32f10x_usart.o
    0x08002baa   0x08002baa   0x00000818   Data   RO         4009    .constdata          oled_driver.o
    0x080033c2   0x080033c2   0x00000002   PAD
    0x080033c4   0x080033c4   0x00000020   Data   RO         4694    Region$$Table       anon$$obj.o


    Execution Region RW_IRAM1 (Exec base: 0x20000000, Load base: 0x080033e4, Size: 0x000004f0, Max: 0x00005000, ABSOLUTE)

    Exec Addr    Load Addr    Size         Type   Attr      Idx    E Section Name        Object

    0x20000000   0x080033e4   0x00000004   Data   RW            6    .data               system_gd32f10x.o
    0x20000004   0x080033e8   0x00000008   Data   RW         3677    .data               gd32f10x_it.o
    0x2000000c   0x080033f0   0x0000000c   Data   RW         3772    .data               main.o
    0x20000018   0x080033fc   0x00000004   Data   RW         3851    .data               systick.o
    0x2000001c   0x08003400   0x00000018   Data   RW         4165    .data               uart_driver.o
    0x20000034        -       0x00000018   Zero   RW         3676    .bss                gd32f10x_it.o
    0x2000004c        -       0x000000a0   Zero   RW         4164    .bss                uart_driver.o
    0x200000ec   0x08003418   0x00000004   PAD
    0x200000f0        -       0x00000400   Zero   RW          131    STACK               startup_gd32f10x_md.o


==============================================================================

Image component sizes


      Code (inc. data)   RO Data    RW Data    ZI Data      Debug   Object Name

       448         18          0          0          0       2261   enc_driver.o
       350          6          0          0          0       3910   gd32f10x_gpio.o
       368         72          0          8         24       6935   gd32f10x_it.o
       216         28          0          0          0       1872   gd32f10x_misc.o
       412         46          0          0          0       3211   gd32f10x_rcu.o
      1272         72          0          0          0       8194   gd32f10x_timer.o
       544         16          0          0          0       8836   gd32f10x_usart.o
       288         24          0          0          0       1906   key_driver.o
        76          8          0          0          0        932   led_driver.o
      1816        118          0         12          0       5173   main.o
       758         28       2072          0          0       5094   oled_driver.o
       854         34          0          0          0       4230   pid.o
       548         24          0          0          0       1858   pwm_driver.o
        36          8        260          0       1024        804   startup_gd32f10x_md.o
       416         30          0          4          0      48415   system_gd32f10x.o
       164         24          0          4          0      24530   systick.o
       156         10          0         24        160       2168   uart_driver.o

    ----------------------------------------------------------------------
      8740        566       2366         52       1212     130329   Object Totals
         0          0         32          0          0          0   (incl. Generated)
        18          0          2          0          4          0   (incl. Padding)

    ----------------------------------------------------------------------

      Code (inc. data)   RO Data    RW Data    ZI Data      Debug   Library Member Name

         0          0          0          0          0          0   entry.o
         0          0          0          0          0          0   entry10a.o
         0          0          0          0          0          0   entry11a.o
         4          0          0          0          0          0   entry12b.o
         8          4          0          0          0          0   entry2.o
         4          0          0          0          0          0   entry5.o
         0          0          0          0          0          0   entry7b.o
         0          0          0          0          0          0   entry8b.o
         8          4          0          0          0          0   entry9a.o
        30          0          0          0          0          0   handlers.o
        36          8          0          0          0         68   init.o
         0          0          0          0          0          0   iusefp.o
        30          0          0          0          0         68   llshl.o
        32          0          0          0          0         68   llushr.o
        36          0          0          0          0        108   memseta.o
       884         10          0          0          0        420   printf6.o
        44          0          0          0          0         80   uidiv.o
        48          0          0          0          0         68   cdcmple.o
        48          0          0          0          0         68   cdrcmple.o
       186          0          0          0          0        176   depilogue.o
        62          0          0          0          0         80   dfixi.o
        34          0          0          0          0         76   dflti.o
       228          0          0          0          0         96   dmul.o
       176          0          0          0          0        140   fadd.o
       110          0          0          0          0        168   fepilogue.o
        50          0          0          0          0         68   ffixi.o
        18          0          0          0          0         68   fflti.o
       100          0          0          0          0         76   fmul.o

    ----------------------------------------------------------------------
      2178         26          0          0          0       1896   Library Totals
         2          0          0          0          0          0   (incl. Padding)

    ----------------------------------------------------------------------

      Code (inc. data)   RO Data    RW Data    ZI Data      Debug   Library Name

      1116         26          0          0          0        812   mc_w.l
      1060          0          0          0          0       1084   mf_w.l

    ----------------------------------------------------------------------
      2178         26          0          0          0       1896   Library Totals

    ----------------------------------------------------------------------

==============================================================================


      Code (inc. data)   RO Data    RW Data    ZI Data      Debug   

     10918        592       2366         52       1212     127021   Grand Totals
     10918        592       2366         52       1212     127021   ELF Image Totals
     10918        592       2366         52          0          0   ROM Totals

==============================================================================

    Total RO  Size (Code + RO Data)                13284 (  12.97kB)
    Total RW  Size (RW Data + ZI Data)              1264 (   1.23kB)
    Total ROM Size (Code + RO Data + RW Data)      13336 (  13.02kB)

==============================================================================

